Representation: Two-rowed representation (3, 1) of B4, over F2
Tracker initialised with bucket size 10, random seed 8.
Bootstrapping up to Garside length 3 (982 braids)...
Bootstrapping took 0.04 seconds
Initial buckets:
     bucket  count  length  projlen  rhogap/length  reservoir_count
10   (1, 3)     10       1        3       1.000000               10
5    (1, 4)     10       1        4       1.500000               12
0    (2, 4)      2       2        4       0.750000                2
9    (2, 5)     10       2        5       1.000000               54
6    (2, 6)     10       2        6       1.250000               76
2    (2, 7)     10       2        7       1.500000               32
11   (3, 5)      2       3        5       0.666667                2
8    (3, 6)     10       3        6       0.833333               20
3    (3, 7)     10       3        7       1.000000              264
1    (3, 8)     10       3        8       1.166667              348
7    (3, 9)     10       3        9       1.333333              288
4   (3, 10)     10       3       10       1.500000               60

Proceeding on to search in 1 seconds...

------- Length 3
Selected 52 braids of length 3:
    bucket  count  length  projlen  rhogap/length  reservoir_count
0   (3, 5)      2       3        5       0.666667                2
1   (3, 6)     10       3        6       0.833333               20
2   (3, 7)     10       3        7       1.000000              264
3   (3, 8)     10       3        8       1.166667              348
4   (3, 9)     10       3        9       1.333333              288
5  (3, 10)     10       3       10       1.500000               60

Moving braids forward by 1 GNF letters...
   Done in 0.02 seconds.

------- Length 4
Selected 78 braids of length 4:
    bucket  count  length  projlen  rhogap/length  reservoir_count
0   (4, 5)      8       4        5          0.500                8
1   (4, 7)     10       4        7          0.750               25
2   (4, 8)     10       4        8          0.875               38
3   (4, 9)     10       4        9          1.000               77
4  (4, 10)     10       4       10          1.125               65
5  (4, 11)     10       4       11          1.250               53
6  (4, 12)     10       4       12          1.375               53
7  (4, 13)     10       4       13          1.500               23

Moving braids forward by 1 GNF letters...
   Done in 0.02 seconds.

------- Length 5
Selected 97 braids of length 5:
    bucket  count  length  projlen  rhogap/length  reservoir_count
0   (5, 5)     10       5        5            0.4               12
1   (5, 6)      7       5        6            0.5                7
2   (5, 7)     10       5        7            0.6               28
3   (5, 8)     10       5        8            0.7               50
4   (5, 9)     10       5        9            0.8               28
5  (5, 10)     10       5       10            0.9               55
6  (5, 11)     10       5       11            1.0               59
7  (5, 12)     10       5       12            1.1               59
8  (5, 13)     10       5       13            1.2               66
9  (5, 14)     10       5       14            1.3               52

Moving braids forward by 1 GNF letters...
   Done in 0.03 seconds.

------- Length 6
Selected 95 braids of length 6:
    bucket  count  length  projlen  rhogap/length  reservoir_count
0   (6, 4)      5       6        4       0.250000                5
1   (6, 5)     10       6        5       0.333333               11
2   (6, 6)     10       6        6       0.416667               25
3   (6, 7)     10       6        7       0.500000               58
4   (6, 8)     10       6        8       0.583333               50
5   (6, 9)     10       6        9       0.666667               63
6  (6, 10)     10       6       10       0.750000               61
7  (6, 11)     10       6       11       0.833333               47
8  (6, 12)     10       6       12       0.916667               64
9  (6, 13)     10       6       13       1.000000               67

Moving braids forward by 1 GNF letters...
   Done in 0.03 seconds.

------- Length 7
Selected 92 braids of length 7:
    bucket  count  length  projlen  rhogap/length  reservoir_count
0   (7, 3)     10       7        3       0.142857               11
1   (7, 4)      2       7        4       0.214286                2
2   (7, 5)     10       7        5       0.285714               54
3   (7, 6)     10       7        6       0.357143               20
4   (7, 7)     10       7        7       0.428571               70
5   (7, 8)     10       7        8       0.500000               49
6   (7, 9)     10       7        9       0.571429               71
7  (7, 10)     10       7       10       0.642857               54
8  (7, 11)     10       7       11       0.714286               58
9  (7, 12)     10       7       12       0.785714               63

Moving braids forward by 1 GNF letters...
   Done in 0.03 seconds.

------- Length 8
Found kernel elements:
(n=4, r=1, p=2) near-kernel element: Garside length 8, Garside form (0, [(1, 3, 0, 2), (2, 0, 3, 1), (1, 3, 0, 2), (2, 0, 3, 1), (1, 3, 0, 2), (2, 0, 3, 1), (1, 3, 0, 2), (2, 0, 3, 1)])
(n=4, r=1, p=2) near-kernel element: Garside length 8, Garside form (0, [(2, 0, 3, 1), (1, 3, 0, 2), (2, 0, 3, 1), (1, 3, 0, 2), (2, 0, 3, 1), (1, 3, 0, 2), (2, 0, 3, 1), (1, 3, 0, 2)])
(n=4, r=1, p=2) near-kernel element: Garside length 8, Garside form (0, [(2, 0, 3, 1), (1, 3, 0, 2), (0, 2, 1, 3), (2, 0, 3, 1), (1, 3, 0, 2), (2, 0, 3, 1), (3, 1, 2, 0), (1, 3, 0, 2)])
(n=4, r=1, p=2) near-kernel element: Garside length 8, Garside form (0, [(3, 1, 2, 0), (1, 3, 0, 2), (2, 0, 3, 1), (1, 3, 0, 2), (0, 2, 1, 3), (2, 0, 3, 1), (1, 3, 0, 2), (2, 0, 3, 1)])
(n=4, r=1, p=2) near-kernel element: Garside length 8, Garside form (0, [(1, 3, 0, 2), (0, 2, 1, 3), (2, 0, 3, 1), (1, 3, 0, 2), (2, 0, 3, 1), (3, 1, 2, 0), (1, 3, 0, 2), (2, 0, 3, 1)])
(n=4, r=1, p=2) near-kernel element: Garside length 8, Garside form (0, [(1, 3, 0, 2), (2, 0, 3, 1), (1, 3, 0, 2), (0, 2, 1, 3), (2, 0, 3, 1), (1, 3, 0, 2), (2, 0, 3, 1), (3, 1, 2, 0)])
(n=4, r=1, p=2) near-kernel element: Garside length 8, Garside form (0, [(1, 3, 0, 2), (2, 0, 3, 1), (1, 3, 0, 2), (2, 3, 0, 1), (2, 0, 3, 1), (1, 3, 0, 2), (2, 0, 3, 1), (1, 0, 3, 2)])
(n=4, r=1, p=2) near-kernel element: Garside length 8, Garside form (0, [(2, 0, 3, 1), (1, 3, 0, 2), (2, 0, 3, 1), (1, 0, 3, 2), (1, 3, 0, 2), (2, 0, 3, 1), (1, 3, 0, 2), (2, 3, 0, 1)])
(n=4, r=1, p=2) near-kernel element: Garside length 8, Garside form (0, [(2, 0, 3, 1), (1, 3, 0, 2), (2, 0, 3, 1), (3, 1, 2, 0), (1, 3, 0, 2), (2, 0, 3, 1), (1, 3, 0, 2), (0, 2, 1, 3)])
(n=4, r=1, p=2) near-kernel element: Garside length 8, Garside form (0, [(2, 0, 3, 1), (1, 3, 0, 2), (2, 3, 0, 1), (2, 0, 3, 1), (1, 3, 0, 2), (2, 0, 3, 1), (1, 0, 3, 2), (1, 3, 0, 2)])
Selected 100 braids of length 8:
    bucket  count  length  projlen  rhogap/length  reservoir_count
0   (8, 1)     10       8        1         0.0000               10
1   (8, 3)     10       8        3         0.1250               40
2   (8, 4)     10       8        4         0.1875               17
3   (8, 5)     10       8        5         0.2500               31
4   (8, 6)     10       8        6         0.3125               21
5   (8, 7)     10       8        7         0.3750               63
6   (8, 8)     10       8        8         0.4375               42
7   (8, 9)     10       8        9         0.5000               60
8  (8, 10)     10       8       10         0.5625               43
9  (8, 11)     10       8       11         0.6250               57

Moving braids forward by 1 GNF letters...
   Done in 0.02 seconds.
