{"epoch": 1, "train": {"loss": 0.9537745708371104, "cross_entropy": 0.9185312451694161, "brier": 0.40190304458163323, "correct": 0.6842018942966092}, "validation": {"loss": 0.3994688616792854, "cross_entropy": 0.38035338080747744, "brier": 0.19688593901515106, "correct": 0.8668320926385442}}
{"epoch": 2, "train": {"loss": 0.35020674085396136, "cross_entropy": 0.33338691372826235, "brier": 0.16972302040362047, "correct": 0.8855426626757965}, "validation": {"loss": 0.23023302549168134, "cross_entropy": 0.2194772742423664, "brier": 0.11125555614285276, "correct": 0.9269644334160463}}
{"epoch": 3, "train": {"loss": 0.2487563726289954, "cross_entropy": 0.23710322037917808, "brier": 0.12070963329345842, "correct": 0.9189491164049367}, "validation": {"loss": 0.18785193909092124, "cross_entropy": 0.17927201431186068, "brier": 0.0919050646577619, "correct": 0.9397849462365592}}
{"epoch": 4, "train": {"loss": 0.19317972144429166, "cross_entropy": 0.18414063735262212, "brier": 0.09319576747650404, "correct": 0.9393066546393866}, "validation": {"loss": 0.13603356107391534, "cross_entropy": 0.12961333434970246, "brier": 0.06477578663451303, "correct": 0.9586435070306039}}
{"epoch": 5, "train": {"loss": 0.14637208283356895, "cross_entropy": 0.13930310657863232, "brier": 0.06977668855145455, "correct": 0.9545901840993891}, "validation": {"loss": 0.1046689735452827, "cross_entropy": 0.09979387444834556, "brier": 0.04994082128932596, "correct": 0.9687344913151364}}
{"epoch": 6, "train": {"loss": 0.1122331424838559, "cross_entropy": 0.10673365431193804, "brier": 0.05259586053432755, "correct": 0.9660707696092501}, "validation": {"loss": 0.08980476810874971, "cross_entropy": 0.08590327494394888, "brier": 0.04231819126653316, "correct": 0.972539288668321}}
{"epoch": 7, "train": {"loss": 0.09104269293896303, "cross_entropy": 0.08646363544774, "brier": 0.04245333877397879, "correct": 0.9727131083685268}, "validation": {"loss": 0.07209866229811417, "cross_entropy": 0.06889304427493201, "brier": 0.03221762500536945, "correct": 0.9801488833746899}}
{"epoch": 8, "train": {"loss": 0.07343961371042369, "cross_entropy": 0.06975858746517838, "brier": 0.03437052781617379, "correct": 0.9778383697568576}, "validation": {"loss": 0.06053544385951841, "cross_entropy": 0.05778363281483488, "brier": 0.027558164421170088, "correct": 0.9833746898263027}}
{"epoch": 9, "train": {"loss": 0.0625452374680852, "cross_entropy": 0.059433005827849966, "brier": 0.028802013302656256, "correct": 0.9815285579564558}, "validation": {"loss": 0.06293008989470374, "cross_entropy": 0.06019697285960586, "brier": 0.02885375480476468, "correct": 0.9814722911497105}}
{"epoch": 10, "train": {"loss": 0.056070686004347704, "cross_entropy": 0.05324363548549489, "brier": 0.026299518162423475, "correct": 0.983096887941285}, "validation": {"loss": 0.07006913916546023, "cross_entropy": 0.06714563998828948, "brier": 0.032423097165755935, "correct": 0.9790736145574855}}
{"epoch": 11, "train": {"loss": 0.05049254272071995, "cross_entropy": 0.04797257364559652, "brier": 0.023784299760291346, "correct": 0.9847779736766575}, "validation": {"loss": 0.05253594941694545, "cross_entropy": 0.05028492810807019, "brier": 0.02340924616308376, "correct": 0.985277088502895}}
{"epoch": 12, "train": {"loss": 0.044915782511258724, "cross_entropy": 0.04268875778618933, "brier": 0.021075133311641972, "correct": 0.9861925458198368}, "validation": {"loss": 0.044540761013086225, "cross_entropy": 0.04271686485821398, "brier": 0.018670925328219533, "correct": 0.9884201819685691}}
{"epoch": 13, "train": {"loss": 0.04123318256849486, "cross_entropy": 0.03918053191391186, "brier": 0.019162361860522944, "correct": 0.9875661158719095}, "validation": {"loss": 0.04390120420010254, "cross_entropy": 0.04196345540205736, "brier": 0.019242650567922924, "correct": 0.9880066170388752}}
{"epoch": 14, "train": {"loss": 0.03737664231018959, "cross_entropy": 0.03547047768465594, "brier": 0.017631006805782428, "correct": 0.9886014186723523}, "validation": {"loss": 0.04638221129417617, "cross_entropy": 0.04443631118349885, "brier": 0.019955244544737318, "correct": 0.9875103391232424}}
{"epoch": 15, "train": {"loss": 0.036171308003662014, "cross_entropy": 0.03437608721965761, "brier": 0.017278470810791077, "correct": 0.9888166796506622}, "validation": {"loss": 0.05070442380345094, "cross_entropy": 0.0486903483915467, "brier": 0.021473264993564455, "correct": 0.9875103391232424}}
{"epoch": 16, "train": {"loss": 0.03323124929220618, "cross_entropy": 0.0315111593072463, "brier": 0.015883940248474733, "correct": 0.9897904793144451}, "validation": {"loss": 0.04297431308076685, "cross_entropy": 0.04123354128094327, "brier": 0.017487267009680705, "correct": 0.9894127377998345}}
{"epoch": 17, "train": {"loss": 0.03045685681265812, "cross_entropy": 0.028860950869306425, "brier": 0.014606291233707078, "correct": 0.990549017999918}, "validation": {"loss": 0.04290515251852097, "cross_entropy": 0.041301216722471445, "brier": 0.017956019785133195, "correct": 0.989247311827957}}
{"epoch": 18, "train": {"loss": 0.02892076951804478, "cross_entropy": 0.027437874750925014, "brier": 0.014139535537748825, "correct": 0.9905285169543647}, "validation": {"loss": 0.03910192301122486, "cross_entropy": 0.03767019415642477, "brier": 0.01525622717951439, "correct": 0.9907361455748552}}
{"epoch": 19, "train": {"loss": 0.027448082696958816, "cross_entropy": 0.026033881702531948, "brier": 0.013037714681178491, "correct": 0.9915638197548075}, "validation": {"loss": 0.040254642138360844, "cross_entropy": 0.03875696821873152, "brier": 0.015996867340567635, "correct": 0.9904052936311001}}
{"epoch": 20, "train": {"loss": 0.02690263695535282, "cross_entropy": 0.02554536404867443, "brier": 0.012957811207013493, "correct": 0.9915535692320309}, "validation": {"loss": 0.03754530862972103, "cross_entropy": 0.03607124724449255, "brier": 0.015847795258176117, "correct": 0.9904052936311001}}
{"epoch": 21, "train": {"loss": 0.025170266706761833, "cross_entropy": 0.023885358716799792, "brier": 0.011932545040983759, "correct": 0.9922301037352905}, "validation": {"loss": 0.050940331831463515, "cross_entropy": 0.04910216754174509, "brier": 0.02047381336876631, "correct": 0.9879239040529363}}
{"epoch": 22, "train": {"loss": 0.02323414903589134, "cross_entropy": 0.022035927930692156, "brier": 0.011243088884959123, "correct": 0.992640124646357}, "validation": {"loss": 0.03628335776865926, "cross_entropy": 0.03478899877040814, "brier": 0.01623723711722166, "correct": 0.9898263027295285}}
{"epoch": 23, "train": {"loss": 0.022841647952363372, "cross_entropy": 0.02166029824599018, "brier": 0.011088762461863669, "correct": 0.9929476403296568}, "validation": {"loss": 0.04053825671585066, "cross_entropy": 0.03896280099184085, "brier": 0.01658283724361758, "correct": 0.9903225806451613}}
{"epoch": 24, "train": {"loss": 0.022717724467023484, "cross_entropy": 0.02157167866163909, "brier": 0.0108909891405583, "correct": 0.9929988929435402}, "validation": {"loss": 0.03677438623537645, "cross_entropy": 0.03543053585958934, "brier": 0.014134085927619538, "correct": 0.9915632754342432}}
{"epoch": 25, "train": {"loss": 0.020405662354926777, "cross_entropy": 0.01934808017693265, "brier": 0.009633655898296036, "correct": 0.9938701873795563}, "validation": {"loss": 0.04372477010293033, "cross_entropy": 0.04201013783148565, "brier": 0.016592413006084925, "correct": 0.9904880066170388}}
{"epoch": 26, "train": {"loss": 0.019096058742850423, "cross_entropy": 0.018109432618627127, "brier": 0.00933099226859914, "correct": 0.993972692607323}, "validation": {"loss": 0.04228252414906686, "cross_entropy": 0.040665077383578364, "brier": 0.015266711320041723, "correct": 0.991232423490488}}
{"epoch": 27, "train": {"loss": 0.01981104195429244, "cross_entropy": 0.018800652289789898, "brier": 0.009535734938594425, "correct": 0.9938701873795563}, "validation": {"loss": 0.03850937631116784, "cross_entropy": 0.036991294078233074, "brier": 0.01451347974080563, "correct": 0.9913151364764268}}
{"epoch": 28, "train": {"loss": 0.01864922384173686, "cross_entropy": 0.017682232516303954, "brier": 0.009109753670656457, "correct": 0.994034195743983}, "validation": {"loss": 0.03760639044238182, "cross_entropy": 0.03626619804699846, "brier": 0.015421500290065147, "correct": 0.9902398676592225}}
{"epoch": 29, "train": {"loss": 0.01887596642792572, "cross_entropy": 0.017871835029759347, "brier": 0.009079210555157403, "correct": 0.9940444462667596}, "validation": {"loss": 0.03693859174499416, "cross_entropy": 0.035623088387142315, "brier": 0.013977878061248852, "correct": 0.9917287014061208}}
{"epoch": 30, "train": {"loss": 0.017015073761889866, "cross_entropy": 0.016131871830355998, "brier": 0.008327083084400489, "correct": 0.9945979744966993}, "validation": {"loss": 0.04190916779880143, "cross_entropy": 0.0404084662507027, "brier": 0.016701073764096, "correct": 0.9896608767576509}}
{
  "best_validation_cross_entropy": 0.03478899877040814,
  "test": {
    "loss": 0.050559449712556555,
    "cross_entropy": 0.048608662861634074,
    "brier": 0.02243058759984144,
    "correct": 0.9863414634146341
  }
}
