Representation: Two-rowed representation (3, 1) of B4, over F3
Tracker initialised with bucket size 3000, random seed 2.
Bootstrapping up to Garside length 4 (5,528 braids)...
Bootstrapping took 0.37 seconds
Initial buckets:
     bucket  count  length  projlen  rhogap/length  reservoir_count
14   (1, 3)     10       1        3       1.000000               10
8    (1, 4)     12       1        4       1.500000               12
13   (2, 5)     56       2        5       1.000000               56
9    (2, 6)     76       2        6       1.250000               76
3    (2, 7)     32       2        7       1.500000               32
5    (3, 7)    270       3        7       1.000000              270
1    (3, 8)    364       3        8       1.166667              364
10   (3, 9)    288       3        9       1.333333              288
7   (3, 10)     60       3       10       1.500000               60
11   (4, 8)      4       4        8       0.875000                4
4    (4, 9)   1252       4        9       1.000000             1252
0   (4, 10)   1672       4       10       1.125000             1672
12  (4, 11)   1784       4       11       1.250000             1784
6   (4, 12)    700       4       12       1.375000              700
2   (4, 13)    116       4       13       1.500000              116

Proceeding on to search in 1 seconds...

------- Length 4
Selected 5528 braids of length 4:
    bucket  count  length  projlen  rhogap/length  reservoir_count
0   (4, 8)      4       4        8          0.875                4
1   (4, 9)   1252       4        9          1.000             1252
2  (4, 10)   1672       4       10          1.125             1672
3  (4, 11)   1784       4       11          1.250             1784
4  (4, 12)    700       4       12          1.375              700
5  (4, 13)    116       4       13          1.500              116

Moving braids forward by 1 GNF letters...
   Done in 1.20 seconds.

------- Length 5
Selected 9064 braids of length 5:
    bucket  count  length  projlen  rhogap/length  reservoir_count
0  (5, 10)     64       5       10            0.9               64
1  (5, 11)   3000       5       11            1.0             5770
2  (5, 12)   3000       5       12            1.1             7644
3  (5, 13)   3000       5       13            1.2             9860

Moving braids forward by 1 GNF letters...
   Done in 1.83 seconds.

------- Length 6
Selected 9491 braids of length 6:
    bucket  count  length  projlen  rhogap/length  reservoir_count
0  (6, 11)     48       6       11       0.833333               48
1  (6, 12)    443       6       12       0.916667              443
2  (6, 13)   3000       6       13       1.000000            13565
3  (6, 14)   3000       6       14       1.083333            14753
4  (6, 15)   3000       6       15       1.166667            16822

Moving braids forward by 1 GNF letters...
   Done in 1.87 seconds.

------- Length 7
Selected 8618 braids of length 7:
    bucket  count  length  projlen  rhogap/length  reservoir_count
0  (7, 12)     60       7       12       0.785714               60
1  (7, 13)    554       7       13       0.857143              554
2  (7, 14)   2004       7       14       0.928571             2004
3  (7, 15)   3000       7       15       1.000000            14417
4  (7, 16)   3000       7       16       1.071429            14432

Moving braids forward by 1 GNF letters...
   Done in 1.82 seconds.

------- Length 8
Selected 9651 braids of length 8:
    bucket  count  length  projlen  rhogap/length  reservoir_count
0  (8, 13)    134       8       13         0.7500              134
1  (8, 14)    517       8       14         0.8125              517
2  (8, 15)   3000       8       15         0.8750             3490
3  (8, 16)   3000       8       16         0.9375             8510
4  (8, 17)   3000       8       17         1.0000            17538

Moving braids forward by 1 GNF letters...
   Done in 2.06 seconds.

------- Length 9
Selected 7237 braids of length 9:
    bucket  count  length  projlen  rhogap/length  reservoir_count
0  (9, 14)    181       9       14       0.722222              181
1  (9, 15)   1068       9       15       0.777778             1068
2  (9, 16)   2988       9       16       0.833333             2988
3  (9, 17)   3000       9       17       0.888889            13739

Moving braids forward by 1 GNF letters...
   Done in 1.63 seconds.

------- Length 10
Selected 8136 braids of length 10:
     bucket  count  length  projlen  rhogap/length  reservoir_count
0  (10, 14)     96      10       14           0.65               96
1  (10, 15)    352      10       15           0.70              352
2  (10, 16)   1688      10       16           0.75             1688
3  (10, 17)   3000      10       17           0.80             6051
4  (10, 18)   3000      10       18           0.85            12477

Moving braids forward by 1 GNF letters...
   Done in 1.89 seconds.

------- Length 11
Selected 7679 braids of length 11:
     bucket  count  length  projlen  rhogap/length  reservoir_count
0  (11, 14)     33      11       14       0.590909               33
1  (11, 15)    429      11       15       0.636364              429
2  (11, 16)   1217      11       16       0.681818             1217
3  (11, 17)   3000      11       17       0.727273             3474
4  (11, 18)   3000      11       18       0.772727             8034

Moving braids forward by 1 GNF letters...
   Done in 1.86 seconds.

------- Length 12
Selected 7564 braids of length 12:
     bucket  count  length  projlen  rhogap/length  reservoir_count
0  (12, 14)     44      12       14       0.541667               44
1  (12, 15)    363      12       15       0.583333              363
2  (12, 16)   1157      12       16       0.625000             1157
3  (12, 17)   3000      12       17       0.666667             3881
4  (12, 18)   3000      12       18       0.708333             7217

Moving braids forward by 1 GNF letters...
   Done in 1.81 seconds.

------- Length 13
Selected 7582 braids of length 13:
     bucket  count  length  projlen  rhogap/length  reservoir_count
0  (13, 14)     15      13       14       0.500000               15
1  (13, 15)    298      13       15       0.538462              298
2  (13, 16)   1269      13       16       0.576923             1269
3  (13, 17)   3000      13       17       0.615385             3542
4  (13, 18)   3000      13       18       0.653846             7195

Moving braids forward by 1 GNF letters...
   Done in 1.81 seconds.

------- Length 14
Selected 7377 braids of length 14:
     bucket  count  length  projlen  rhogap/length  reservoir_count
0  (14, 14)     29      14       14       0.464286               29
1  (14, 15)    183      14       15       0.500000              183
2  (14, 16)   1165      14       16       0.535714             1165
3  (14, 17)   3000      14       17       0.571429             3457
4  (14, 18)   3000      14       18       0.607143             7566

Moving braids forward by 1 GNF letters...
   Done in 1.80 seconds.

------- Length 15
Selected 7252 braids of length 15:
     bucket  count  length  projlen  rhogap/length  reservoir_count
0  (15, 14)     15      15       14       0.433333               15
1  (15, 15)    236      15       15       0.466667              236
2  (15, 16)   1001      15       16       0.500000             1001
3  (15, 17)   3000      15       17       0.533333             3471
4  (15, 18)   3000      15       18       0.566667             6863

Moving braids forward by 1 GNF letters...
   Done in 1.75 seconds.

------- Length 16
Selected 7144 braids of length 16:
     bucket  count  length  projlen  rhogap/length  reservoir_count
0  (16, 14)     17      16       14        0.40625               17
1  (16, 15)    325      16       15        0.43750              325
2  (16, 16)    802      16       16        0.46875              802
3  (16, 17)   3000      16       17        0.50000             3388
4  (16, 18)   3000      16       18        0.53125             6199

Moving braids forward by 1 GNF letters...
   Done in 1.73 seconds.

------- Length 17
Selected 7420 braids of length 17:
     bucket  count  length  projlen  rhogap/length  reservoir_count
0  (17, 13)      5      17       13       0.352941                5
1  (17, 14)     38      17       14       0.382353               38
2  (17, 15)    415      17       15       0.411765              415
3  (17, 16)    962      17       16       0.441176              962
4  (17, 17)   3000      17       17       0.470588             3555
5  (17, 18)   3000      17       18       0.500000             5895

Moving braids forward by 1 GNF letters...
   Done in 1.83 seconds.

------- Length 18
Selected 8039 braids of length 18:
     bucket  count  length  projlen  rhogap/length  reservoir_count
0  (18, 12)     15      18       12       0.305556               15
1  (18, 13)     60      18       13       0.333333               60
2  (18, 14)    137      18       14       0.361111              137
3  (18, 15)    602      18       15       0.388889              602
4  (18, 16)   1225      18       16       0.416667             1225
5  (18, 17)   3000      18       17       0.444444             4096
6  (18, 18)   3000      18       18       0.472222             6594

Moving braids forward by 1 GNF letters...
   Done in 2.01 seconds.

------- Length 19
Selected 9979 braids of length 19:
     bucket  count  length  projlen  rhogap/length  reservoir_count
0  (19, 10)      6      19       10       0.236842                6
1  (19, 11)     62      19       11       0.263158               62
2  (19, 12)     91      19       12       0.289474               91
3  (19, 13)    314      19       13       0.315789              314
4  (19, 14)    382      19       14       0.342105              382
5  (19, 15)   1106      19       15       0.368421             1106
6  (19, 16)   2018      19       16       0.394737             2018
7  (19, 17)   3000      19       17       0.421053             4794
8  (19, 18)   3000      19       18       0.447368             7756

Moving braids forward by 1 GNF letters...
   Done in 2.44 seconds.

------- Length 20
Selected 7564 braids of length 20:
     bucket  count  length  projlen  rhogap/length  reservoir_count
0   (20, 8)      2      20        8          0.175                2
1   (20, 9)     28      20        9          0.200               28
2  (20, 10)     34      20       10          0.225               34
3  (20, 11)    192      20       11          0.250              192
4  (20, 12)    207      20       12          0.275              207
5  (20, 13)    807      20       13          0.300              807
6  (20, 14)    808      20       14          0.325              808
7  (20, 15)   2486      20       15          0.350             2486
8  (20, 16)   3000      20       16          0.375             3497

Moving braids forward by 1 GNF letters...
   Done in 1.80 seconds.

------- Length 21
Selected 7021 braids of length 21:
     bucket  count  length  projlen  rhogap/length  reservoir_count
0   (21, 7)     31      21        7       0.142857               31
1   (21, 8)     10      21        8       0.166667               10
2   (21, 9)    193      21        9       0.190476              193
3  (21, 10)    115      21       10       0.214286              115
4  (21, 11)    453      21       11       0.238095              453
5  (21, 12)    316      21       12       0.261905              316
6  (21, 13)   1419      21       13       0.285714             1419
7  (21, 14)   1484      21       14       0.309524             1484
8  (21, 15)   3000      21       15       0.333333             4938

Moving braids forward by 1 GNF letters...
   Done in 1.62 seconds.

------- Length 22
Selected 7982 braids of length 22:
     bucket  count  length  projlen  rhogap/length  reservoir_count
0   (22, 5)     35      22        5       0.090909               35
1   (22, 6)     18      22        6       0.113636               18
2   (22, 7)    207      22        7       0.136364              207
3   (22, 8)    155      22        8       0.159091              155
4   (22, 9)    469      22        9       0.181818              469
5  (22, 10)    348      22       10       0.204545              348
6  (22, 11)   1148      22       11       0.227273             1148
7  (22, 12)    929      22       12       0.250000              929
8  (22, 13)   2638      22       13       0.272727             2638
9  (22, 14)   2035      22       14       0.295455             2035

Moving braids forward by 1 GNF letters...
   Done in 1.84 seconds.

------- Length 23
Selected 8637 braids of length 23:
     bucket  count  length  projlen  rhogap/length  reservoir_count
0   (23, 3)     38      23        3       0.043478               38
1   (23, 4)     13      23        4       0.065217               13
2   (23, 5)    247      23        5       0.086957              247
3   (23, 6)    166      23        6       0.108696              166
4   (23, 7)    610      23        7       0.130435              610
5   (23, 8)    410      23        8       0.152174              410
6   (23, 9)   1437      23        9       0.173913             1437
7  (23, 10)    978      23       10       0.195652              978
8  (23, 11)   2923      23       11       0.217391             2923
9  (23, 12)   1815      23       12       0.239130             1815

Moving braids forward by 1 GNF letters...
   Done in 2.01 seconds.

------- Length 24
Found kernel elements:
(n=4, r=1, p=3) near-kernel element: Garside length 24, Garside form (0, [(2, 0, 3, 1), (1, 3, 0, 2), (2, 0, 3, 1), (0, 3, 1, 2), (2, 0, 3, 1), (1, 3, 2, 0), (3, 2, 0, 1), (2, 0, 3, 1), (1, 3, 0, 2), (0, 2, 1, 3), (2, 0, 3, 1), (1, 2, 0, 3), (2, 0, 3, 1), (1, 3, 2, 0), (2, 0, 3, 1), (1, 0, 3, 2), (1, 3, 2, 0), (2, 3, 0, 1), (0, 2, 3, 1), (0, 3, 1, 2), (2, 0, 3, 1), (3, 1, 0, 2), (2, 0, 3, 1), (1, 3, 0, 2)])
(n=4, r=1, p=3) near-kernel element: Garside length 24, Garside form (0, [(2, 0, 3, 1), (1, 3, 0, 2), (2, 0, 3, 1), (1, 2, 0, 3), (2, 0, 3, 1), (3, 1, 0, 2), (2, 3, 1, 0), (2, 0, 3, 1), (1, 3, 0, 2), (0, 2, 1, 3), (2, 0, 3, 1), (0, 3, 1, 2), (2, 0, 3, 1), (3, 1, 0, 2), (2, 0, 3, 1), (1, 0, 3, 2), (3, 1, 0, 2), (2, 3, 0, 1), (2, 0, 1, 3), (1, 2, 0, 3), (2, 0, 3, 1), (1, 3, 2, 0), (2, 0, 3, 1), (1, 3, 0, 2)])
(n=4, r=1, p=3) near-kernel element: Garside length 24, Garside form (0, [(2, 0, 3, 1), (0, 3, 1, 2), (0, 2, 1, 3), (2, 0, 3, 1), (1, 3, 2, 0), (2, 0, 3, 1), (1, 3, 0, 2), (2, 0, 3, 1), (1, 2, 0, 3), (2, 3, 0, 1), (2, 0, 3, 1), (1, 0, 3, 2), (3, 1, 0, 2), (2, 0, 3, 1), (3, 1, 2, 0), (1, 3, 0, 2), (2, 0, 3, 1), (1, 2, 0, 3), (2, 0, 3, 1), (3, 1, 0, 2), (2, 0, 3, 1), (1, 0, 3, 2), (1, 3, 0, 2), (2, 3, 0, 1)])
(n=4, r=1, p=3) near-kernel element: Garside length 24, Garside form (0, [(2, 0, 3, 1), (1, 2, 0, 3), (2, 0, 3, 1), (1, 3, 2, 0), (2, 0, 3, 1), (1, 3, 0, 2), (2, 3, 0, 1), (2, 0, 3, 1), (0, 3, 1, 2), (2, 0, 3, 1), (3, 1, 2, 0), (3, 1, 2, 0), (3, 1, 0, 2), (2, 0, 3, 1), (1, 3, 0, 2), (2, 0, 3, 1), (1, 2, 0, 3), (2, 0, 3, 1), (1, 0, 3, 2), (3, 1, 0, 2), (2, 0, 3, 1), (1, 3, 0, 2), (0, 2, 1, 3), (0, 2, 1, 3)])
(n=4, r=1, p=3) near-kernel element: Garside length 24, Garside form (0, [(1, 2, 0, 3), (2, 0, 3, 1), (1, 3, 2, 0), (2, 0, 3, 1), (1, 3, 0, 2), (2, 3, 0, 1), (2, 0, 3, 1), (0, 3, 1, 2), (2, 0, 3, 1), (3, 1, 2, 0), (3, 1, 2, 0), (3, 1, 0, 2), (2, 0, 3, 1), (1, 3, 0, 2), (2, 0, 3, 1), (1, 2, 0, 3), (2, 0, 3, 1), (1, 0, 3, 2), (3, 1, 0, 2), (2, 0, 3, 1), (1, 3, 0, 2), (0, 2, 1, 3), (0, 2, 1, 3), (2, 0, 3, 1)])
(n=4, r=1, p=3) near-kernel element: Garside length 24, Garside form (0, [(1, 0, 3, 2), (1, 3, 0, 2), (2, 0, 3, 1), (0, 3, 1, 2), (2, 0, 3, 1), (1, 3, 2, 0), (2, 0, 3, 1), (1, 3, 0, 2), (2, 0, 3, 1), (0, 1, 3, 2), (0, 1, 3, 2), (0, 1, 3, 2), (0, 3, 1, 2), (2, 0, 3, 1), (1, 3, 2, 0), (2, 0, 3, 1), (1, 3, 0, 2), (2, 0, 3, 1), (0, 3, 1, 2), (2, 0, 3, 1), (1, 0, 3, 2), (1, 3, 2, 0), (3, 2, 0, 1), (2, 0, 3, 1)])
(n=4, r=1, p=3) near-kernel element: Garside length 24, Garside form (0, [(1, 0, 3, 2), (1, 3, 0, 2), (2, 0, 3, 1), (1, 2, 0, 3), (2, 0, 3, 1), (3, 1, 0, 2), (2, 0, 3, 1), (1, 3, 0, 2), (2, 0, 3, 1), (1, 0, 2, 3), (1, 0, 2, 3), (1, 0, 2, 3), (1, 2, 0, 3), (2, 0, 3, 1), (3, 1, 0, 2), (2, 0, 3, 1), (1, 3, 0, 2), (2, 0, 3, 1), (1, 2, 0, 3), (2, 0, 3, 1), (1, 0, 3, 2), (3, 1, 0, 2), (2, 3, 1, 0), (2, 0, 3, 1)])
(n=4, r=1, p=3) near-kernel element: Garside length 24, Garside form (0, [(3, 0, 2, 1), (1, 3, 0, 2), (2, 0, 3, 1), (1, 2, 0, 3), (2, 0, 3, 1), (1, 3, 2, 0), (2, 0, 3, 1), (1, 3, 0, 2), (2, 3, 0, 1), (2, 0, 3, 1), (0, 1, 3, 2), (0, 3, 1, 2), (2, 3, 0, 1), (2, 0, 3, 1), (1, 3, 2, 0), (2, 0, 3, 1), (1, 3, 0, 2), (2, 0, 3, 1), (1, 2, 0, 3), (2, 0, 3, 1), (1, 3, 2, 0), (3, 2, 0, 1), (2, 3, 1, 0), (2, 3, 0, 1)])
(n=4, r=1, p=3) near-kernel element: Garside length 24, Garside form (0, [(3, 1, 2, 0), (1, 3, 0, 2), (2, 0, 3, 1), (0, 3, 1, 2), (2, 0, 3, 1), (1, 3, 2, 0), (2, 0, 3, 1), (1, 0, 3, 2), (1, 3, 0, 2), (2, 3, 0, 1), (2, 0, 3, 1), (1, 2, 0, 3), (0, 2, 1, 3), (2, 0, 3, 1), (3, 1, 0, 2), (2, 0, 3, 1), (1, 3, 0, 2), (2, 0, 3, 1), (0, 3, 1, 2), (2, 3, 0, 1), (2, 0, 3, 1), (1, 0, 3, 2), (1, 3, 2, 0), (2, 0, 3, 1)])
(n=4, r=1, p=3) near-kernel element: Garside length 24, Garside form (0, [(3, 1, 2, 0), (1, 3, 0, 2), (2, 0, 3, 1), (1, 2, 0, 3), (2, 0, 3, 1), (3, 1, 0, 2), (2, 0, 3, 1), (1, 0, 3, 2), (1, 3, 0, 2), (2, 3, 0, 1), (2, 0, 3, 1), (0, 3, 1, 2), (0, 2, 1, 3), (2, 0, 3, 1), (1, 3, 2, 0), (2, 0, 3, 1), (1, 3, 0, 2), (2, 0, 3, 1), (1, 2, 0, 3), (2, 3, 0, 1), (2, 0, 3, 1), (1, 0, 3, 2), (3, 1, 0, 2), (2, 0, 3, 1)])
(n=4, r=1, p=3) near-kernel element: Garside length 24, Garside form (0, [(3, 1, 2, 0), (1, 3, 0, 2), (2, 0, 3, 1), (1, 2, 0, 3), (2, 3, 0, 1), (2, 0, 3, 1), (3, 1, 0, 2), (2, 0, 3, 1), (1, 3, 0, 2), (2, 0, 3, 1), (0, 3, 1, 2), (0, 2, 1, 3), (0, 2, 1, 3), (2, 0, 3, 1), (1, 3, 2, 0), (2, 0, 3, 1), (1, 0, 3, 2), (1, 3, 0, 2), (2, 0, 3, 1), (0, 3, 1, 2), (2, 0, 3, 1), (1, 3, 2, 0), (2, 0, 3, 1), (3, 1, 2, 0)])
(n=4, r=1, p=3) near-kernel element: Garside length 24, Garside form (0, [(3, 1, 2, 0), (1, 3, 0, 2), (2, 0, 3, 1), (1, 2, 0, 3), (2, 0, 3, 1), (3, 1, 0, 2), (2, 3, 1, 0), (2, 0, 3, 1), (3, 1, 2, 0), (1, 3, 0, 2), (2, 0, 3, 1), (1, 2, 0, 3), (2, 0, 3, 1), (3, 1, 0, 2), (2, 3, 1, 0), (2, 0, 3, 1), (3, 1, 2, 0), (1, 3, 0, 2), (2, 0, 3, 1), (1, 2, 0, 3), (2, 0, 3, 1), (3, 1, 0, 2), (2, 3, 1, 0), (2, 0, 3, 1)])
(n=4, r=1, p=3) near-kernel element: Garside length 24, Garside form (0, [(3, 1, 2, 0), (1, 3, 0, 2), (2, 0, 3, 1), (0, 3, 1, 2), (2, 0, 3, 1), (1, 3, 2, 0), (3, 2, 0, 1), (2, 0, 3, 1), (3, 1, 2, 0), (1, 3, 0, 2), (2, 0, 3, 1), (0, 3, 1, 2), (2, 0, 3, 1), (1, 3, 2, 0), (3, 2, 0, 1), (2, 0, 3, 1), (3, 1, 2, 0), (1, 3, 0, 2), (2, 0, 3, 1), (0, 3, 1, 2), (2, 0, 3, 1), (1, 3, 2, 0), (3, 2, 0, 1), (2, 0, 3, 1)])
(n=4, r=1, p=3) near-kernel element: Garside length 24, Garside form (0, [(2, 3, 1, 0), (3, 0, 2, 1), (1, 3, 0, 2), (2, 0, 3, 1), (1, 2, 0, 3), (2, 0, 3, 1), (1, 3, 2, 0), (2, 0, 3, 1), (1, 3, 0, 2), (2, 3, 0, 1), (2, 0, 3, 1), (0, 1, 3, 2), (0, 3, 1, 2), (2, 3, 0, 1), (2, 0, 3, 1), (1, 3, 2, 0), (2, 0, 3, 1), (1, 3, 0, 2), (2, 0, 3, 1), (1, 2, 0, 3), (2, 0, 3, 1), (1, 3, 2, 0), (3, 2, 0, 1), (2, 3, 0, 1)])
(n=4, r=1, p=3) near-kernel element: Garside length 24, Garside form (0, [(1, 0, 3, 2), (1, 3, 0, 2), (2, 3, 0, 1), (2, 0, 3, 1), (0, 3, 1, 2), (2, 0, 3, 1), (3, 1, 0, 2), (2, 0, 3, 1), (1, 3, 0, 2), (0, 2, 1, 3), (2, 0, 3, 1), (1, 2, 0, 3), (2, 3, 0, 1), (2, 0, 3, 1), (1, 0, 3, 2), (1, 3, 2, 0), (2, 0, 3, 1), (1, 3, 0, 2), (2, 0, 3, 1), (0, 3, 1, 2), (2, 0, 3, 1), (3, 1, 2, 0), (1, 3, 2, 0), (2, 0, 3, 1)])
(n=4, r=1, p=3) near-kernel element: Garside length 24, Garside form (0, [(1, 0, 3, 2), (1, 3, 0, 2), (2, 3, 0, 1), (2, 0, 3, 1), (1, 2, 0, 3), (2, 0, 3, 1), (1, 3, 2, 0), (2, 0, 3, 1), (1, 3, 0, 2), (0, 2, 1, 3), (2, 0, 3, 1), (0, 3, 1, 2), (2, 3, 0, 1), (2, 0, 3, 1), (1, 0, 3, 2), (3, 1, 0, 2), (2, 0, 3, 1), (1, 3, 0, 2), (2, 0, 3, 1), (1, 2, 0, 3), (2, 0, 3, 1), (3, 1, 2, 0), (3, 1, 0, 2), (2, 0, 3, 1)])
(n=4, r=1, p=3) near-kernel element: Garside length 24, Garside form (0, [(3, 0, 2, 1), (3, 1, 2, 0), (1, 3, 0, 2), (2, 0, 3, 1), (0, 3, 1, 2), (2, 0, 3, 1), (1, 3, 2, 0), (2, 0, 3, 1), (1, 0, 3, 2), (1, 3, 0, 2), (2, 3, 0, 1), (2, 0, 3, 1), (1, 2, 0, 3), (0, 2, 1, 3), (2, 0, 3, 1), (3, 1, 0, 2), (2, 0, 3, 1), (1, 3, 0, 2), (2, 0, 3, 1), (0, 3, 1, 2), (2, 3, 0, 1), (2, 0, 3, 1), (1, 0, 3, 2), (1, 3, 0, 2)])
(n=4, r=1, p=3) near-kernel element: Garside length 24, Garside form (0, [(3, 0, 2, 1), (1, 3, 0, 2), (2, 0, 3, 1), (0, 3, 1, 2), (2, 0, 3, 1), (1, 0, 3, 2), (1, 3, 2, 0), (2, 0, 3, 1), (1, 3, 0, 2), (0, 2, 1, 3), (0, 2, 1, 3), (2, 0, 3, 1), (0, 3, 1, 2), (2, 0, 3, 1), (3, 1, 0, 2), (2, 0, 3, 1), (1, 3, 0, 2), (2, 3, 0, 1), (2, 0, 3, 1), (1, 2, 0, 3), (2, 0, 3, 1), (3, 1, 2, 0), (3, 1, 2, 0), (1, 3, 0, 2)])
(n=4, r=1, p=3) near-kernel element: Garside length 24, Garside form (0, [(1, 3, 2, 0), (2, 0, 3, 1), (1, 3, 0, 2), (2, 0, 3, 1), (0, 3, 1, 2), (2, 0, 3, 1), (1, 0, 3, 2), (1, 3, 2, 0), (2, 0, 3, 1), (1, 3, 0, 2), (0, 2, 1, 3), (0, 2, 1, 3), (2, 0, 3, 1), (0, 3, 1, 2), (2, 0, 3, 1), (3, 1, 0, 2), (2, 0, 3, 1), (1, 3, 0, 2), (2, 3, 0, 1), (2, 0, 3, 1), (1, 2, 0, 3), (2, 0, 3, 1), (3, 1, 2, 0), (3, 1, 2, 0)])
(n=4, r=1, p=3) near-kernel element: Garside length 24, Garside form (0, [(2, 0, 3, 1), (1, 3, 2, 0), (2, 0, 3, 1), (1, 0, 3, 2), (1, 3, 0, 2), (2, 0, 3, 1), (0, 3, 1, 2), (2, 0, 3, 1), (1, 3, 2, 0), (2, 0, 3, 1), (3, 1, 2, 0), (3, 1, 2, 0), (1, 3, 0, 2), (2, 0, 3, 1), (1, 2, 0, 3), (2, 3, 0, 1), (2, 0, 3, 1), (3, 1, 0, 2), (2, 0, 3, 1), (1, 3, 0, 2), (2, 0, 3, 1), (0, 3, 1, 2), (0, 2, 1, 3), (0, 2, 1, 3)])
(n=4, r=1, p=3) near-kernel element: Garside length 24, Garside form (0, [(2, 0, 3, 1), (3, 1, 0, 2), (2, 0, 3, 1), (1, 0, 3, 2), (1, 3, 0, 2), (2, 0, 3, 1), (1, 2, 0, 3), (2, 0, 3, 1), (3, 1, 0, 2), (2, 0, 3, 1), (3, 1, 2, 0), (3, 1, 2, 0), (1, 3, 0, 2), (2, 0, 3, 1), (0, 3, 1, 2), (2, 3, 0, 1), (2, 0, 3, 1), (1, 3, 2, 0), (2, 0, 3, 1), (1, 3, 0, 2), (2, 0, 3, 1), (1, 2, 0, 3), (0, 2, 1, 3), (0, 2, 1, 3)])
(n=4, r=1, p=3) near-kernel element: Garside length 24, Garside form (0, [(1, 0, 3, 2), (1, 2, 0, 3), (2, 0, 3, 1), (3, 1, 0, 2), (2, 0, 3, 1), (1, 3, 0, 2), (2, 0, 3, 1), (1, 2, 0, 3), (2, 0, 3, 1), (1, 0, 3, 2), (3, 1, 0, 2), (2, 3, 1, 0), (2, 0, 3, 1), (1, 0, 3, 2), (1, 3, 0, 2), (2, 0, 3, 1), (0, 3, 1, 2), (2, 0, 3, 1), (1, 3, 2, 0), (2, 0, 3, 1), (1, 3, 0, 2), (0, 2, 3, 1), (0, 1, 3, 2), (0, 1, 3, 2)])
(n=4, r=1, p=3) near-kernel element: Garside length 24, Garside form (0, [(3, 2, 0, 1), (2, 0, 3, 1), (1, 3, 0, 2), (2, 0, 3, 1), (0, 3, 1, 2), (2, 0, 3, 1), (3, 1, 0, 2), (2, 0, 3, 1), (1, 3, 0, 2), (2, 3, 0, 1), (2, 0, 3, 1), (1, 0, 2, 3), (1, 2, 0, 3), (2, 3, 0, 1), (2, 0, 3, 1), (3, 1, 0, 2), (2, 0, 3, 1), (1, 3, 0, 2), (2, 0, 3, 1), (0, 3, 1, 2), (2, 0, 3, 1), (3, 1, 0, 2), (2, 3, 1, 0), (3, 2, 0, 1)])
(n=4, r=1, p=3) near-kernel element: Garside length 24, Garside form (0, [(2, 3, 1, 0), (2, 0, 3, 1), (1, 3, 0, 2), (2, 0, 3, 1), (1, 2, 0, 3), (2, 0, 3, 1), (1, 3, 2, 0), (2, 0, 3, 1), (1, 3, 0, 2), (2, 3, 0, 1), (2, 0, 3, 1), (0, 1, 3, 2), (0, 3, 1, 2), (2, 3, 0, 1), (2, 0, 3, 1), (1, 3, 2, 0), (2, 0, 3, 1), (1, 3, 0, 2), (2, 0, 3, 1), (1, 2, 0, 3), (2, 0, 3, 1), (1, 3, 2, 0), (3, 2, 0, 1), (2, 3, 1, 0)])
(n=4, r=1, p=3) near-kernel element: Garside length 24, Garside form (0, [(0, 2, 1, 3), (2, 0, 3, 1), (1, 3, 2, 0), (2, 0, 3, 1), (1, 0, 3, 2), (1, 3, 0, 2), (2, 0, 3, 1), (0, 3, 1, 2), (2, 0, 3, 1), (1, 3, 2, 0), (2, 0, 3, 1), (3, 1, 2, 0), (3, 1, 2, 0), (1, 3, 0, 2), (2, 0, 3, 1), (1, 2, 0, 3), (2, 3, 0, 1), (2, 0, 3, 1), (3, 1, 0, 2), (2, 0, 3, 1), (1, 3, 0, 2), (2, 0, 3, 1), (0, 3, 1, 2), (0, 2, 1, 3)])
(n=4, r=1, p=3) near-kernel element: Garside length 24, Garside form (0, [(0, 2, 1, 3), (2, 0, 3, 1), (3, 1, 0, 2), (2, 0, 3, 1), (1, 0, 3, 2), (1, 3, 0, 2), (2, 0, 3, 1), (1, 2, 0, 3), (2, 0, 3, 1), (3, 1, 0, 2), (2, 0, 3, 1), (3, 1, 2, 0), (3, 1, 2, 0), (1, 3, 0, 2), (2, 0, 3, 1), (0, 3, 1, 2), (2, 3, 0, 1), (2, 0, 3, 1), (1, 3, 2, 0), (2, 0, 3, 1), (1, 3, 0, 2), (2, 0, 3, 1), (1, 2, 0, 3), (0, 2, 1, 3)])
(n=4, r=1, p=3) near-kernel element: Garside length 24, Garside form (0, [(2, 0, 3, 1), (1, 0, 3, 2), (1, 3, 2, 0), (2, 0, 3, 1), (1, 3, 0, 2), (2, 0, 3, 1), (0, 3, 1, 2), (2, 0, 3, 1), (3, 1, 2, 0), (1, 3, 2, 0), (2, 0, 3, 1), (1, 0, 3, 2), (1, 3, 0, 2), (2, 3, 0, 1), (2, 0, 3, 1), (0, 3, 1, 2), (2, 0, 3, 1), (3, 1, 0, 2), (2, 0, 3, 1), (1, 3, 0, 2), (0, 2, 1, 3), (2, 0, 3, 1), (1, 2, 0, 3), (2, 3, 0, 1)])
(n=4, r=1, p=3) near-kernel element: Garside length 24, Garside form (0, [(2, 0, 3, 1), (1, 0, 3, 2), (3, 1, 0, 2), (2, 0, 3, 1), (1, 3, 0, 2), (2, 0, 3, 1), (1, 2, 0, 3), (2, 0, 3, 1), (3, 1, 2, 0), (3, 1, 0, 2), (2, 0, 3, 1), (1, 0, 3, 2), (1, 3, 0, 2), (2, 3, 0, 1), (2, 0, 3, 1), (1, 2, 0, 3), (2, 0, 3, 1), (1, 3, 2, 0), (2, 0, 3, 1), (1, 3, 0, 2), (0, 2, 1, 3), (2, 0, 3, 1), (0, 3, 1, 2), (2, 3, 0, 1)])
(n=4, r=1, p=3) near-kernel element: Garside length 24, Garside form (0, [(2, 0, 3, 1), (3, 1, 0, 2), (2, 1, 3, 0), (1, 0, 3, 2), (1, 2, 0, 3), (2, 0, 3, 1), (1, 2, 0, 3), (2, 0, 3, 1), (1, 3, 0, 2), (2, 0, 3, 1), (3, 1, 0, 2), (2, 0, 3, 1), (1, 3, 0, 2), (2, 0, 3, 1), (0, 1, 3, 2), (0, 3, 1, 2), (2, 0, 3, 1), (3, 1, 2, 0), (1, 3, 2, 0), (2, 0, 3, 1), (1, 3, 0, 2), (2, 0, 3, 1), (0, 3, 1, 2), (2, 3, 0, 1)])
(n=4, r=1, p=3) near-kernel element: Garside length 24, Garside form (0, [(1, 3, 0, 2), (2, 3, 0, 1), (2, 0, 3, 1), (3, 1, 0, 2), (2, 0, 3, 1), (1, 3, 0, 2), (2, 0, 3, 1), (0, 3, 1, 2), (2, 0, 3, 1), (3, 1, 0, 2), (2, 3, 1, 0), (3, 2, 0, 1), (2, 3, 1, 0), (2, 0, 3, 1), (1, 3, 0, 2), (2, 0, 3, 1), (1, 2, 0, 3), (2, 0, 3, 1), (1, 3, 2, 0), (2, 0, 3, 1), (1, 3, 0, 2), (2, 3, 0, 1), (0, 2, 3, 1), (0, 1, 3, 2)])
(n=4, r=1, p=3) near-kernel element: Garside length 24, Garside form (0, [(1, 3, 0, 2), (2, 3, 0, 1), (2, 0, 3, 1), (1, 3, 2, 0), (2, 0, 3, 1), (1, 3, 0, 2), (2, 0, 3, 1), (1, 2, 0, 3), (2, 0, 3, 1), (1, 3, 2, 0), (3, 2, 0, 1), (2, 3, 1, 0), (3, 2, 0, 1), (2, 0, 3, 1), (1, 3, 0, 2), (2, 0, 3, 1), (0, 3, 1, 2), (2, 0, 3, 1), (3, 1, 0, 2), (2, 0, 3, 1), (1, 3, 0, 2), (2, 3, 0, 1), (2, 0, 1, 3), (1, 0, 2, 3)])
(n=4, r=1, p=3) near-kernel element: Garside length 24, Garside form (0, [(2, 0, 3, 1), (1, 0, 3, 2), (1, 3, 0, 2), (2, 0, 3, 1), (1, 2, 0, 3), (2, 0, 3, 1), (3, 1, 0, 2), (2, 0, 3, 1), (1, 3, 0, 2), (2, 0, 3, 1), (1, 0, 2, 3), (1, 0, 2, 3), (1, 0, 2, 3), (1, 2, 0, 3), (2, 0, 3, 1), (3, 1, 0, 2), (2, 0, 3, 1), (1, 3, 0, 2), (2, 0, 3, 1), (1, 2, 0, 3), (2, 0, 3, 1), (1, 0, 3, 2), (3, 1, 0, 2), (2, 3, 1, 0)])
(n=4, r=1, p=3) near-kernel element: Garside length 24, Garside form (0, [(0, 2, 1, 3), (2, 0, 3, 1), (1, 3, 2, 0), (2, 0, 3, 1), (1, 3, 0, 2), (2, 0, 3, 1), (1, 2, 0, 3), (2, 3, 0, 1), (2, 0, 3, 1), (1, 0, 3, 2), (3, 1, 0, 2), (2, 0, 3, 1), (3, 1, 2, 0), (1, 3, 0, 2), (2, 0, 3, 1), (1, 2, 0, 3), (2, 0, 3, 1), (3, 1, 0, 2), (2, 0, 3, 1), (1, 0, 3, 2), (1, 3, 0, 2), (2, 3, 0, 1), (2, 0, 3, 1), (0, 3, 1, 2)])
(n=4, r=1, p=3) near-kernel element: Garside length 24, Garside form (0, [(0, 2, 1, 3), (2, 0, 3, 1), (3, 1, 0, 2), (2, 0, 3, 1), (1, 3, 0, 2), (2, 0, 3, 1), (0, 3, 1, 2), (2, 3, 0, 1), (2, 0, 3, 1), (1, 0, 3, 2), (1, 3, 2, 0), (2, 0, 3, 1), (3, 1, 2, 0), (1, 3, 0, 2), (2, 0, 3, 1), (0, 3, 1, 2), (2, 0, 3, 1), (1, 3, 2, 0), (2, 0, 3, 1), (1, 0, 3, 2), (1, 3, 0, 2), (2, 3, 0, 1), (2, 0, 3, 1), (1, 2, 0, 3)])
(n=4, r=1, p=3) near-kernel element: Garside length 24, Garside form (0, [(2, 3, 0, 1), (2, 0, 3, 1), (1, 3, 2, 0), (2, 0, 3, 1), (1, 3, 0, 2), (2, 0, 3, 1), (1, 2, 0, 3), (2, 0, 3, 1), (1, 3, 2, 0), (3, 2, 0, 1), (2, 3, 1, 0), (3, 2, 0, 1), (2, 0, 3, 1), (1, 3, 0, 2), (2, 0, 3, 1), (0, 3, 1, 2), (2, 0, 3, 1), (3, 1, 0, 2), (2, 0, 3, 1), (1, 3, 0, 2), (2, 3, 0, 1), (2, 0, 3, 1), (1, 0, 2, 3), (1, 2, 0, 3)])
(n=4, r=1, p=3) near-kernel element: Garside length 24, Garside form (0, [(2, 3, 0, 1), (2, 0, 3, 1), (3, 1, 0, 2), (2, 0, 3, 1), (1, 3, 0, 2), (2, 0, 3, 1), (0, 3, 1, 2), (2, 0, 3, 1), (3, 1, 0, 2), (2, 3, 1, 0), (3, 2, 0, 1), (2, 3, 1, 0), (2, 0, 3, 1), (1, 3, 0, 2), (2, 0, 3, 1), (1, 2, 0, 3), (2, 0, 3, 1), (1, 3, 2, 0), (2, 0, 3, 1), (1, 3, 0, 2), (2, 3, 0, 1), (2, 0, 3, 1), (0, 1, 3, 2), (0, 3, 1, 2)])
(n=4, r=1, p=3) near-kernel element: Garside length 24, Garside form (0, [(1, 3, 0, 2), (0, 2, 1, 3), (2, 0, 3, 1), (3, 1, 0, 2), (2, 0, 3, 1), (1, 3, 0, 2), (2, 0, 3, 1), (0, 3, 1, 2), (2, 3, 0, 1), (2, 0, 3, 1), (1, 0, 3, 2), (1, 3, 2, 0), (2, 0, 3, 1), (3, 1, 2, 0), (1, 3, 0, 2), (2, 0, 3, 1), (0, 3, 1, 2), (2, 0, 3, 1), (1, 3, 2, 0), (2, 0, 3, 1), (1, 0, 3, 2), (1, 3, 0, 2), (2, 3, 0, 1), (2, 0, 1, 3)])
Selected 9541 braids of length 24:
     bucket  count  length  projlen  rhogap/length  reservoir_count
0   (24, 1)     37      24        1       0.000000               37
1   (24, 3)    212      24        3       0.041667              212
2   (24, 4)    189      24        4       0.062500              189
3   (24, 5)    517      24        5       0.083333              517
4   (24, 6)    520      24        6       0.104167              520
5   (24, 7)   1476      24        7       0.125000             1476
6   (24, 8)   1194      24        8       0.145833             1194
7   (24, 9)   3000      24        9       0.166667             3727
8  (24, 10)   2396      24       10       0.187500             2396

Moving braids forward by 1 GNF letters...
   Done in 2.06 seconds.
