Representation: Two-rowed representation (3, 1) of B4, over F3
Tracker initialised with bucket size 3000, random seed 6.
Bootstrapping up to Garside length 4 (5,528 braids)...
Bootstrapping took 0.37 seconds
Initial buckets:
     bucket  count  length  projlen  rhogap/length  reservoir_count
14   (1, 3)     10       1        3       1.000000               10
8    (1, 4)     12       1        4       1.500000               12
13   (2, 5)     56       2        5       1.000000               56
9    (2, 6)     76       2        6       1.250000               76
3    (2, 7)     32       2        7       1.500000               32
5    (3, 7)    270       3        7       1.000000              270
1    (3, 8)    364       3        8       1.166667              364
10   (3, 9)    288       3        9       1.333333              288
7   (3, 10)     60       3       10       1.500000               60
11   (4, 8)      4       4        8       0.875000                4
4    (4, 9)   1252       4        9       1.000000             1252
0   (4, 10)   1672       4       10       1.125000             1672
12  (4, 11)   1784       4       11       1.250000             1784
6   (4, 12)    700       4       12       1.375000              700
2   (4, 13)    116       4       13       1.500000              116

Proceeding on to search in 1 seconds...

------- Length 4
Selected 5528 braids of length 4:
    bucket  count  length  projlen  rhogap/length  reservoir_count
0   (4, 8)      4       4        8          0.875                4
1   (4, 9)   1252       4        9          1.000             1252
2  (4, 10)   1672       4       10          1.125             1672
3  (4, 11)   1784       4       11          1.250             1784
4  (4, 12)    700       4       12          1.375              700
5  (4, 13)    116       4       13          1.500              116

Moving braids forward by 1 GNF letters...
   Done in 1.22 seconds.

------- Length 5
Selected 9064 braids of length 5:
    bucket  count  length  projlen  rhogap/length  reservoir_count
0  (5, 10)     64       5       10            0.9               64
1  (5, 11)   3000       5       11            1.0             5770
2  (5, 12)   3000       5       12            1.1             7644
3  (5, 13)   3000       5       13            1.2             9860

Moving braids forward by 1 GNF letters...
   Done in 1.85 seconds.

------- Length 6
Selected 9484 braids of length 6:
    bucket  count  length  projlen  rhogap/length  reservoir_count
0  (6, 11)     46       6       11       0.833333               46
1  (6, 12)    438       6       12       0.916667              438
2  (6, 13)   3000       6       13       1.000000            13339
3  (6, 14)   3000       6       14       1.083333            14790
4  (6, 15)   3000       6       15       1.166667            16657

Moving braids forward by 1 GNF letters...
   Done in 1.90 seconds.

------- Length 7
Selected 8618 braids of length 7:
    bucket  count  length  projlen  rhogap/length  reservoir_count
0  (7, 12)     62       7       12       0.785714               62
1  (7, 13)    564       7       13       0.857143              564
2  (7, 14)   1992       7       14       0.928571             1992
3  (7, 15)   3000       7       15       1.000000            14292
4  (7, 16)   3000       7       16       1.071429            14393

Moving braids forward by 1 GNF letters...
   Done in 1.86 seconds.

------- Length 8
Selected 9665 braids of length 8:
    bucket  count  length  projlen  rhogap/length  reservoir_count
0  (8, 13)    135       8       13         0.7500              135
1  (8, 14)    530       8       14         0.8125              530
2  (8, 15)   3000       8       15         0.8750             3593
3  (8, 16)   3000       8       16         0.9375             8583
4  (8, 17)   3000       8       17         1.0000            17436

Moving braids forward by 1 GNF letters...
   Done in 2.12 seconds.

------- Length 9
Selected 7180 braids of length 9:
    bucket  count  length  projlen  rhogap/length  reservoir_count
0  (9, 14)    197       9       14       0.722222              197
1  (9, 15)    983       9       15       0.777778              983
2  (9, 16)   3000       9       16       0.833333             3165
3  (9, 17)   3000       9       17       0.888889            14024

Moving braids forward by 1 GNF letters...
   Done in 1.67 seconds.

------- Length 10
Selected 8195 braids of length 10:
     bucket  count  length  projlen  rhogap/length  reservoir_count
0  (10, 14)     93      10       14           0.65               93
1  (10, 15)    387      10       15           0.70              387
2  (10, 16)   1715      10       16           0.75             1715
3  (10, 17)   3000      10       17           0.80             5774
4  (10, 18)   3000      10       18           0.85            12520

Moving braids forward by 1 GNF letters...
   Done in 1.94 seconds.

------- Length 11
Selected 7726 braids of length 11:
     bucket  count  length  projlen  rhogap/length  reservoir_count
0  (11, 14)     32      11       14       0.590909               32
1  (11, 15)    435      11       15       0.636364              435
2  (11, 16)   1259      11       16       0.681818             1259
3  (11, 17)   3000      11       17       0.727273             3561
4  (11, 18)   3000      11       18       0.772727             8409

Moving braids forward by 1 GNF letters...
   Done in 1.92 seconds.

------- Length 12
Selected 7594 braids of length 12:
     bucket  count  length  projlen  rhogap/length  reservoir_count
0  (12, 14)     44      12       14       0.541667               44
1  (12, 15)    363      12       15       0.583333              363
2  (12, 16)   1187      12       16       0.625000             1187
3  (12, 17)   3000      12       17       0.666667             3880
4  (12, 18)   3000      12       18       0.708333             7430

Moving braids forward by 1 GNF letters...
   Done in 1.84 seconds.

------- Length 13
Selected 7620 braids of length 13:
     bucket  count  length  projlen  rhogap/length  reservoir_count
0  (13, 14)     16      13       14       0.500000               16
1  (13, 15)    308      13       15       0.538462              308
2  (13, 16)   1296      13       16       0.576923             1296
3  (13, 17)   3000      13       17       0.615385             3525
4  (13, 18)   3000      13       18       0.653846             7127

Moving braids forward by 1 GNF letters...
   Done in 1.83 seconds.

------- Length 14
Selected 7414 braids of length 14:
     bucket  count  length  projlen  rhogap/length  reservoir_count
0  (14, 14)     31      14       14       0.464286               31
1  (14, 15)    178      14       15       0.500000              178
2  (14, 16)   1205      14       16       0.535714             1205
3  (14, 17)   3000      14       17       0.571429             3414
4  (14, 18)   3000      14       18       0.607143             7498

Moving braids forward by 1 GNF letters...
   Done in 1.83 seconds.

------- Length 15
Selected 7317 braids of length 15:
     bucket  count  length  projlen  rhogap/length  reservoir_count
0  (15, 14)     16      15       14       0.433333               16
1  (15, 15)    255      15       15       0.466667              255
2  (15, 16)   1046      15       16       0.500000             1046
3  (15, 17)   3000      15       17       0.533333             3490
4  (15, 18)   3000      15       18       0.566667             6971

Moving braids forward by 1 GNF letters...
   Done in 1.82 seconds.

------- Length 16
Selected 7244 braids of length 16:
     bucket  count  length  projlen  rhogap/length  reservoir_count
0  (16, 13)      2      16       13        0.37500                2
1  (16, 14)     21      16       14        0.40625               21
2  (16, 15)    382      16       15        0.43750              382
3  (16, 16)    839      16       16        0.46875              839
4  (16, 17)   3000      16       17        0.50000             3549
5  (16, 18)   3000      16       18        0.53125             6541

Moving braids forward by 1 GNF letters...
   Done in 1.84 seconds.

------- Length 17
Selected 7590 braids of length 17:
     bucket  count  length  projlen  rhogap/length  reservoir_count
0  (17, 13)     12      17       13       0.352941               12
1  (17, 14)     49      17       14       0.382353               49
2  (17, 15)    480      17       15       0.411765              480
3  (17, 16)   1049      17       16       0.441176             1049
4  (17, 17)   3000      17       17       0.470588             3813
5  (17, 18)   3000      17       18       0.500000             6328

Moving braids forward by 1 GNF letters...
   Done in 1.93 seconds.

------- Length 18
Selected 8366 braids of length 18:
     bucket  count  length  projlen  rhogap/length  reservoir_count
0  (18, 11)      6      18       11       0.277778                6
1  (18, 12)     23      18       12       0.305556               23
2  (18, 13)     88      18       13       0.333333               88
3  (18, 14)    173      18       14       0.361111              173
4  (18, 15)    697      18       15       0.388889              697
5  (18, 16)   1379      18       16       0.416667             1379
6  (18, 17)   3000      18       17       0.444444             4392
7  (18, 18)   3000      18       18       0.472222             7129

Moving braids forward by 1 GNF letters...
   Done in 2.15 seconds.

------- Length 19
Selected 7735 braids of length 19:
     bucket  count  length  projlen  rhogap/length  reservoir_count
0  (19, 10)     13      19       10       0.236842               13
1  (19, 11)     71      19       11       0.263158               71
2  (19, 12)    120      19       12       0.289474              120
3  (19, 13)    382      19       13       0.315789              382
4  (19, 14)    469      19       14       0.342105              469
5  (19, 15)   1296      19       15       0.368421             1296
6  (19, 16)   2384      19       16       0.394737             2384
7  (19, 17)   3000      19       17       0.421053             5170

Moving braids forward by 1 GNF letters...
   Done in 2.02 seconds.

------- Length 20
Selected 8289 braids of length 20:
     bucket  count  length  projlen  rhogap/length  reservoir_count
0   (20, 8)      3      20        8          0.175                3
1   (20, 9)     34      20        9          0.200               34
2  (20, 10)     49      20       10          0.225               49
3  (20, 11)    218      20       11          0.250              218
4  (20, 12)    263      20       12          0.275              263
5  (20, 13)    902      20       13          0.300              902
6  (20, 14)    974      20       14          0.325              974
7  (20, 15)   2846      20       15          0.350             2846
8  (20, 16)   3000      20       16          0.375             4030

Moving braids forward by 1 GNF letters...
   Done in 1.96 seconds.

------- Length 21
Selected 7747 braids of length 21:
     bucket  count  length  projlen  rhogap/length  reservoir_count
0   (21, 7)     38      21        7       0.142857               38
1   (21, 8)     20      21        8       0.166667               20
2   (21, 9)    225      21        9       0.190476              225
3  (21, 10)    151      21       10       0.214286              151
4  (21, 11)    522      21       11       0.238095              522
5  (21, 12)    405      21       12       0.261905              405
6  (21, 13)   1611      21       13       0.285714             1611
7  (21, 14)   1775      21       14       0.309524             1775
8  (21, 15)   3000      21       15       0.333333             5459

Moving braids forward by 1 GNF letters...
   Done in 1.80 seconds.

------- Length 22
Selected 9304 braids of length 22:
     bucket  count  length  projlen  rhogap/length  reservoir_count
0   (22, 5)     42      22        5       0.090909               42
1   (22, 6)     18      22        6       0.113636               18
2   (22, 7)    249      22        7       0.136364              249
3   (22, 8)    180      22        8       0.159091              180
4   (22, 9)    560      22        9       0.181818              560
5  (22, 10)    390      22       10       0.204545              390
6  (22, 11)   1385      22       11       0.227273             1385
7  (22, 12)   1079      22       12       0.250000             1079
8  (22, 13)   3000      22       13       0.272727             3157
9  (22, 14)   2401      22       14       0.295455             2401

Moving braids forward by 1 GNF letters...
   Done in 2.14 seconds.

------- Length 23
Selected 9595 braids of length 23:
     bucket  count  length  projlen  rhogap/length  reservoir_count
0   (23, 3)     44      23        3       0.043478               44
1   (23, 4)     18      23        4       0.065217               18
2   (23, 5)    279      23        5       0.086957              279
3   (23, 6)    199      23        6       0.108696              199
4   (23, 7)    634      23        7       0.130435              634
5   (23, 8)    459      23        8       0.152174              459
6   (23, 9)   1612      23        9       0.173913             1612
7  (23, 10)   1203      23       10       0.195652             1203
8  (23, 11)   3000      23       11       0.217391             3355
9  (23, 12)   2147      23       12       0.239130             2147

Moving braids forward by 1 GNF letters...
   Done in 2.24 seconds.

------- Length 24
Found kernel elements:
(n=4, r=1, p=3) near-kernel element: Garside length 24, Garside form (0, [(2, 0, 3, 1), (1, 3, 0, 2), (2, 0, 3, 1), (0, 3, 1, 2), (2, 0, 3, 1), (1, 3, 2, 0), (3, 2, 0, 1), (2, 0, 3, 1), (1, 3, 0, 2), (0, 2, 1, 3), (2, 0, 3, 1), (1, 2, 0, 3), (2, 0, 3, 1), (1, 3, 2, 0), (2, 0, 3, 1), (1, 0, 3, 2), (1, 3, 2, 0), (2, 3, 0, 1), (0, 2, 3, 1), (0, 3, 1, 2), (2, 0, 3, 1), (3, 1, 0, 2), (2, 0, 3, 1), (1, 3, 0, 2)])
(n=4, r=1, p=3) near-kernel element: Garside length 24, Garside form (0, [(2, 0, 3, 1), (1, 3, 0, 2), (2, 0, 3, 1), (1, 2, 0, 3), (2, 0, 3, 1), (3, 1, 0, 2), (2, 3, 1, 0), (2, 0, 3, 1), (1, 3, 0, 2), (0, 2, 1, 3), (2, 0, 3, 1), (0, 3, 1, 2), (2, 0, 3, 1), (3, 1, 0, 2), (2, 0, 3, 1), (1, 0, 3, 2), (3, 1, 0, 2), (2, 3, 0, 1), (2, 0, 1, 3), (1, 2, 0, 3), (2, 0, 3, 1), (1, 3, 2, 0), (2, 0, 3, 1), (1, 3, 0, 2)])
(n=4, r=1, p=3) near-kernel element: Garside length 24, Garside form (0, [(2, 0, 3, 1), (1, 2, 0, 3), (2, 0, 3, 1), (1, 3, 2, 0), (2, 0, 3, 1), (1, 3, 0, 2), (2, 3, 0, 1), (2, 0, 3, 1), (0, 3, 1, 2), (2, 0, 3, 1), (3, 1, 2, 0), (3, 1, 2, 0), (3, 1, 0, 2), (2, 0, 3, 1), (1, 3, 0, 2), (2, 0, 3, 1), (1, 2, 0, 3), (2, 0, 3, 1), (1, 0, 3, 2), (3, 1, 0, 2), (2, 0, 3, 1), (1, 3, 0, 2), (0, 2, 1, 3), (0, 2, 1, 3)])
(n=4, r=1, p=3) near-kernel element: Garside length 24, Garside form (0, [(2, 0, 3, 1), (0, 3, 1, 2), (2, 0, 3, 1), (3, 1, 0, 2), (2, 0, 3, 1), (1, 3, 0, 2), (2, 3, 0, 1), (2, 0, 3, 1), (1, 2, 0, 3), (2, 0, 3, 1), (3, 1, 2, 0), (3, 1, 2, 0), (1, 3, 2, 0), (2, 0, 3, 1), (1, 3, 0, 2), (2, 0, 3, 1), (0, 3, 1, 2), (2, 0, 3, 1), (1, 0, 3, 2), (1, 3, 2, 0), (2, 0, 3, 1), (1, 3, 0, 2), (0, 2, 1, 3), (0, 2, 1, 3)])
(n=4, r=1, p=3) near-kernel element: Garside length 24, Garside form (0, [(1, 3, 0, 2), (2, 0, 3, 1), (1, 2, 0, 3), (2, 3, 0, 1), (2, 0, 3, 1), (3, 1, 0, 2), (2, 0, 3, 1), (1, 3, 0, 2), (2, 0, 3, 1), (0, 3, 1, 2), (0, 2, 1, 3), (0, 2, 1, 3), (2, 0, 3, 1), (1, 3, 2, 0), (2, 0, 3, 1), (1, 0, 3, 2), (1, 3, 0, 2), (2, 0, 3, 1), (0, 3, 1, 2), (2, 0, 3, 1), (1, 3, 2, 0), (2, 0, 3, 1), (3, 1, 2, 0), (3, 1, 2, 0)])
(n=4, r=1, p=3) near-kernel element: Garside length 24, Garside form (0, [(1, 0, 3, 2), (1, 3, 0, 2), (2, 0, 3, 1), (0, 3, 1, 2), (2, 0, 3, 1), (1, 3, 2, 0), (2, 0, 3, 1), (1, 3, 0, 2), (2, 0, 3, 1), (0, 1, 3, 2), (0, 1, 3, 2), (0, 1, 3, 2), (0, 3, 1, 2), (2, 0, 3, 1), (1, 3, 2, 0), (2, 0, 3, 1), (1, 3, 0, 2), (2, 0, 3, 1), (0, 3, 1, 2), (2, 0, 3, 1), (1, 0, 3, 2), (1, 3, 2, 0), (3, 2, 0, 1), (2, 0, 3, 1)])
(n=4, r=1, p=3) near-kernel element: Garside length 24, Garside form (0, [(1, 0, 3, 2), (1, 3, 0, 2), (2, 0, 3, 1), (1, 2, 0, 3), (2, 0, 3, 1), (3, 1, 0, 2), (2, 0, 3, 1), (1, 3, 0, 2), (2, 0, 3, 1), (1, 0, 2, 3), (1, 0, 2, 3), (1, 0, 2, 3), (1, 2, 0, 3), (2, 0, 3, 1), (3, 1, 0, 2), (2, 0, 3, 1), (1, 3, 0, 2), (2, 0, 3, 1), (1, 2, 0, 3), (2, 0, 3, 1), (1, 0, 3, 2), (3, 1, 0, 2), (2, 3, 1, 0), (2, 0, 3, 1)])
(n=4, r=1, p=3) near-kernel element: Garside length 24, Garside form (0, [(2, 1, 3, 0), (1, 3, 0, 2), (2, 0, 3, 1), (0, 3, 1, 2), (2, 0, 3, 1), (3, 1, 0, 2), (2, 0, 3, 1), (1, 3, 0, 2), (2, 3, 0, 1), (2, 0, 3, 1), (1, 0, 2, 3), (1, 2, 0, 3), (2, 3, 0, 1), (2, 0, 3, 1), (3, 1, 0, 2), (2, 0, 3, 1), (1, 3, 0, 2), (2, 0, 3, 1), (0, 3, 1, 2), (2, 0, 3, 1), (3, 1, 0, 2), (2, 3, 1, 0), (3, 2, 0, 1), (2, 3, 0, 1)])
(n=4, r=1, p=3) near-kernel element: Garside length 24, Garside form (0, [(3, 1, 2, 0), (1, 3, 0, 2), (2, 0, 3, 1), (0, 3, 1, 2), (2, 0, 3, 1), (1, 3, 2, 0), (2, 0, 3, 1), (1, 0, 3, 2), (1, 3, 0, 2), (2, 3, 0, 1), (2, 0, 3, 1), (1, 2, 0, 3), (0, 2, 1, 3), (2, 0, 3, 1), (3, 1, 0, 2), (2, 0, 3, 1), (1, 3, 0, 2), (2, 0, 3, 1), (0, 3, 1, 2), (2, 3, 0, 1), (2, 0, 3, 1), (1, 0, 3, 2), (1, 3, 2, 0), (2, 0, 3, 1)])
(n=4, r=1, p=3) near-kernel element: Garside length 24, Garside form (0, [(3, 1, 2, 0), (1, 3, 0, 2), (2, 0, 3, 1), (1, 2, 0, 3), (2, 0, 3, 1), (3, 1, 0, 2), (2, 0, 3, 1), (1, 0, 3, 2), (1, 3, 0, 2), (2, 3, 0, 1), (2, 0, 3, 1), (0, 3, 1, 2), (0, 2, 1, 3), (2, 0, 3, 1), (1, 3, 2, 0), (2, 0, 3, 1), (1, 3, 0, 2), (2, 0, 3, 1), (1, 2, 0, 3), (2, 3, 0, 1), (2, 0, 3, 1), (1, 0, 3, 2), (3, 1, 0, 2), (2, 0, 3, 1)])
(n=4, r=1, p=3) near-kernel element: Garside length 24, Garside form (0, [(1, 0, 3, 2), (1, 3, 0, 2), (2, 0, 3, 1), (0, 3, 1, 2), (2, 0, 3, 1), (1, 3, 2, 0), (2, 0, 3, 1), (3, 1, 2, 0), (3, 1, 2, 0), (1, 3, 0, 2), (2, 0, 3, 1), (1, 2, 0, 3), (2, 3, 0, 1), (2, 0, 3, 1), (3, 1, 0, 2), (2, 0, 3, 1), (1, 3, 0, 2), (2, 0, 3, 1), (0, 3, 1, 2), (0, 2, 1, 3), (0, 2, 1, 3), (2, 0, 3, 1), (1, 3, 2, 0), (2, 0, 3, 1)])
(n=4, r=1, p=3) near-kernel element: Garside length 24, Garside form (0, [(3, 1, 2, 0), (1, 3, 0, 2), (2, 0, 3, 1), (0, 3, 1, 2), (2, 3, 0, 1), (2, 0, 3, 1), (1, 3, 2, 0), (2, 0, 3, 1), (1, 3, 0, 2), (2, 0, 3, 1), (1, 2, 0, 3), (0, 2, 1, 3), (0, 2, 1, 3), (2, 0, 3, 1), (3, 1, 0, 2), (2, 0, 3, 1), (1, 0, 3, 2), (1, 3, 0, 2), (2, 0, 3, 1), (1, 2, 0, 3), (2, 0, 3, 1), (3, 1, 0, 2), (2, 0, 3, 1), (3, 1, 2, 0)])
(n=4, r=1, p=3) near-kernel element: Garside length 24, Garside form (0, [(3, 1, 2, 0), (1, 3, 0, 2), (2, 0, 3, 1), (1, 2, 0, 3), (2, 0, 3, 1), (3, 1, 0, 2), (2, 3, 1, 0), (2, 0, 3, 1), (3, 1, 2, 0), (1, 3, 0, 2), (2, 0, 3, 1), (1, 2, 0, 3), (2, 0, 3, 1), (3, 1, 0, 2), (2, 3, 1, 0), (2, 0, 3, 1), (3, 1, 2, 0), (1, 3, 0, 2), (2, 0, 3, 1), (1, 2, 0, 3), (2, 0, 3, 1), (3, 1, 0, 2), (2, 3, 1, 0), (2, 0, 3, 1)])
(n=4, r=1, p=3) near-kernel element: Garside length 24, Garside form (0, [(2, 3, 1, 0), (3, 0, 2, 1), (1, 3, 0, 2), (2, 0, 3, 1), (1, 2, 0, 3), (2, 0, 3, 1), (1, 3, 2, 0), (2, 0, 3, 1), (1, 3, 0, 2), (2, 3, 0, 1), (2, 0, 3, 1), (0, 1, 3, 2), (0, 3, 1, 2), (2, 3, 0, 1), (2, 0, 3, 1), (1, 3, 2, 0), (2, 0, 3, 1), (1, 3, 0, 2), (2, 0, 3, 1), (1, 2, 0, 3), (2, 0, 3, 1), (1, 3, 2, 0), (3, 2, 0, 1), (2, 3, 0, 1)])
(n=4, r=1, p=3) near-kernel element: Garside length 24, Garside form (0, [(1, 0, 3, 2), (1, 3, 0, 2), (2, 3, 0, 1), (2, 0, 3, 1), (0, 3, 1, 2), (2, 0, 3, 1), (3, 1, 0, 2), (2, 0, 3, 1), (1, 3, 0, 2), (0, 2, 1, 3), (2, 0, 3, 1), (1, 2, 0, 3), (2, 3, 0, 1), (2, 0, 3, 1), (1, 0, 3, 2), (1, 3, 2, 0), (2, 0, 3, 1), (1, 3, 0, 2), (2, 0, 3, 1), (0, 3, 1, 2), (2, 0, 3, 1), (3, 1, 2, 0), (1, 3, 2, 0), (2, 0, 3, 1)])
(n=4, r=1, p=3) near-kernel element: Garside length 24, Garside form (0, [(2, 1, 3, 0), (1, 3, 0, 2), (2, 0, 3, 1), (1, 2, 0, 3), (2, 0, 3, 1), (1, 0, 3, 2), (3, 1, 0, 2), (2, 0, 3, 1), (1, 3, 0, 2), (0, 2, 1, 3), (0, 2, 1, 3), (2, 0, 3, 1), (1, 2, 0, 3), (2, 0, 3, 1), (1, 3, 2, 0), (2, 0, 3, 1), (1, 3, 0, 2), (2, 3, 0, 1), (2, 0, 3, 1), (0, 3, 1, 2), (2, 0, 3, 1), (3, 1, 2, 0), (3, 1, 2, 0), (1, 3, 0, 2)])
(n=4, r=1, p=3) near-kernel element: Garside length 24, Garside form (0, [(1, 3, 2, 0), (2, 0, 3, 1), (1, 3, 0, 2), (2, 0, 3, 1), (0, 3, 1, 2), (2, 0, 3, 1), (1, 0, 3, 2), (1, 3, 2, 0), (2, 0, 3, 1), (1, 3, 0, 2), (0, 2, 1, 3), (0, 2, 1, 3), (2, 0, 3, 1), (0, 3, 1, 2), (2, 0, 3, 1), (3, 1, 0, 2), (2, 0, 3, 1), (1, 3, 0, 2), (2, 3, 0, 1), (2, 0, 3, 1), (1, 2, 0, 3), (2, 0, 3, 1), (3, 1, 2, 0), (3, 1, 2, 0)])
(n=4, r=1, p=3) near-kernel element: Garside length 24, Garside form (0, [(1, 0, 3, 2), (3, 1, 0, 2), (2, 3, 0, 1), (2, 0, 1, 3), (1, 2, 0, 3), (2, 0, 3, 1), (1, 3, 2, 0), (2, 0, 3, 1), (1, 3, 0, 2), (2, 0, 3, 1), (1, 3, 0, 2), (2, 0, 3, 1), (1, 2, 0, 3), (2, 0, 3, 1), (3, 1, 0, 2), (2, 3, 1, 0), (2, 0, 3, 1), (1, 3, 0, 2), (0, 2, 1, 3), (2, 0, 3, 1), (0, 3, 1, 2), (2, 0, 3, 1), (3, 1, 0, 2), (2, 0, 3, 1)])
(n=4, r=1, p=3) near-kernel element: Garside length 24, Garside form (0, [(1, 3, 2, 0), (2, 0, 3, 1), (1, 3, 0, 2), (2, 0, 3, 1), (0, 3, 1, 2), (2, 0, 3, 1), (3, 1, 2, 0), (1, 3, 2, 0), (2, 0, 3, 1), (1, 0, 3, 2), (1, 3, 0, 2), (2, 3, 0, 1), (2, 0, 3, 1), (0, 3, 1, 2), (2, 0, 3, 1), (3, 1, 0, 2), (2, 0, 3, 1), (1, 3, 0, 2), (0, 2, 1, 3), (2, 0, 3, 1), (1, 2, 0, 3), (2, 3, 0, 1), (2, 0, 3, 1), (1, 0, 3, 2)])
(n=4, r=1, p=3) near-kernel element: Garside length 24, Garside form (0, [(1, 3, 0, 2), (2, 0, 3, 1), (1, 3, 2, 0), (2, 0, 3, 1), (1, 3, 0, 2), (2, 0, 3, 1), (0, 3, 1, 2), (2, 0, 3, 1), (1, 0, 3, 2), (1, 3, 2, 0), (3, 2, 0, 1), (2, 0, 3, 1), (1, 0, 3, 2), (1, 3, 0, 2), (2, 0, 3, 1), (1, 2, 0, 3), (2, 0, 3, 1), (3, 1, 0, 2), (2, 0, 3, 1), (1, 3, 0, 2), (2, 0, 1, 3), (1, 0, 2, 3), (1, 0, 2, 3), (1, 0, 2, 3)])
(n=4, r=1, p=3) near-kernel element: Garside length 24, Garside form (0, [(2, 0, 3, 1), (1, 3, 0, 2), (2, 0, 3, 1), (1, 2, 0, 3), (2, 0, 3, 1), (1, 3, 2, 0), (2, 0, 3, 1), (1, 3, 0, 2), (2, 3, 0, 1), (2, 0, 3, 1), (0, 1, 3, 2), (0, 3, 1, 2), (2, 3, 0, 1), (2, 0, 3, 1), (1, 3, 2, 0), (2, 0, 3, 1), (1, 3, 0, 2), (2, 0, 3, 1), (1, 2, 0, 3), (2, 0, 3, 1), (1, 3, 2, 0), (3, 2, 0, 1), (2, 3, 1, 0), (3, 2, 0, 1)])
(n=4, r=1, p=3) near-kernel element: Garside length 24, Garside form (0, [(1, 3, 0, 2), (2, 0, 3, 1), (1, 3, 0, 2), (2, 0, 3, 1), (0, 3, 1, 2), (2, 0, 3, 1), (1, 3, 2, 0), (3, 2, 0, 1), (2, 0, 3, 1), (1, 3, 0, 2), (0, 2, 1, 3), (2, 0, 3, 1), (1, 2, 0, 3), (2, 0, 3, 1), (1, 3, 2, 0), (2, 0, 3, 1), (1, 0, 3, 2), (1, 3, 2, 0), (2, 3, 0, 1), (0, 2, 3, 1), (0, 3, 1, 2), (2, 0, 3, 1), (3, 1, 0, 2), (2, 0, 3, 1)])
(n=4, r=1, p=3) near-kernel element: Garside length 24, Garside form (0, [(2, 0, 3, 1), (1, 3, 2, 0), (2, 0, 3, 1), (1, 3, 2, 0), (2, 3, 0, 1), (0, 2, 3, 1), (0, 3, 1, 2), (2, 0, 3, 1), (1, 0, 3, 2), (3, 1, 0, 2), (2, 0, 3, 1), (1, 3, 0, 2), (2, 0, 3, 1), (0, 3, 1, 2), (0, 2, 1, 3), (2, 0, 3, 1), (1, 3, 2, 0), (3, 2, 0, 1), (2, 0, 3, 1), (1, 3, 0, 2), (2, 0, 3, 1), (1, 2, 0, 3), (2, 0, 3, 1), (1, 3, 0, 2)])
(n=4, r=1, p=3) near-kernel element: Garside length 24, Garside form (0, [(2, 0, 3, 1), (3, 1, 0, 2), (2, 0, 3, 1), (3, 1, 0, 2), (2, 3, 0, 1), (2, 0, 1, 3), (1, 2, 0, 3), (2, 0, 3, 1), (1, 0, 3, 2), (1, 3, 2, 0), (2, 0, 3, 1), (1, 3, 0, 2), (2, 0, 3, 1), (1, 2, 0, 3), (0, 2, 1, 3), (2, 0, 3, 1), (3, 1, 0, 2), (2, 3, 1, 0), (2, 0, 3, 1), (1, 3, 0, 2), (2, 0, 3, 1), (0, 3, 1, 2), (2, 0, 3, 1), (1, 3, 0, 2)])
(n=4, r=1, p=3) near-kernel element: Garside length 24, Garside form (0, [(3, 1, 2, 0), (1, 3, 2, 0), (2, 0, 3, 1), (1, 3, 0, 2), (2, 0, 3, 1), (0, 3, 1, 2), (2, 0, 3, 1), (1, 0, 3, 2), (1, 3, 2, 0), (2, 0, 3, 1), (1, 3, 0, 2), (0, 2, 1, 3), (0, 2, 1, 3), (2, 0, 3, 1), (0, 3, 1, 2), (2, 0, 3, 1), (3, 1, 0, 2), (2, 0, 3, 1), (1, 3, 0, 2), (2, 3, 0, 1), (2, 0, 3, 1), (1, 2, 0, 3), (2, 0, 3, 1), (3, 1, 2, 0)])
(n=4, r=1, p=3) near-kernel element: Garside length 24, Garside form (0, [(2, 0, 3, 1), (1, 3, 2, 0), (2, 0, 3, 1), (1, 0, 3, 2), (1, 3, 0, 2), (2, 0, 3, 1), (0, 3, 1, 2), (2, 0, 3, 1), (1, 3, 2, 0), (2, 0, 3, 1), (3, 1, 2, 0), (3, 1, 2, 0), (1, 3, 0, 2), (2, 0, 3, 1), (1, 2, 0, 3), (2, 3, 0, 1), (2, 0, 3, 1), (3, 1, 0, 2), (2, 0, 3, 1), (1, 3, 0, 2), (2, 0, 3, 1), (0, 3, 1, 2), (0, 2, 1, 3), (0, 2, 1, 3)])
(n=4, r=1, p=3) near-kernel element: Garside length 24, Garside form (0, [(2, 0, 3, 1), (3, 1, 0, 2), (2, 0, 3, 1), (1, 0, 3, 2), (1, 3, 0, 2), (2, 0, 3, 1), (1, 2, 0, 3), (2, 0, 3, 1), (3, 1, 0, 2), (2, 0, 3, 1), (3, 1, 2, 0), (3, 1, 2, 0), (1, 3, 0, 2), (2, 0, 3, 1), (0, 3, 1, 2), (2, 3, 0, 1), (2, 0, 3, 1), (1, 3, 2, 0), (2, 0, 3, 1), (1, 3, 0, 2), (2, 0, 3, 1), (1, 2, 0, 3), (0, 2, 1, 3), (0, 2, 1, 3)])
(n=4, r=1, p=3) near-kernel element: Garside length 24, Garside form (0, [(2, 0, 3, 1), (1, 3, 2, 0), (2, 0, 3, 1), (1, 3, 0, 2), (2, 0, 3, 1), (1, 0, 2, 3), (1, 2, 0, 3), (2, 0, 3, 1), (3, 1, 2, 0), (3, 1, 0, 2), (2, 0, 3, 1), (1, 3, 0, 2), (2, 0, 3, 1), (1, 2, 0, 3), (2, 3, 0, 1), (2, 0, 3, 1), (1, 3, 2, 0), (3, 0, 2, 1), (1, 0, 3, 2), (0, 3, 1, 2), (2, 0, 3, 1), (0, 3, 1, 2), (2, 0, 3, 1), (1, 3, 0, 2)])
(n=4, r=1, p=3) near-kernel element: Garside length 24, Garside form (0, [(2, 0, 3, 1), (3, 1, 0, 2), (2, 0, 3, 1), (1, 3, 0, 2), (2, 0, 3, 1), (0, 1, 3, 2), (0, 3, 1, 2), (2, 0, 3, 1), (3, 1, 2, 0), (1, 3, 2, 0), (2, 0, 3, 1), (1, 3, 0, 2), (2, 0, 3, 1), (0, 3, 1, 2), (2, 3, 0, 1), (2, 0, 3, 1), (3, 1, 0, 2), (2, 1, 3, 0), (1, 0, 3, 2), (1, 2, 0, 3), (2, 0, 3, 1), (1, 2, 0, 3), (2, 0, 3, 1), (1, 3, 0, 2)])
(n=4, r=1, p=3) near-kernel element: Garside length 24, Garside form (0, [(1, 0, 3, 2), (0, 3, 1, 2), (2, 0, 3, 1), (1, 3, 2, 0), (2, 0, 3, 1), (1, 3, 0, 2), (2, 0, 3, 1), (0, 3, 1, 2), (2, 0, 3, 1), (1, 0, 3, 2), (1, 3, 2, 0), (3, 2, 0, 1), (2, 0, 3, 1), (1, 0, 3, 2), (1, 3, 0, 2), (2, 0, 3, 1), (1, 2, 0, 3), (2, 0, 3, 1), (3, 1, 0, 2), (2, 0, 3, 1), (1, 3, 0, 2), (2, 0, 1, 3), (1, 0, 2, 3), (1, 0, 2, 3)])
(n=4, r=1, p=3) near-kernel element: Garside length 24, Garside form (0, [(3, 2, 0, 1), (2, 0, 3, 1), (1, 3, 0, 2), (2, 0, 3, 1), (0, 3, 1, 2), (2, 0, 3, 1), (3, 1, 0, 2), (2, 0, 3, 1), (1, 3, 0, 2), (2, 3, 0, 1), (2, 0, 3, 1), (1, 0, 2, 3), (1, 2, 0, 3), (2, 3, 0, 1), (2, 0, 3, 1), (3, 1, 0, 2), (2, 0, 3, 1), (1, 3, 0, 2), (2, 0, 3, 1), (0, 3, 1, 2), (2, 0, 3, 1), (3, 1, 0, 2), (2, 3, 1, 0), (3, 2, 0, 1)])
(n=4, r=1, p=3) near-kernel element: Garside length 24, Garside form (0, [(2, 3, 1, 0), (2, 0, 3, 1), (1, 3, 0, 2), (2, 0, 3, 1), (1, 2, 0, 3), (2, 0, 3, 1), (1, 3, 2, 0), (2, 0, 3, 1), (1, 3, 0, 2), (2, 3, 0, 1), (2, 0, 3, 1), (0, 1, 3, 2), (0, 3, 1, 2), (2, 3, 0, 1), (2, 0, 3, 1), (1, 3, 2, 0), (2, 0, 3, 1), (1, 3, 0, 2), (2, 0, 3, 1), (1, 2, 0, 3), (2, 0, 3, 1), (1, 3, 2, 0), (3, 2, 0, 1), (2, 3, 1, 0)])
(n=4, r=1, p=3) near-kernel element: Garside length 24, Garside form (0, [(0, 2, 1, 3), (2, 0, 3, 1), (1, 3, 2, 0), (2, 0, 3, 1), (1, 0, 3, 2), (1, 3, 0, 2), (2, 0, 3, 1), (0, 3, 1, 2), (2, 0, 3, 1), (1, 3, 2, 0), (2, 0, 3, 1), (3, 1, 2, 0), (3, 1, 2, 0), (1, 3, 0, 2), (2, 0, 3, 1), (1, 2, 0, 3), (2, 3, 0, 1), (2, 0, 3, 1), (3, 1, 0, 2), (2, 0, 3, 1), (1, 3, 0, 2), (2, 0, 3, 1), (0, 3, 1, 2), (0, 2, 1, 3)])
(n=4, r=1, p=3) near-kernel element: Garside length 24, Garside form (0, [(0, 2, 1, 3), (2, 0, 3, 1), (3, 1, 0, 2), (2, 0, 3, 1), (1, 0, 3, 2), (1, 3, 0, 2), (2, 0, 3, 1), (1, 2, 0, 3), (2, 0, 3, 1), (3, 1, 0, 2), (2, 0, 3, 1), (3, 1, 2, 0), (3, 1, 2, 0), (1, 3, 0, 2), (2, 0, 3, 1), (0, 3, 1, 2), (2, 3, 0, 1), (2, 0, 3, 1), (1, 3, 2, 0), (2, 0, 3, 1), (1, 3, 0, 2), (2, 0, 3, 1), (1, 2, 0, 3), (0, 2, 1, 3)])
(n=4, r=1, p=3) near-kernel element: Garside length 24, Garside form (0, [(2, 0, 3, 1), (1, 0, 3, 2), (1, 3, 2, 0), (2, 0, 3, 1), (1, 3, 0, 2), (2, 0, 3, 1), (0, 3, 1, 2), (2, 0, 3, 1), (3, 1, 2, 0), (1, 3, 2, 0), (2, 0, 3, 1), (1, 0, 3, 2), (1, 3, 0, 2), (2, 3, 0, 1), (2, 0, 3, 1), (0, 3, 1, 2), (2, 0, 3, 1), (3, 1, 0, 2), (2, 0, 3, 1), (1, 3, 0, 2), (0, 2, 1, 3), (2, 0, 3, 1), (1, 2, 0, 3), (2, 3, 0, 1)])
(n=4, r=1, p=3) near-kernel element: Garside length 24, Garside form (0, [(1, 3, 0, 2), (2, 0, 3, 1), (1, 3, 2, 0), (2, 0, 3, 1), (1, 3, 0, 2), (2, 0, 3, 1), (1, 0, 2, 3), (1, 2, 0, 3), (2, 0, 3, 1), (3, 1, 2, 0), (3, 1, 0, 2), (2, 0, 3, 1), (1, 3, 0, 2), (2, 0, 3, 1), (1, 2, 0, 3), (2, 3, 0, 1), (2, 0, 3, 1), (1, 3, 2, 0), (3, 0, 2, 1), (1, 0, 3, 2), (0, 3, 1, 2), (2, 0, 3, 1), (0, 3, 1, 2), (2, 0, 3, 1)])
(n=4, r=1, p=3) near-kernel element: Garside length 24, Garside form (0, [(1, 3, 0, 2), (2, 3, 0, 1), (2, 0, 3, 1), (1, 3, 2, 0), (2, 0, 3, 1), (1, 3, 0, 2), (2, 0, 3, 1), (1, 2, 0, 3), (2, 0, 3, 1), (1, 3, 2, 0), (3, 2, 0, 1), (2, 3, 1, 0), (3, 2, 0, 1), (2, 0, 3, 1), (1, 3, 0, 2), (2, 0, 3, 1), (0, 3, 1, 2), (2, 0, 3, 1), (3, 1, 0, 2), (2, 0, 3, 1), (1, 3, 0, 2), (2, 3, 0, 1), (2, 0, 1, 3), (1, 0, 2, 3)])
(n=4, r=1, p=3) near-kernel element: Garside length 24, Garside form (0, [(2, 0, 3, 1), (1, 0, 3, 2), (1, 3, 0, 2), (2, 0, 3, 1), (1, 2, 0, 3), (2, 0, 3, 1), (3, 1, 0, 2), (2, 0, 3, 1), (1, 3, 0, 2), (2, 0, 3, 1), (1, 0, 2, 3), (1, 0, 2, 3), (1, 0, 2, 3), (1, 2, 0, 3), (2, 0, 3, 1), (3, 1, 0, 2), (2, 0, 3, 1), (1, 3, 0, 2), (2, 0, 3, 1), (1, 2, 0, 3), (2, 0, 3, 1), (1, 0, 3, 2), (3, 1, 0, 2), (2, 3, 1, 0)])
(n=4, r=1, p=3) near-kernel element: Garside length 24, Garside form (0, [(2, 3, 0, 1), (2, 0, 3, 1), (1, 0, 3, 2), (3, 1, 0, 2), (2, 0, 3, 1), (1, 3, 0, 2), (2, 0, 3, 1), (1, 2, 0, 3), (2, 0, 3, 1), (3, 1, 2, 0), (3, 1, 0, 2), (2, 0, 3, 1), (1, 0, 3, 2), (1, 3, 0, 2), (2, 3, 0, 1), (2, 0, 3, 1), (1, 2, 0, 3), (2, 0, 3, 1), (1, 3, 2, 0), (2, 0, 3, 1), (1, 3, 0, 2), (0, 2, 1, 3), (2, 0, 3, 1), (0, 3, 1, 2)])
(n=4, r=1, p=3) near-kernel element: Garside length 24, Garside form (0, [(0, 2, 1, 3), (2, 0, 3, 1), (1, 3, 2, 0), (2, 0, 3, 1), (1, 3, 0, 2), (2, 0, 3, 1), (1, 2, 0, 3), (2, 3, 0, 1), (2, 0, 3, 1), (1, 0, 3, 2), (3, 1, 0, 2), (2, 0, 3, 1), (3, 1, 2, 0), (1, 3, 0, 2), (2, 0, 3, 1), (1, 2, 0, 3), (2, 0, 3, 1), (3, 1, 0, 2), (2, 0, 3, 1), (1, 0, 3, 2), (1, 3, 0, 2), (2, 3, 0, 1), (2, 0, 3, 1), (0, 3, 1, 2)])
(n=4, r=1, p=3) near-kernel element: Garside length 24, Garside form (0, [(0, 2, 1, 3), (2, 0, 3, 1), (3, 1, 0, 2), (2, 0, 3, 1), (1, 3, 0, 2), (2, 0, 3, 1), (0, 3, 1, 2), (2, 3, 0, 1), (2, 0, 3, 1), (1, 0, 3, 2), (1, 3, 2, 0), (2, 0, 3, 1), (3, 1, 2, 0), (1, 3, 0, 2), (2, 0, 3, 1), (0, 3, 1, 2), (2, 0, 3, 1), (1, 3, 2, 0), (2, 0, 3, 1), (1, 0, 3, 2), (1, 3, 0, 2), (2, 3, 0, 1), (2, 0, 3, 1), (1, 2, 0, 3)])
(n=4, r=1, p=3) near-kernel element: Garside length 24, Garside form (0, [(2, 3, 0, 1), (2, 0, 3, 1), (3, 1, 0, 2), (2, 0, 3, 1), (1, 3, 0, 2), (2, 0, 3, 1), (0, 3, 1, 2), (2, 0, 3, 1), (3, 1, 0, 2), (2, 3, 1, 0), (3, 2, 0, 1), (2, 3, 1, 0), (2, 0, 3, 1), (1, 3, 0, 2), (2, 0, 3, 1), (1, 2, 0, 3), (2, 0, 3, 1), (1, 3, 2, 0), (2, 0, 3, 1), (1, 3, 0, 2), (2, 3, 0, 1), (2, 0, 3, 1), (0, 1, 3, 2), (0, 3, 1, 2)])
(n=4, r=1, p=3) near-kernel element: Garside length 24, Garside form (0, [(1, 3, 0, 2), (0, 2, 1, 3), (2, 0, 3, 1), (1, 3, 2, 0), (2, 0, 3, 1), (1, 3, 0, 2), (2, 0, 3, 1), (1, 2, 0, 3), (2, 3, 0, 1), (2, 0, 3, 1), (1, 0, 3, 2), (3, 1, 0, 2), (2, 0, 3, 1), (3, 1, 2, 0), (1, 3, 0, 2), (2, 0, 3, 1), (1, 2, 0, 3), (2, 0, 3, 1), (3, 1, 0, 2), (2, 0, 3, 1), (1, 0, 3, 2), (1, 3, 0, 2), (2, 3, 0, 1), (0, 2, 3, 1)])
(n=4, r=1, p=3) near-kernel element: Garside length 24, Garside form (0, [(2, 0, 3, 1), (3, 1, 2, 0), (1, 3, 0, 2), (2, 0, 3, 1), (0, 3, 1, 2), (2, 0, 3, 1), (1, 3, 2, 0), (2, 0, 3, 1), (1, 0, 3, 2), (1, 3, 0, 2), (2, 3, 0, 1), (2, 0, 3, 1), (1, 2, 0, 3), (0, 2, 1, 3), (2, 0, 3, 1), (3, 1, 0, 2), (2, 0, 3, 1), (1, 3, 0, 2), (2, 0, 3, 1), (0, 3, 1, 2), (2, 3, 0, 1), (2, 0, 3, 1), (1, 0, 3, 2), (1, 3, 2, 0)])
(n=4, r=1, p=3) near-kernel element: Garside length 24, Garside form (0, [(2, 0, 3, 1), (3, 1, 2, 0), (1, 3, 0, 2), (2, 0, 3, 1), (1, 2, 0, 3), (2, 0, 3, 1), (3, 1, 0, 2), (2, 0, 3, 1), (1, 0, 3, 2), (1, 3, 0, 2), (2, 3, 0, 1), (2, 0, 3, 1), (0, 3, 1, 2), (0, 2, 1, 3), (2, 0, 3, 1), (1, 3, 2, 0), (2, 0, 3, 1), (1, 3, 0, 2), (2, 0, 3, 1), (1, 2, 0, 3), (2, 3, 0, 1), (2, 0, 3, 1), (1, 0, 3, 2), (3, 1, 0, 2)])
(n=4, r=1, p=3) near-kernel element: Garside length 24, Garside form (0, [(2, 0, 3, 1), (1, 3, 0, 2), (2, 0, 3, 1), (0, 3, 1, 2), (2, 0, 3, 1), (1, 0, 3, 2), (1, 3, 2, 0), (2, 0, 3, 1), (1, 3, 0, 2), (0, 2, 1, 3), (0, 2, 1, 3), (2, 0, 3, 1), (0, 3, 1, 2), (2, 0, 3, 1), (3, 1, 0, 2), (2, 0, 3, 1), (1, 3, 0, 2), (2, 3, 0, 1), (2, 0, 3, 1), (1, 2, 0, 3), (2, 0, 3, 1), (3, 1, 2, 0), (3, 1, 2, 0), (1, 3, 2, 0)])
(n=4, r=1, p=3) near-kernel element: Garside length 24, Garside form (0, [(2, 0, 3, 1), (1, 3, 0, 2), (2, 0, 3, 1), (1, 2, 0, 3), (2, 0, 3, 1), (1, 0, 3, 2), (3, 1, 0, 2), (2, 0, 3, 1), (1, 3, 0, 2), (0, 2, 1, 3), (0, 2, 1, 3), (2, 0, 3, 1), (1, 2, 0, 3), (2, 0, 3, 1), (1, 3, 2, 0), (2, 0, 3, 1), (1, 3, 0, 2), (2, 3, 0, 1), (2, 0, 3, 1), (0, 3, 1, 2), (2, 0, 3, 1), (3, 1, 2, 0), (3, 1, 2, 0), (3, 1, 0, 2)])
Selected 7673 braids of length 24:
    bucket  count  length  projlen  rhogap/length  reservoir_count
0  (24, 1)     47      24        1       0.000000               47
1  (24, 3)    246      24        3       0.041667              246
2  (24, 4)    233      24        4       0.062500              233
3  (24, 5)    546      24        5       0.083333              546
4  (24, 6)    593      24        6       0.104167              593
5  (24, 7)   1652      24        7       0.125000             1652
6  (24, 8)   1356      24        8       0.145833             1356
7  (24, 9)   3000      24        9       0.166667             3873

Moving braids forward by 1 GNF letters...
   Done in 1.78 seconds.
