Representation: Two-rowed representation (3, 1) of B4, over F5
Tracker initialised with bucket size 15000, random seed 5.
Bootstrapping up to Garside length 5 (30,478 braids)...
Bootstrapping took 2.24 seconds
Initial buckets:
     bucket  count  length  projlen  rhogap/length  reservoir_count
10   (1, 3)     10       1        3       1.000000               10
16   (1, 4)     12       1        4       1.500000               12
9    (2, 5)     56       2        5       1.000000               56
17   (2, 6)     76       2        6       1.250000               76
1    (2, 7)     32       2        7       1.500000               32
3    (3, 7)    270       3        7       1.000000              270
12   (3, 8)    364       3        8       1.166667              364
18   (3, 9)    288       3        9       1.333333              288
5   (3, 10)     60       3       10       1.500000               60
2    (4, 9)   1256       4        9       1.000000             1256
11  (4, 10)   1672       4       10       1.125000             1672
19  (4, 11)   1784       4       11       1.250000             1784
4   (4, 12)    700       4       12       1.375000              700
14  (4, 13)    116       4       13       1.500000              116
7   (5, 10)      4       5       10       0.900000                4
13  (5, 11)   5798       5       11       1.000000             5798
20  (5, 12)   7672       5       12       1.100000             7672
6   (5, 13)   9864       5       13       1.200000             9864
15  (5, 14)   5236       5       14       1.300000             5236
0   (5, 15)   1716       5       15       1.400000             1716
8   (5, 16)    188       5       16       1.500000              188

Proceeding on to search in 1 seconds...

------- Length 5
Selected 28574 braids of length 5:
    bucket  count  length  projlen  rhogap/length  reservoir_count
0  (5, 10)      4       5       10            0.9                4
1  (5, 11)   5798       5       11            1.0             5798
2  (5, 12)   7672       5       12            1.1             7672
3  (5, 13)   9864       5       13            1.2             9864
4  (5, 14)   5236       5       14            1.3             5236

Moving braids forward by 1 GNF letters...
   Done in 6.29 seconds.

------- Length 6
Selected 15068 braids of length 6:
    bucket  count  length  projlen  rhogap/length  reservoir_count
0  (6, 12)     68       6       12       0.916667               68
1  (6, 13)  15000       6       13       1.000000            26768

Moving braids forward by 1 GNF letters...
   Done in 3.42 seconds.

------- Length 7
Selected 15442 braids of length 7:
    bucket  count  length  projlen  rhogap/length  reservoir_count
0  (7, 13)     52       7       13       0.857143               52
1  (7, 14)    390       7       14       0.928571              390
2  (7, 15)  15000       7       15       1.000000            59192

Moving braids forward by 1 GNF letters...
   Done in 3.62 seconds.

------- Length 8
Selected 17341 braids of length 8:
    bucket  count  length  projlen  rhogap/length  reservoir_count
0  (8, 14)     44       8       14         0.8125               44
1  (8, 15)    424       8       15         0.8750              424
2  (8, 16)   1873       8       16         0.9375             1873
3  (8, 17)  15000       8       17         1.0000            60150

Moving braids forward by 1 GNF letters...
   Done in 4.19 seconds.

------- Length 9
Selected 26453 braids of length 9:
    bucket  count  length  projlen  rhogap/length  reservoir_count
0  (9, 15)     31       9       15       0.777778               31
1  (9, 16)    313       9       16       0.833333              313
2  (9, 17)   2913       9       17       0.888889             2913
3  (9, 18)   8196       9       18       0.944444             8196
4  (9, 19)  15000       9       19       1.000000            63410

Moving braids forward by 1 GNF letters...
   Done in 6.43 seconds.

------- Length 10
Selected 17148 braids of length 10:
     bucket  count  length  projlen  rhogap/length  reservoir_count
0  (10, 16)      8      10       16           0.75                8
1  (10, 17)    366      10       17           0.80              366
2  (10, 18)   1774      10       18           0.85             1774
3  (10, 19)  15000      10       19           0.90            15871

Moving braids forward by 1 GNF letters...
   Done in 4.23 seconds.

------- Length 11
Selected 26345 braids of length 11:
     bucket  count  length  projlen  rhogap/length  reservoir_count
0  (11, 16)      1      11       16       0.681818                1
1  (11, 17)      4      11       17       0.727273                4
2  (11, 18)    143      11       18       0.772727              143
3  (11, 19)   2428      11       19       0.818182             2428
4  (11, 20)   8769      11       20       0.863636             8769
5  (11, 21)  15000      11       21       0.909091            62416

Moving braids forward by 1 GNF letters...
   Done in 6.40 seconds.

------- Length 12
Selected 28901 braids of length 12:
     bucket  count  length  projlen  rhogap/length  reservoir_count
0  (12, 17)      3      12       17       0.666667                3
1  (12, 18)     12      12       18       0.708333               12
2  (12, 19)    123      12       19       0.750000              123
3  (12, 20)   1039      12       20       0.791667             1039
4  (12, 21)  12724      12       21       0.833333            12724
5  (12, 22)  15000      12       22       0.875000            37047

Moving braids forward by 1 GNF letters...
   Done in 6.87 seconds.

------- Length 13
Selected 21935 braids of length 13:
     bucket  count  length  projlen  rhogap/length  reservoir_count
0  (13, 18)     11      13       18       0.653846               11
1  (13, 19)     16      13       19       0.692308               16
2  (13, 20)    162      13       20       0.730769              162
3  (13, 21)   1040      13       21       0.769231             1040
4  (13, 22)   5706      13       22       0.807692             5706
5  (13, 23)  15000      13       23       0.846154            55438

Moving braids forward by 1 GNF letters...
   Done in 5.68 seconds.

------- Length 14
Selected 22318 braids of length 14:
     bucket  count  length  projlen  rhogap/length  reservoir_count
0  (14, 19)     10      14       19       0.642857               10
1  (14, 20)     94      14       20       0.678571               94
2  (14, 21)    205      14       21       0.714286              205
3  (14, 22)   1315      14       22       0.750000             1315
4  (14, 23)   5694      14       23       0.785714             5694
5  (14, 24)  15000      14       24       0.821429            24594

Moving braids forward by 1 GNF letters...
   Done in 5.79 seconds.

------- Length 15
Selected 24421 braids of length 15:
     bucket  count  length  projlen  rhogap/length  reservoir_count
0  (15, 19)      1      15       19       0.600000                1
1  (15, 20)     12      15       20       0.633333               12
2  (15, 21)     90      15       21       0.666667               90
3  (15, 22)    753      15       22       0.700000              753
4  (15, 23)   1423      15       23       0.733333             1423
5  (15, 24)   7142      15       24       0.766667             7142
6  (15, 25)  15000      15       25       0.800000            26377

Moving braids forward by 1 GNF letters...
   Done in 6.26 seconds.

------- Length 16
Selected 27598 braids of length 16:
     bucket  count  length  projlen  rhogap/length  reservoir_count
0  (16, 20)      8      16       20        0.59375                8
1  (16, 21)     44      16       21        0.62500               44
2  (16, 22)    185      16       22        0.65625              185
3  (16, 23)    785      16       23        0.68750              785
4  (16, 24)   4318      16       24        0.71875             4318
5  (16, 25)   7258      16       25        0.75000             7258
6  (16, 26)  15000      16       26        0.78125            32594

Moving braids forward by 1 GNF letters...
   Done in 7.13 seconds.

------- Length 17
Selected 21417 braids of length 17:
     bucket  count  length  projlen  rhogap/length  reservoir_count
0  (17, 20)      3      17       20       0.558824                3
1  (17, 21)     36      17       21       0.588235               36
2  (17, 22)    156      17       22       0.617647              156
3  (17, 23)    387      17       23       0.647059              387
4  (17, 24)   1459      17       24       0.676471             1459
5  (17, 25)   4376      17       25       0.705882             4376
6  (17, 26)  15000      17       26       0.735294            21389

Moving braids forward by 1 GNF letters...
   Done in 5.64 seconds.

------- Length 18
Selected 27119 braids of length 18:
     bucket  count  length  projlen  rhogap/length  reservoir_count
0  (18, 21)      7      18       21       0.555556                7
1  (18, 22)     69      18       22       0.583333               69
2  (18, 23)    356      18       23       0.611111              356
3  (18, 24)   1225      18       24       0.638889             1225
4  (18, 25)   2467      18       25       0.666667             2467
5  (18, 26)   7995      18       26       0.694444             7995
6  (18, 27)  15000      18       27       0.722222            19320

Moving braids forward by 1 GNF letters...
   Done in 6.91 seconds.

------- Length 19
Selected 22687 braids of length 19:
     bucket  count  length  projlen  rhogap/length  reservoir_count
0  (19, 21)      2      19       21       0.526316                2
1  (19, 22)     40      19       22       0.552632               40
2  (19, 23)    179      19       23       0.578947              179
3  (19, 24)    589      19       24       0.605263              589
4  (19, 25)   2326      19       25       0.631579             2326
5  (19, 26)   7131      19       26       0.657895             7131
6  (19, 27)  12420      19       27       0.684211            12420

Moving braids forward by 1 GNF letters...
   Done in 5.92 seconds.

------- Length 20
Selected 17585 braids of length 20:
     bucket  count  length  projlen  rhogap/length  reservoir_count
0  (20, 21)      4      20       21          0.500                4
1  (20, 22)     27      20       22          0.525               27
2  (20, 23)     67      20       23          0.550               67
3  (20, 24)    441      20       24          0.575              441
4  (20, 25)   1281      20       25          0.600             1281
5  (20, 26)   3646      20       26          0.625             3646
6  (20, 27)  12119      20       27          0.650            12119

Moving braids forward by 1 GNF letters...
   Done in 4.59 seconds.

------- Length 21
Selected 26177 braids of length 21:
     bucket  count  length  projlen  rhogap/length  reservoir_count
0  (21, 21)     13      21       21       0.476190               13
1  (21, 22)     27      21       22       0.500000               27
2  (21, 23)     60      21       23       0.523810               60
3  (21, 24)    369      21       24       0.547619              369
4  (21, 25)    630      21       25       0.571429              630
5  (21, 26)   3046      21       26       0.595238             3046
6  (21, 27)   7032      21       27       0.619048             7032
7  (21, 28)  15000      21       28       0.642857            16327

Moving braids forward by 1 GNF letters...
   Done in 6.64 seconds.

------- Length 22
Selected 22604 braids of length 22:
     bucket  count  length  projlen  rhogap/length  reservoir_count
0  (22, 20)      1      22       20       0.431818                1
1  (22, 21)      8      22       21       0.454545                8
2  (22, 22)     10      22       22       0.477273               10
3  (22, 23)     99      22       23       0.500000               99
4  (22, 24)    280      22       24       0.522727              280
5  (22, 25)    663      22       25       0.545455              663
6  (22, 26)   2487      22       26       0.568182             2487
7  (22, 27)   4056      22       27       0.590909             4056
8  (22, 28)  15000      22       28       0.613636            15243

Moving braids forward by 1 GNF letters...
   Done in 6.00 seconds.

------- Length 23
Selected 20568 braids of length 23:
     bucket  count  length  projlen  rhogap/length  reservoir_count
0  (23, 20)      7      23       20       0.413043                7
1  (23, 21)      7      23       21       0.434783                7
2  (23, 22)     13      23       22       0.456522               13
3  (23, 23)     65      23       23       0.478261               65
4  (23, 24)     87      23       24       0.500000               87
5  (23, 25)    741      23       25       0.521739              741
6  (23, 26)   2041      23       26       0.543478             2041
7  (23, 27)   4213      23       27       0.565217             4213
8  (23, 28)  13394      23       28       0.586957            13394

Moving braids forward by 1 GNF letters...
   Done in 5.53 seconds.

------- Length 24
Selected 17574 braids of length 24:
     bucket  count  length  projlen  rhogap/length  reservoir_count
0  (24, 20)      6      24       20       0.395833                6
1  (24, 21)     11      24       21       0.416667               11
2  (24, 22)     50      24       22       0.437500               50
3  (24, 23)     56      24       23       0.458333               56
4  (24, 24)    135      24       24       0.479167              135
5  (24, 25)    419      24       25       0.500000              419
6  (24, 26)    996      24       26       0.520833              996
7  (24, 27)   4476      24       27       0.541667             4476
8  (24, 28)  11425      24       28       0.562500            11425

Moving braids forward by 1 GNF letters...
   Done in 4.85 seconds.

------- Length 25
Selected 26304 braids of length 25:
      bucket  count  length  projlen  rhogap/length  reservoir_count
0   (25, 19)      1      25       19           0.36                1
1   (25, 20)      1      25       20           0.38                1
2   (25, 21)     13      25       21           0.40               13
3   (25, 22)     33      25       22           0.42               33
4   (25, 23)     97      25       23           0.44               97
5   (25, 24)    301      25       24           0.46              301
6   (25, 25)    414      25       25           0.48              414
7   (25, 26)   1046      25       26           0.50             1046
8   (25, 27)   2769      25       27           0.52             2769
9   (25, 28)   6629      25       28           0.54             6629
10  (25, 29)  15000      25       29           0.56            21752

Moving braids forward by 1 GNF letters...
   Done in 7.04 seconds.

------- Length 26
Selected 26684 braids of length 26:
     bucket  count  length  projlen  rhogap/length  reservoir_count
0  (26, 21)      7      26       21       0.384615                7
1  (26, 22)     12      26       22       0.403846               12
2  (26, 23)     95      26       23       0.423077               95
3  (26, 24)    176      26       24       0.442308              176
4  (26, 25)    624      26       25       0.461538              624
5  (26, 26)   1761      26       26       0.480769             1761
6  (26, 27)   2775      26       27       0.500000             2775
7  (26, 28)   6649      26       28       0.519231             6649
8  (26, 29)  14585      26       29       0.538462            14585

Moving braids forward by 1 GNF letters...
   Done in 7.10 seconds.

------- Length 27
Selected 29992 braids of length 27:
     bucket  count  length  projlen  rhogap/length  reservoir_count
0  (27, 22)      3      27       22       0.388889                3
1  (27, 23)     44      27       23       0.407407               44
2  (27, 24)     99      27       24       0.425926               99
3  (27, 25)    542      27       25       0.444444              542
4  (27, 26)   1094      27       26       0.462963             1094
5  (27, 27)   3663      27       27       0.481481             3663
6  (27, 28)   9547      27       28       0.500000             9547
7  (27, 29)  15000      27       29       0.518519            15539

Moving braids forward by 1 GNF letters...
   Done in 7.67 seconds.

------- Length 28
Selected 25691 braids of length 28:
     bucket  count  length  projlen  rhogap/length  reservoir_count
0  (28, 22)      5      28       22       0.375000                5
1  (28, 23)     17      28       23       0.392857               17
2  (28, 24)     31      28       24       0.410714               31
3  (28, 25)    300      28       25       0.428571              300
4  (28, 26)    740      28       26       0.446429              740
5  (28, 27)   3045      28       27       0.464286             3045
6  (28, 28)   6553      28       28       0.482143             6553
7  (28, 29)  15000      28       29       0.500000            19344

Moving braids forward by 1 GNF letters...
   Done in 6.77 seconds.

------- Length 29
Selected 22088 braids of length 29:
     bucket  count  length  projlen  rhogap/length  reservoir_count
0  (29, 21)      1      29       21       0.344828                1
1  (29, 22)      8      29       22       0.362069                8
2  (29, 23)     24      29       23       0.379310               24
3  (29, 24)     61      29       24       0.396552               61
4  (29, 25)    167      29       25       0.413793              167
5  (29, 26)    367      29       26       0.431034              367
6  (29, 27)   1920      29       27       0.448276             1920
7  (29, 28)   4540      29       28       0.465517             4540
8  (29, 29)  15000      29       29       0.482759            16069

Moving braids forward by 1 GNF letters...
   Done in 5.84 seconds.

------- Length 30
Selected 29996 braids of length 30:
     bucket  count  length  projlen  rhogap/length  reservoir_count
0  (30, 22)      9      30       22       0.350000                9
1  (30, 23)     18      30       23       0.366667               18
2  (30, 24)     77      30       24       0.383333               77
3  (30, 25)    202      30       25       0.400000              202
4  (30, 26)    474      30       26       0.416667              474
5  (30, 27)   1237      30       27       0.433333             1237
6  (30, 28)   2697      30       28       0.450000             2697
7  (30, 29)  10282      30       29       0.466667            10282
8  (30, 30)  15000      30       30       0.483333            21202

Moving braids forward by 1 GNF letters...
   Done in 7.68 seconds.

------- Length 31
Selected 26763 braids of length 31:
     bucket  count  length  projlen  rhogap/length  reservoir_count
0  (31, 22)      3      31       22       0.338710                3
1  (31, 23)     20      31       23       0.354839               20
2  (31, 24)     72      31       24       0.370968               72
3  (31, 25)    176      31       25       0.387097              176
4  (31, 26)    527      31       26       0.403226              527
5  (31, 27)   1337      31       27       0.419355             1337
6  (31, 28)   3186      31       28       0.435484             3186
7  (31, 29)   7395      31       29       0.451613             7395
8  (31, 30)  14047      31       30       0.467742            14047

Moving braids forward by 1 GNF letters...
   Done in 7.16 seconds.

------- Length 32
Selected 28004 braids of length 32:
     bucket  count  length  projlen  rhogap/length  reservoir_count
0  (32, 23)     11      32       23       0.343750               11
1  (32, 24)     39      32       24       0.359375               39
2  (32, 25)    213      32       25       0.375000              213
3  (32, 26)    548      32       26       0.390625              548
4  (32, 27)   1219      32       27       0.406250             1219
5  (32, 28)   3354      32       28       0.421875             3354
6  (32, 29)   7620      32       29       0.437500             7620
7  (32, 30)  15000      32       30       0.453125            17224

Moving braids forward by 1 GNF letters...
   Done in 7.33 seconds.

------- Length 33
Selected 27776 braids of length 33:
     bucket  count  length  projlen  rhogap/length  reservoir_count
0  (33, 23)     10      33       23       0.333333               10
1  (33, 24)     25      33       24       0.348485               25
2  (33, 25)    123      33       25       0.363636              123
3  (33, 26)    413      33       26       0.378788              413
4  (33, 27)   1446      33       27       0.393939             1446
5  (33, 28)   3519      33       28       0.409091             3519
6  (33, 29)   7240      33       29       0.424242             7240
7  (33, 30)  15000      33       30       0.439394            17579

Moving braids forward by 1 GNF letters...
   Done in 7.33 seconds.

------- Length 34
Selected 27846 braids of length 34:
     bucket  count  length  projlen  rhogap/length  reservoir_count
0  (34, 24)     37      34       24       0.338235               37
1  (34, 25)     96      34       25       0.352941               96
2  (34, 26)    371      34       26       0.367647              371
3  (34, 27)   1013      34       27       0.382353             1013
4  (34, 28)   2852      34       28       0.397059             2852
5  (34, 29)   8477      34       29       0.411765             8477
6  (34, 30)  15000      34       30       0.426471            18435

Moving braids forward by 1 GNF letters...
   Done in 7.25 seconds.

------- Length 35
Selected 25723 braids of length 35:
     bucket  count  length  projlen  rhogap/length  reservoir_count
0  (35, 23)      2      35       23       0.314286                2
1  (35, 24)     10      35       24       0.328571               10
2  (35, 25)     35      35       25       0.342857               35
3  (35, 26)    454      35       26       0.357143              454
4  (35, 27)    783      35       27       0.371429              783
5  (35, 28)   2946      35       28       0.385714             2946
6  (35, 29)   6493      35       29       0.400000             6493
7  (35, 30)  15000      35       30       0.414286            15471

Moving braids forward by 1 GNF letters...
   Done in 6.80 seconds.

------- Length 36
Selected 24244 braids of length 36:
     bucket  count  length  projlen  rhogap/length  reservoir_count
0  (36, 23)      2      36       23       0.305556                2
1  (36, 24)      4      36       24       0.319444                4
2  (36, 25)     27      36       25       0.333333               27
3  (36, 26)    210      36       26       0.347222              210
4  (36, 27)    483      36       27       0.361111              483
5  (36, 28)   3393      36       28       0.375000             3393
6  (36, 29)   5125      36       29       0.388889             5125
7  (36, 30)  15000      36       30       0.402778            17452

Moving braids forward by 1 GNF letters...
   Done in 6.52 seconds.

------- Length 37
Selected 21428 braids of length 37:
     bucket  count  length  projlen  rhogap/length  reservoir_count
0  (37, 24)      8      37       24       0.310811                8
1  (37, 25)     27      37       25       0.324324               27
2  (37, 26)    165      37       26       0.337838              165
3  (37, 27)    386      37       27       0.351351              386
4  (37, 28)   2144      37       28       0.364865             2144
5  (37, 29)   3698      37       29       0.378378             3698
6  (37, 30)  15000      37       30       0.391892            19329

Moving braids forward by 1 GNF letters...
   Done in 5.91 seconds.

------- Length 38
Selected 18853 braids of length 38:
     bucket  count  length  projlen  rhogap/length  reservoir_count
0  (38, 23)      2      38       23       0.289474                2
1  (38, 24)      5      38       24       0.302632                5
2  (38, 25)     27      38       25       0.315789               27
3  (38, 26)    148      38       26       0.328947              148
4  (38, 27)    362      38       27       0.342105              362
5  (38, 28)   1775      38       28       0.355263             1775
6  (38, 29)   3233      38       29       0.368421             3233
7  (38, 30)  13301      38       30       0.381579            13301

Moving braids forward by 1 GNF letters...
   Done in 5.31 seconds.

------- Length 39
Selected 16495 braids of length 39:
     bucket  count  length  projlen  rhogap/length  reservoir_count
0  (39, 23)      2      39       23       0.282051                2
1  (39, 24)      9      39       24       0.294872                9
2  (39, 25)     38      39       25       0.307692               38
3  (39, 26)    118      39       26       0.320513              118
4  (39, 27)    320      39       27       0.333333              320
5  (39, 28)   1394      39       28       0.346154             1394
6  (39, 29)   2856      39       29       0.358974             2856
7  (39, 30)  11758      39       30       0.371795            11758

Moving braids forward by 1 GNF letters...
   Done in 4.72 seconds.

------- Length 40
Selected 28131 braids of length 40:
     bucket  count  length  projlen  rhogap/length  reservoir_count
0  (40, 24)     15      40       24         0.2875               15
1  (40, 25)     34      40       25         0.3000               34
2  (40, 26)    166      40       26         0.3125              166
3  (40, 27)    360      40       27         0.3250              360
4  (40, 28)   1173      40       28         0.3375             1173
5  (40, 29)   2439      40       29         0.3500             2439
6  (40, 30)   9415      40       30         0.3625             9415
7  (40, 31)  14529      40       31         0.3750            14529

Moving braids forward by 1 GNF letters...
   Done in 7.58 seconds.

------- Length 41
Selected 26282 braids of length 41:
     bucket  count  length  projlen  rhogap/length  reservoir_count
0  (41, 24)     10      41       24       0.280488               10
1  (41, 25)     34      41       25       0.292683               34
2  (41, 26)    147      41       26       0.304878              147
3  (41, 27)    383      41       27       0.317073              383
4  (41, 28)   1437      41       28       0.329268             1437
5  (41, 29)   2549      41       29       0.341463             2549
6  (41, 30)   8207      41       30       0.353659             8207
7  (41, 31)  13515      41       31       0.365854            13515

Moving braids forward by 1 GNF letters...
   Done in 7.17 seconds.

------- Length 42
Selected 28320 braids of length 42:
     bucket  count  length  projlen  rhogap/length  reservoir_count
0  (42, 24)      7      42       24       0.273810                7
1  (42, 25)     33      42       25       0.285714               33
2  (42, 26)    120      42       26       0.297619              120
3  (42, 27)    324      42       27       0.309524              324
4  (42, 28)   1284      42       28       0.321429             1284
5  (42, 29)   2751      42       29       0.333333             2751
6  (42, 30)   9499      42       30       0.345238             9499
7  (42, 31)  14302      42       31       0.357143            14302

Moving braids forward by 1 GNF letters...
   Done in 7.56 seconds.

------- Length 43
Selected 27648 braids of length 43:
     bucket  count  length  projlen  rhogap/length  reservoir_count
0  (43, 23)      2      43       23       0.255814                2
1  (43, 24)      4      43       24       0.267442                4
2  (43, 25)     28      43       25       0.279070               28
3  (43, 26)     97      43       26       0.290698               97
4  (43, 27)    321      43       27       0.302326              321
5  (43, 28)   1131      43       28       0.313953             1131
6  (43, 29)   2336      43       29       0.325581             2336
7  (43, 30)   8729      43       30       0.337209             8729
8  (43, 31)  15000      43       31       0.348837            15410

Moving braids forward by 1 GNF letters...
   Done in 7.31 seconds.

------- Length 44
Selected 24484 braids of length 44:
     bucket  count  length  projlen  rhogap/length  reservoir_count
0  (44, 23)     11      44       23       0.250000               11
1  (44, 24)      9      44       24       0.261364                9
2  (44, 25)     20      44       25       0.272727               20
3  (44, 26)     82      44       26       0.284091               82
4  (44, 27)    273      44       27       0.295455              273
5  (44, 28)   1023      44       28       0.306818             1023
6  (44, 29)   2318      44       29       0.318182             2318
7  (44, 30)   7819      44       30       0.329545             7819
8  (44, 31)  12929      44       31       0.340909            12929

Moving braids forward by 1 GNF letters...
   Done in 6.67 seconds.

------- Length 45
Selected 23514 braids of length 45:
     bucket  count  length  projlen  rhogap/length  reservoir_count
0  (45, 22)      1      45       22       0.233333                1
1  (45, 23)      4      45       23       0.244444                4
2  (45, 24)     12      45       24       0.255556               12
3  (45, 25)     79      45       25       0.266667               79
4  (45, 26)     90      45       26       0.277778               90
5  (45, 27)    229      45       27       0.288889              229
6  (45, 28)    849      45       28       0.300000              849
7  (45, 29)   2011      45       29       0.311111             2011
8  (45, 30)   7385      45       30       0.322222             7385
9  (45, 31)  12854      45       31       0.333333            12854

Moving braids forward by 1 GNF letters...
   Done in 6.43 seconds.

------- Length 46
Selected 21077 braids of length 46:
     bucket  count  length  projlen  rhogap/length  reservoir_count
0  (46, 22)      5      46       22       0.228261                5
1  (46, 23)      5      46       23       0.239130                5
2  (46, 24)      4      46       24       0.250000                4
3  (46, 25)     43      46       25       0.260870               43
4  (46, 26)    104      46       26       0.271739              104
5  (46, 27)    520      46       27       0.282609              520
6  (46, 28)    905      46       28       0.293478              905
7  (46, 29)   1824      46       29       0.304348             1824
8  (46, 30)   6623      46       30       0.315217             6623
9  (46, 31)  11044      46       31       0.326087            11044

Moving braids forward by 1 GNF letters...
   Done in 5.82 seconds.

------- Length 47
Selected 22189 braids of length 47:
     bucket  count  length  projlen  rhogap/length  reservoir_count
0  (47, 22)      2      47       22       0.223404                2
1  (47, 23)      8      47       23       0.234043                8
2  (47, 24)     39      47       24       0.244681               39
3  (47, 25)     29      47       25       0.255319               29
4  (47, 26)     74      47       26       0.265957               74
5  (47, 27)    400      47       27       0.276596              400
6  (47, 28)    988      47       28       0.287234              988
7  (47, 29)   3125      47       29       0.297872             3125
8  (47, 30)   7011      47       30       0.308511             7011
9  (47, 31)  10513      47       31       0.319149            10513

Moving braids forward by 1 GNF letters...
   Done in 6.05 seconds.

------- Length 48
Selected 26990 braids of length 48:
     bucket  count  length  projlen  rhogap/length  reservoir_count
0  (48, 23)      2      48       23       0.229167                2
1  (48, 24)     16      48       24       0.239583               16
2  (48, 25)     63      48       25       0.250000               63
3  (48, 26)    228      48       26       0.260417              228
4  (48, 27)    323      48       27       0.270833              323
5  (48, 28)    959      48       28       0.281250              959
6  (48, 29)   2790      48       29       0.291667             2790
7  (48, 30)   7609      48       30       0.302083             7609
8  (48, 31)  15000      48       31       0.312500            15741

Moving braids forward by 1 GNF letters...
   Done in 7.29 seconds.

------- Length 49
Selected 27665 braids of length 49:
     bucket  count  length  projlen  rhogap/length  reservoir_count
0  (49, 24)      1      49       24       0.234694                1
1  (49, 25)     19      49       25       0.244898               19
2  (49, 26)    160      49       26       0.255102              160
3  (49, 27)    455      49       27       0.265306              455
4  (49, 28)   1656      49       28       0.275510             1656
5  (49, 29)   2337      49       29       0.285714             2337
6  (49, 30)   8145      49       30       0.295918             8145
7  (49, 31)  14892      49       31       0.306122            14892

Moving braids forward by 1 GNF letters...
   Done in 7.48 seconds.

------- Length 50
Selected 28890 braids of length 50:
     bucket  count  length  projlen  rhogap/length  reservoir_count
0  (50, 22)      1      50       22           0.21                1
1  (50, 23)      1      50       23           0.22                1
2  (50, 24)      6      50       24           0.23                6
3  (50, 25)      7      50       25           0.24                7
4  (50, 26)     58      50       26           0.25               58
5  (50, 27)    287      50       27           0.26              287
6  (50, 28)   1458      50       28           0.27             1458
7  (50, 29)   2918      50       29           0.28             2918
8  (50, 30)  11231      50       30           0.29            11231
9  (50, 31)  12923      50       31           0.30            12923

Moving braids forward by 1 GNF letters...
   Done in 7.76 seconds.

------- Length 51
Selected 29504 braids of length 51:
      bucket  count  length  projlen  rhogap/length  reservoir_count
0   (51, 20)      1      51       20       0.186275                1
1   (51, 21)      1      51       21       0.196078                1
2   (51, 22)      5      51       22       0.205882                5
3   (51, 23)      6      51       23       0.215686                6
4   (51, 24)     13      51       24       0.225490               13
5   (51, 25)     15      51       25       0.235294               15
6   (51, 26)     75      51       26       0.245098               75
7   (51, 27)    197      51       27       0.254902              197
8   (51, 28)    968      51       28       0.264706              968
9   (51, 29)   2293      51       29       0.274510             2293
10  (51, 30)  10930      51       30       0.284314            10930
11  (51, 31)  15000      51       31       0.294118            15205

Moving braids forward by 1 GNF letters...
   Done in 7.98 seconds.

------- Length 52
Selected 24916 braids of length 52:
      bucket  count  length  projlen  rhogap/length  reservoir_count
0   (52, 18)      1      52       18       0.163462                1
1   (52, 20)      4      52       20       0.182692                4
2   (52, 21)      5      52       21       0.192308                5
3   (52, 22)     14      52       22       0.201923               14
4   (52, 23)     15      52       23       0.211538               15
5   (52, 24)     31      52       24       0.221154               31
6   (52, 25)     37      52       25       0.230769               37
7   (52, 26)    121      52       26       0.240385              121
8   (52, 27)    239      52       27       0.250000              239
9   (52, 28)   1042      52       28       0.259615             1042
10  (52, 29)   1881      52       29       0.269231             1881
11  (52, 30)   8861      52       30       0.278846             8861
12  (52, 31)  12665      52       31       0.288462            12665

Moving braids forward by 1 GNF letters...
   Done in 7.01 seconds.

------- Length 53
Selected 24086 braids of length 53:
      bucket  count  length  projlen  rhogap/length  reservoir_count
0   (53, 19)      4      53       19       0.169811                4
1   (53, 20)      4      53       20       0.179245                4
2   (53, 21)      8      53       21       0.188679                8
3   (53, 22)     16      53       22       0.198113               16
4   (53, 23)     43      53       23       0.207547               43
5   (53, 24)     94      53       24       0.216981               94
6   (53, 25)     76      53       25       0.226415               76
7   (53, 26)    228      53       26       0.235849              228
8   (53, 27)    366      53       27       0.245283              366
9   (53, 28)   1396      53       28       0.254717             1396
10  (53, 29)   2191      53       29       0.264151             2191
11  (53, 30)   9444      53       30       0.273585             9444
12  (53, 31)  10216      53       31       0.283019            10216

Moving braids forward by 1 GNF letters...
   Done in 6.81 seconds.

------- Length 54
Selected 29865 braids of length 54:
      bucket  count  length  projlen  rhogap/length  reservoir_count
0   (54, 18)      1      54       18       0.157407                1
1   (54, 19)      2      54       19       0.166667                2
2   (54, 20)      3      54       20       0.175926                3
3   (54, 21)     30      54       21       0.185185               30
4   (54, 22)     18      54       22       0.194444               18
5   (54, 23)     53      54       23       0.203704               53
6   (54, 24)     91      54       24       0.212963               91
7   (54, 25)    221      54       25       0.222222              221
8   (54, 26)    583      54       26       0.231481              583
9   (54, 27)    585      54       27       0.240741              585
10  (54, 28)   2006      54       28       0.250000             2006
11  (54, 29)   2883      54       29       0.259259             2883
12  (54, 30)  11844      54       30       0.268519            11844
13  (54, 31)  11545      54       31       0.277778            11545

Moving braids forward by 1 GNF letters...
   Done in 8.13 seconds.

------- Length 55
Selected 25315 braids of length 55:
      bucket  count  length  projlen  rhogap/length  reservoir_count
0   (55, 17)      1      55       17       0.145455                1
1   (55, 19)      4      55       19       0.163636                4
2   (55, 20)      3      55       20       0.172727                3
3   (55, 21)     18      55       21       0.181818               18
4   (55, 22)     15      55       22       0.190909               15
5   (55, 23)    167      55       23       0.200000              167
6   (55, 24)    125      55       24       0.209091              125
7   (55, 25)    292      55       25       0.218182              292
8   (55, 26)    568      55       26       0.227273              568
9   (55, 27)   1268      55       27       0.236364             1268
10  (55, 28)   3789      55       28       0.245455             3789
11  (55, 29)   4065      55       29       0.254545             4065
12  (55, 30)  15000      55       30       0.263636            15388

Moving braids forward by 1 GNF letters...
   Done in 7.07 seconds.

------- Length 56
Selected 29614 braids of length 56:
      bucket  count  length  projlen  rhogap/length  reservoir_count
0   (56, 15)      1      56       15       0.125000                1
1   (56, 16)      1      56       16       0.133929                1
2   (56, 17)      5      56       17       0.142857                5
3   (56, 18)      4      56       18       0.151786                4
4   (56, 19)      5      56       19       0.160714                5
5   (56, 20)      8      56       20       0.169643                8
6   (56, 21)     20      56       21       0.178571               20
7   (56, 22)     15      56       22       0.187500               15
8   (56, 23)     97      56       23       0.196429               97
9   (56, 24)    100      56       24       0.205357              100
10  (56, 25)    845      56       25       0.214286              845
11  (56, 26)    792      56       26       0.223214              792
12  (56, 27)   1790      56       27       0.232143             1790
13  (56, 28)   3777      56       28       0.241071             3777
14  (56, 29)   7154      56       29       0.250000             7154
15  (56, 30)  15000      56       30       0.258929            23574

Moving braids forward by 1 GNF letters...
   Done in 8.12 seconds.

------- Length 57
Selected 21262 braids of length 57:
      bucket  count  length  projlen  rhogap/length  reservoir_count
0   (57, 13)      1      57       13       0.105263                1
1   (57, 14)      1      57       14       0.114035                1
2   (57, 15)      4      57       15       0.122807                4
3   (57, 16)      5      57       16       0.131579                5
4   (57, 17)      9      57       17       0.140351                9
5   (57, 18)     11      57       18       0.149123               11
6   (57, 19)     41      57       19       0.157895               41
7   (57, 20)     19      57       20       0.166667               19
8   (57, 21)     47      57       21       0.175439               47
9   (57, 22)     34      57       22       0.184211               34
10  (57, 23)    115      57       23       0.192982              115
11  (57, 24)     93      57       24       0.201754               93
12  (57, 25)    533      57       25       0.210526              533
13  (57, 26)    632      57       26       0.219298              632
14  (57, 27)   4336      57       27       0.228070             4336
15  (57, 28)   5158      57       28       0.236842             5158
16  (57, 29)  10223      57       29       0.245614            10223

Moving braids forward by 1 GNF letters...
   Done in 5.99 seconds.

------- Length 58
Selected 24879 braids of length 58:
      bucket  count  length  projlen  rhogap/length  reservoir_count
0   (58, 11)      1      58       11       0.086207                1
1   (58, 13)      5      58       13       0.103448                5
2   (58, 14)      2      58       14       0.112069                2
3   (58, 15)     13      58       15       0.120690               13
4   (58, 16)      9      58       16       0.129310                9
5   (58, 17)     35      58       17       0.137931               35
6   (58, 18)     25      58       18       0.146552               25
7   (58, 19)     74      58       19       0.155172               74
8   (58, 20)     48      58       20       0.163793               48
9   (58, 21)    235      58       21       0.172414              235
10  (58, 22)    108      58       22       0.181034              108
11  (58, 23)    312      58       23       0.189655              312
12  (58, 24)    181      58       24       0.198276              181
13  (58, 25)    658      58       25       0.206897              658
14  (58, 26)    614      58       26       0.215517              614
15  (58, 27)   3006      58       27       0.224138             3006
16  (58, 28)   4553      58       28       0.232759             4553
17  (58, 29)  15000      58       29       0.241379            21543

Moving braids forward by 1 GNF letters...
   Done in 6.84 seconds.

------- Length 59
Selected 29569 braids of length 59:
      bucket  count  length  projlen  rhogap/length  reservoir_count
0    (59, 9)      1      59        9       0.067797                1
1   (59, 10)      1      59       10       0.076271                1
2   (59, 11)      4      59       11       0.084746                4
3   (59, 12)      3      59       12       0.093220                3
4   (59, 13)      7      59       13       0.101695                7
5   (59, 14)      4      59       14       0.110169                4
6   (59, 15)     29      59       15       0.118644               29
7   (59, 16)     20      59       16       0.127119               20
8   (59, 17)     79      59       17       0.135593               79
9   (59, 18)     59      59       18       0.144068               59
10  (59, 19)    223      59       19       0.152542              223
11  (59, 20)    120      59       20       0.161017              120
12  (59, 21)    426      59       21       0.169492              426
13  (59, 22)    234      59       22       0.177966              234
14  (59, 23)   1199      59       23       0.186441             1199
15  (59, 24)    628      59       24       0.194915              628
16  (59, 25)   1830      59       25       0.203390             1830
17  (59, 26)   1197      59       26       0.211864             1197
18  (59, 27)   3814      59       27       0.220339             3814
19  (59, 28)   4691      59       28       0.228814             4691
20  (59, 29)  15000      59       29       0.237288            15286

Moving braids forward by 1 GNF letters...
   Done in 8.20 seconds.

------- Length 60
Selected 26416 braids of length 60:
      bucket  count  length  projlen  rhogap/length  reservoir_count
0    (60, 7)      1      60        7       0.050000                1
1    (60, 9)      5      60        9       0.066667                5
2   (60, 10)      2      60       10       0.075000                2
3   (60, 11)     13      60       11       0.083333               13
4   (60, 12)      7      60       12       0.091667                7
5   (60, 13)     31      60       13       0.100000               31
6   (60, 14)     18      60       14       0.108333               18
7   (60, 15)     42      60       15       0.116667               42
8   (60, 16)     14      60       16       0.125000               14
9   (60, 17)    152      60       17       0.133333              152
10  (60, 18)    103      60       18       0.141667              103
11  (60, 19)    438      60       19       0.150000              438
12  (60, 20)    335      60       20       0.158333              335
13  (60, 21)   1198      60       21       0.166667             1198
14  (60, 22)    665      60       22       0.175000              665
15  (60, 23)   2233      60       23       0.183333             2233
16  (60, 24)   1250      60       24       0.191667             1250
17  (60, 25)   6019      60       25       0.200000             6019
18  (60, 26)   3581      60       26       0.208333             3581
19  (60, 27)  10309      60       27       0.216667            10309

Moving braids forward by 1 GNF letters...
   Done in 7.29 seconds.

------- Length 61
Selected 27504 braids of length 61:
      bucket  count  length  projlen  rhogap/length  reservoir_count
0    (61, 5)      1      61        5       0.032787                1
1    (61, 7)      4      61        7       0.049180                4
2    (61, 8)      2      61        8       0.057377                2
3    (61, 9)      6      61        9       0.065574                6
4   (61, 10)      3      61       10       0.073770                3
5   (61, 11)     30      61       11       0.081967               30
6   (61, 12)     17      61       12       0.090164               17
7   (61, 13)     78      61       13       0.098361               78
8   (61, 14)     39      61       14       0.106557               39
9   (61, 15)    178      61       15       0.114754              178
10  (61, 16)     98      61       16       0.122951               98
11  (61, 17)    226      61       17       0.131148              226
12  (61, 18)     78      61       18       0.139344               78
13  (61, 19)    741      61       19       0.147541              741
14  (61, 20)    498      61       20       0.155738              498
15  (61, 21)   2306      61       21       0.163934             2306
16  (61, 22)   1760      61       22       0.172131             1760
17  (61, 23)   6122      61       23       0.180328             6122
18  (61, 24)   3664      61       24       0.188525             3664
19  (61, 25)  11653      61       25       0.196721            11653

Moving braids forward by 1 GNF letters...
   Done in 7.30 seconds.

------- Length 62
Selected 21901 braids of length 62:
      bucket  count  length  projlen  rhogap/length  reservoir_count
0    (62, 3)      1      62        3       0.016129                1
1    (62, 5)      4      62        5       0.032258                4
2    (62, 6)      2      62        6       0.040323                2
3    (62, 7)      9      62        7       0.048387                9
4    (62, 8)      2      62        8       0.056452                2
5    (62, 9)     26      62        9       0.064516               26
6   (62, 10)     14      62       10       0.072581               14
7   (62, 11)     30      62       11       0.080645               30
8   (62, 12)     15      62       12       0.088710               15
9   (62, 13)    152      62       13       0.096774              152
10  (62, 14)     93      62       14       0.104839               93
11  (62, 15)    408      62       15       0.112903              408
12  (62, 16)    214      62       16       0.120968              214
13  (62, 17)    930      62       17       0.129032              930
14  (62, 18)    510      62       18       0.137097              510
15  (62, 19)   1223      62       19       0.145161             1223
16  (62, 20)    509      62       20       0.153226              509
17  (62, 21)   3603      62       21       0.161290             3603
18  (62, 22)   2406      62       22       0.169355             2406
19  (62, 23)  11750      62       23       0.177419            11750

Moving braids forward by 1 GNF letters...
   Done in 5.91 seconds.

------- Length 63
Found kernel elements:
(n=4, r=1, p=5) near-kernel element: Garside length 63, Garside form (0, [(2, 3, 0, 1), (2, 0, 3, 1), (3, 1, 0, 2), (2, 0, 3, 1), (3, 1, 0, 2), (2, 0, 3, 1), (1, 3, 0, 2), (0, 2, 1, 3), (2, 0, 3, 1), (0, 3, 1, 2), (2, 0, 3, 1), (0, 3, 1, 2), (2, 0, 3, 1), (3, 1, 2, 0), (3, 1, 0, 2), (2, 0, 3, 1), (3, 1, 0, 2), (2, 0, 3, 1), (1, 3, 0, 2), (0, 2, 1, 3), (2, 0, 3, 1), (0, 3, 1, 2), (2, 0, 3, 1), (0, 3, 1, 2), (2, 0, 3, 1), (3, 1, 2, 0), (3, 1, 0, 2), (2, 0, 3, 1), (3, 1, 0, 2), (2, 0, 3, 1), (1, 3, 0, 2), (0, 2, 1, 3), (2, 0, 3, 1), (0, 3, 1, 2), (2, 0, 3, 1), (0, 3, 1, 2), (2, 0, 3, 1), (3, 1, 2, 0), (3, 1, 0, 2), (2, 0, 3, 1), (3, 1, 0, 2), (2, 0, 3, 1), (1, 3, 0, 2), (0, 2, 1, 3), (2, 0, 3, 1), (0, 3, 1, 2), (2, 0, 3, 1), (0, 3, 1, 2), (2, 0, 3, 1), (3, 1, 2, 0), (3, 1, 0, 2), (2, 0, 3, 1), (3, 1, 0, 2), (2, 0, 3, 1), (1, 3, 0, 2), (0, 2, 1, 3), (2, 0, 3, 1), (0, 3, 1, 2), (2, 0, 3, 1), (0, 3, 1, 2), (2, 0, 3, 1), (1, 0, 3, 2), (1, 0, 3, 2)])
Selected 21992 braids of length 63:
      bucket  count  length  projlen  rhogap/length  reservoir_count
0    (63, 1)      1      63        1       0.000000                1
1    (63, 3)      4      63        3       0.015873                4
2    (63, 4)      2      63        4       0.023810                2
3    (63, 5)      9      63        5       0.031746                9
4    (63, 6)      2      63        6       0.039683                2
5    (63, 7)     26      63        7       0.047619               26
6    (63, 8)     16      63        8       0.055556               16
7    (63, 9)     50      63        9       0.063492               50
8   (63, 10)     18      63       10       0.071429               18
9   (63, 11)    132      63       11       0.079365              132
10  (63, 12)     76      63       12       0.087302               76
11  (63, 13)    162      63       13       0.095238              162
12  (63, 14)     71      63       14       0.103175               71
13  (63, 15)    748      63       15       0.111111              748
14  (63, 16)    467      63       16       0.119048              467
15  (63, 17)   2085      63       17       0.126984             2085
16  (63, 18)   1132      63       18       0.134921             1132
17  (63, 19)   4737      63       19       0.142857             4737
18  (63, 20)   2573      63       20       0.150794             2573
19  (63, 21)   6632      63       21       0.158730             6632
20  (63, 22)   3049      63       22       0.166667             3049

Moving braids forward by 1 GNF letters...
   Done in 5.69 seconds.
