============================================================
SEARCHING FOR KERNEL ELEMENTS
============================================================
Braid group: B_6
Representation: (4, 2)
Dimension: 9
Number of simples: 720
Prime: 3
Device: cuda
Bucket size: 10000
Target length: 300
BFS frontier length: 3
Frontier shard: 7/16
Degree window: [0, 900] (901 coeffs)
Boundary margin: 32
Use best: 200000
Save best: 10000
Expansion chunk size: 5000
Matmul chunk size: 1500
Seed: 34006

Loaded tables from /nfs/roberts/project/pi_com36/as4843/burau-experiments/beta/precomputed_tables/tables_B6_r2_p3.pt
  Braid group: B_6
  Representation: (4, 2), dimension 9
  Number of simples: 720
  Degree window: [0, 900] (901 coefficients)
  Table checksum: 1e81050ff423a599ba7f5ee6bf31360dfaef563b3266fab587f0f86948d59f86
✓ Identity matrix loaded at degree 0

Precomputing FFTs of simple matrices...
  simple_D=7, safety_cap_D=901
  FFT size: dynamic (grows with actual projective width)
  FFT cache: initialized lazily by transform size
Storage: reservoir matrices=CPU int16, active chunks=CUDA int16/FFT
⚡ GPU-accelerated paper reservoir with per-product projectivization

============================================================
Level 3 - BFS FRONTIER
============================================================
  Exhaustively enumerating all legal GNF words of length 3...

============================================================
SEARCH STOPPED
============================================================
Final level: 0
Total time: 0.09s
Avg time per level: 0.09s
Total GPU scalar-identity candidates: 0
Exact peyl verification required for every candidate.
