============================================================
SEARCHING FOR KERNEL ELEMENTS
============================================================
Braid group: B_6
Representation: (4, 2)
Dimension: 9
Number of simples: 720
Prime: 3
Device: cuda
Bucket size: 10000
Target length: 300
BFS frontier length: 3
Frontier shard: 2/16
Degree window: [0, 900] (901 coeffs)
Boundary margin: 32
Use best: 200000
Save best: 10000
Expansion chunk size: 5000
Matmul chunk size: 1500
Seed: 34001

Loaded tables from /nfs/roberts/project/pi_com36/as4843/burau-experiments/beta/precomputed_tables/tables_B6_r2_p3.pt
  Braid group: B_6
  Representation: (4, 2), dimension 9
  Number of simples: 720
  Degree window: [0, 900] (901 coefficients)
  Table checksum: 1e81050ff423a599ba7f5ee6bf31360dfaef563b3266fab587f0f86948d59f86
✓ Identity matrix loaded at degree 0

Precomputing FFTs of simple matrices...
  simple_D=7, safety_cap_D=901
  FFT size: dynamic (grows with actual projective width)
  FFT cache: initialized lazily by transform size
Storage: reservoir matrices=CPU int16, active chunks=CUDA int16/FFT
⚡ GPU-accelerated paper reservoir with per-product projectivization

============================================================
Level 3 - BFS FRONTIER
============================================================
  Exhaustively enumerating all legal GNF words of length 3...
  Full frontier: 7,770,918 braids
  Assigned to this shard: 485,683 braids
  Projlen distribution:
    projlen=7: 6 braids
    projlen=8: 78 braids
    projlen=9: 563 braids
    projlen=10: 2574 braids
    projlen=11: 10519 braids
    projlen=12: 25476 braids
    projlen=13: 51976 braids
    projlen=14: 83402 braids
    projlen=15: 102138 braids
    projlen=16: 102943 braids
    projlen=17: 72574 braids
    projlen=18: 28494 braids
    projlen=19: 4940 braids
  Braids kept: 88161 (in 13 buckets, 0.21 GB CPU)
  ⚡ Timing: matmul=5.52s, sampling=0.00s, total=5.52s
============================================================
Level 4 - SAMPLING
============================================================
  Starting braids: 88161
  Candidates to generate: 6401596
  Processing in 1281 chunks...
  Projlen distribution:
    projlen=9: 24 braids
    projlen=10: 264 braids
    projlen=11: 2809 braids
    projlen=12: 14427 braids
    projlen=13: 68058 braids
    projlen=14: 159151 braids
    projlen=15: 297805 braids
    projlen=16: 485212 braids
    projlen=17: 624025 braids
    projlen=18: 725941 braids
    projlen=19: 820116 braids
    projlen=20: 878777 braids
    projlen=21: 849200 braids
    projlen=22: 699850 braids
    projlen=23: 489751 braids
    projlen=24: 232903 braids
    projlen=25: 53283 braids
  Braids kept: 143097 (in 17 buckets, 0.43 GB CPU)
  ⚡ Timing: matmul=1.43s, sampling=38.02s, total=44.44s
============================================================
Level 5 - SAMPLING
============================================================
  Starting braids: 143097
  Candidates to generate: 9782271
  Processing in 1957 chunks...
  Projlen distribution:
    projlen=11: 64 braids
    projlen=12: 772 braids
    projlen=13: 9367 braids
    projlen=14: 39454 braids
    projlen=15: 102416 braids
    projlen=16: 182833 braids
    projlen=17: 308202 braids
    projlen=18: 430194 braids
    projlen=19: 540533 braids
    projlen=20: 648742 braids
    projlen=21: 727690 braids
    projlen=22: 758673 braids
    projlen=23: 787189 braids
    projlen=24: 823924 braids
    projlen=25: 867514 braids
    projlen=26: 892614 braids
    projlen=27: 887204 braids
    projlen=28: 753228 braids
    projlen=29: 572241 braids
    projlen=30: 345547 braids
    projlen=31: 103870 braids
  Braids kept: 190203 (in 21 buckets, 0.68 GB CPU)
  ⚡ Timing: matmul=2.23s, sampling=83.89s, total=94.95s
============================================================
Level 6 - SAMPLING
============================================================
  Starting braids: 190203
  Candidates to generate: 12839703
  Processing in 2568 chunks...
  Projlen distribution:
    projlen=13: 147 braids
    projlen=14: 1808 braids
    projlen=15: 25847 braids
    projlen=16: 61723 braids
    projlen=17: 126132 braids
    projlen=18: 216883 braids
    projlen=19: 325128 braids
    projlen=20: 430163 braids
    projlen=21: 544571 braids
    projlen=22: 636325 braids
    projlen=23: 695567 braids
    projlen=24: 731680 braids
    projlen=25: 759984 braids
    projlen=26: 772423 braids
    projlen=27: 773719 braids
    projlen=28: 784886 braids
    projlen=29: 797672 braids
    projlen=30: 817161 braids
    projlen=31: 837430 braids
    projlen=32: 859509 braids
    projlen=33: 868885 braids
    projlen=34: 752146 braids
    projlen=35: 576002 braids
    projlen=36: 340742 braids
    projlen=37: 103170 braids
  Braids kept: 231955 (in 25 buckets, 0.98 GB CPU)
  ⚡ Timing: matmul=2.99s, sampling=141.76s, total=160.59s
============================================================
Level 7 - SAMPLING
============================================================
  Starting braids: 191955
  Candidates to generate: 12435463
  Processing in 2488 chunks...
  Projlen distribution:
    projlen=14: 1 braids
    projlen=15: 301 braids
    projlen=16: 3654 braids
    projlen=17: 30481 braids
    projlen=18: 65220 braids
    projlen=19: 132977 braids
    projlen=20: 226020 braids
    projlen=21: 339020 braids
    projlen=22: 452233 braids
    projlen=23: 563818 braids
    projlen=24: 639897 braids
    projlen=25: 697162 braids
    projlen=26: 733647 braids
    projlen=27: 754276 braids
    projlen=28: 769882 braids
    projlen=29: 772743 braids
    projlen=30: 781117 braids
    projlen=31: 780559 braids
    projlen=32: 780044 braids
    projlen=33: 785055 braids
    projlen=34: 773640 braids
    projlen=35: 752220 braids
    projlen=36: 653021 braids
    projlen=37: 514512 braids
    projlen=38: 335751 braids
    projlen=39: 98212 braids
  Braids kept: 233956 (in 26 buckets, 1.06 GB CPU)
  ⚡ Timing: matmul=2.87s, sampling=141.28s, total=160.17s
============================================================
Level 8 - SAMPLING
============================================================
  Starting braids: 193956
  Candidates to generate: 12422087
  Processing in 2485 chunks...
  Projlen distribution:
    projlen=16: 3 braids
    projlen=17: 619 braids
    projlen=18: 7332 braids
    projlen=19: 36333 braids
    projlen=20: 69646 braids
    projlen=21: 138147 braids
    projlen=22: 224840 braids
    projlen=23: 330897 braids
    projlen=24: 440464 braids
    projlen=25: 558277 braids
    projlen=26: 642163 braids
    projlen=27: 703047 braids
    projlen=28: 735695 braids
    projlen=29: 756181 braids
    projlen=30: 767875 braids
    projlen=31: 773812 braids
    projlen=32: 774771 braids
    projlen=33: 780608 braids
    projlen=34: 784694 braids
    projlen=35: 779979 braids
    projlen=36: 773942 braids
    projlen=37: 754697 braids
    projlen=38: 651541 braids
    projlen=39: 510878 braids
    projlen=40: 329814 braids
    projlen=41: 95832 braids
  Braids kept: 237954 (in 26 buckets, 1.15 GB CPU)
  ⚡ Timing: matmul=2.91s, sampling=157.16s, total=176.66s
============================================================
Level 9 - SAMPLING
============================================================
  Starting braids: 197954
  Candidates to generate: 12460073
  Processing in 2493 chunks...
  Projlen distribution:
    projlen=17: 1 braids
    projlen=18: 8 braids
    projlen=19: 1293 braids
    projlen=20: 15157 braids
    projlen=21: 48753 braids
    projlen=22: 82087 braids
    projlen=23: 156546 braids
    projlen=24: 237555 braids
    projlen=25: 333002 braids
    projlen=26: 440434 braids
    projlen=27: 553715 braids
    projlen=28: 636338 braids
    projlen=29: 694354 braids
    projlen=30: 730813 braids
    projlen=31: 752858 braids
    projlen=32: 764347 braids
    projlen=33: 772407 braids
    projlen=34: 774911 braids
    projlen=35: 781462 braids
    projlen=36: 778419 braids
    projlen=37: 777321 braids
    projlen=38: 773341 braids
    projlen=39: 756285 braids
    projlen=40: 654720 braids
    projlen=41: 513636 braids
    projlen=42: 332905 braids
    projlen=43: 97405 braids
  Braids kept: 241302 (in 27 buckets, 1.24 GB CPU)
  ⚡ Timing: matmul=2.92s, sampling=165.53s, total=185.69s
============================================================
Level 10 - SAMPLING
============================================================
  Starting braids: 191302
  Candidates to generate: 11721328
  Processing in 2345 chunks...
  Projlen distribution:
    projlen=19: 5 braids
    projlen=20: 32 braids
    projlen=21: 2644 braids
    projlen=22: 22110 braids
    projlen=23: 58537 braids
    projlen=24: 94758 braids
    projlen=25: 174489 braids
    projlen=26: 258914 braids
    projlen=27: 351221 braids
    projlen=28: 459570 braids
    projlen=29: 554818 braids
    projlen=30: 627049 braids
    projlen=31: 684153 braids
    projlen=32: 724513 braids
    projlen=33: 749243 braids
    projlen=34: 762098 braids
    projlen=35: 764436 braids
    projlen=36: 770941 braids
    projlen=37: 776215 braids
    projlen=38: 771805 braids
    projlen=39: 768527 braids
    projlen=40: 749790 braids
    projlen=41: 655324 braids
    projlen=42: 513102 braids
    projlen=43: 330331 braids
    projlen=44: 96703 braids
  Braids kept: 232681 (in 26 buckets, 1.25 GB CPU)
  ⚡ Timing: matmul=2.75s, sampling=147.83s, total=167.09s
============================================================
Level 11 - SAMPLING
============================================================
  Starting braids: 192681
  Candidates to generate: 11843820
  Processing in 2369 chunks...
  Projlen distribution:
    projlen=21: 20 braids
    projlen=22: 120 braids
    projlen=23: 5281 braids
    projlen=24: 25403 braids
    projlen=25: 61821 braids
    projlen=26: 101546 braids
    projlen=27: 181864 braids
    projlen=28: 266650 braids
    projlen=29: 363429 braids
    projlen=30: 472884 braids
    projlen=31: 571478 braids
    projlen=32: 643297 braids
    projlen=33: 694775 braids
    projlen=34: 728364 braids
    projlen=35: 746320 braids
    projlen=36: 760053 braids
    projlen=37: 772752 braids
    projlen=38: 776330 braids
    projlen=39: 774883 braids
    projlen=40: 777288 braids
    projlen=41: 770188 braids
    projlen=42: 750409 braids
    projlen=43: 655169 braids
    projlen=44: 514246 braids
    projlen=45: 331788 braids
    projlen=46: 97462 braids
  Braids kept: 235421 (in 26 buckets, 1.34 GB CPU)
  ⚡ Timing: matmul=2.79s, sampling=167.73s, total=187.84s
============================================================
Level 12 - SAMPLING
============================================================
  Starting braids: 195421
  Candidates to generate: 11891822
  Processing in 2379 chunks...
  Projlen distribution:
    projlen=23: 71 braids
    projlen=24: 442 braids
    projlen=25: 10682 braids
    projlen=26: 31422 braids
    projlen=27: 71345 braids
    projlen=28: 110780 braids
    projlen=29: 193931 braids
    projlen=30: 269760 braids
    projlen=31: 366229 braids
    projlen=32: 471794 braids
    projlen=33: 569473 braids
    projlen=34: 645766 braids
    projlen=35: 699820 braids
    projlen=36: 728188 braids
    projlen=37: 747745 braids
    projlen=38: 761479 braids
    projlen=39: 769053 braids
    projlen=40: 770338 braids
    projlen=41: 772327 braids
    projlen=42: 778081 braids
    projlen=43: 774258 braids
    projlen=44: 750572 braids
    projlen=45: 650820 braids
    projlen=46: 512625 braids
    projlen=47: 335833 braids
    projlen=48: 98988 braids
  Braids kept: 240513 (in 26 buckets, 1.43 GB CPU)
  ⚡ Timing: matmul=2.79s, sampling=172.54s, total=193.27s
============================================================
Level 13 - SAMPLING
============================================================
  Starting braids: 190513
  Candidates to generate: 11270521
  Processing in 2255 chunks...
  Projlen distribution:
    projlen=24: 3 braids
    projlen=25: 230 braids
    projlen=26: 1404 braids
    projlen=27: 21005 braids
    projlen=28: 43361 braids
    projlen=29: 91010 braids
    projlen=30: 132889 braids
    projlen=31: 223924 braids
    projlen=32: 289426 braids
    projlen=33: 386583 braids
    projlen=34: 486441 braids
    projlen=35: 577314 braids
    projlen=36: 644693 braids
    projlen=37: 696406 braids
    projlen=38: 729788 braids
    projlen=39: 753789 braids
    projlen=40: 763824 braids
    projlen=41: 771089 braids
    projlen=42: 772740 braids
    projlen=43: 775186 braids
    projlen=44: 770499 braids
    projlen=45: 747514 braids
    projlen=46: 652413 braids
    projlen=47: 513602 braids
    projlen=48: 328910 braids
    projlen=49: 96478 braids
  Braids kept: 231637 (in 26 buckets, 1.44 GB CPU)
  ⚡ Timing: matmul=2.65s, sampling=173.46s, total=193.42s
============================================================
Level 14 - SAMPLING
============================================================
  Starting braids: 191637
  Candidates to generate: 11513903
  Processing in 2303 chunks...
  Projlen distribution:
    projlen=26: 23 braids
    projlen=27: 630 braids
    projlen=28: 3612 braids
    projlen=29: 25071 braids
    projlen=30: 48108 braids
    projlen=31: 102624 braids
    projlen=32: 145678 braids
    projlen=33: 247935 braids
    projlen=34: 325713 braids
    projlen=35: 427870 braids
    projlen=36: 517710 braids
    projlen=37: 592525 braids
    projlen=38: 654336 braids
    projlen=39: 703434 braids
    projlen=40: 734148 braids
    projlen=41: 751158 braids
    projlen=42: 763858 braids
    projlen=43: 771664 braids
    projlen=44: 776200 braids
    projlen=45: 780815 braids
    projlen=46: 771862 braids
    projlen=47: 754469 braids
    projlen=48: 657671 braids
    projlen=49: 518994 braids
    projlen=50: 338061 braids
    projlen=51: 99734 braids
  Braids kept: 234265 (in 26 buckets, 1.52 GB CPU)
  ⚡ Timing: matmul=2.71s, sampling=183.73s, total=204.70s
============================================================
Level 15 - SAMPLING
============================================================
  Starting braids: 194265
  Candidates to generate: 11741493
  Processing in 2349 chunks...
  Projlen distribution:
    projlen=27: 3 braids
    projlen=28: 66 braids
    projlen=29: 1414 braids
    projlen=30: 8347 braids
    projlen=31: 33869 braids
    projlen=32: 60603 braids
    projlen=33: 122051 braids
    projlen=34: 170494 braids
    projlen=35: 270638 braids
    projlen=36: 351292 braids
    projlen=37: 453826 braids
    projlen=38: 544284 braids
    projlen=39: 624387 braids
    projlen=40: 676063 braids
    projlen=41: 716869 braids
    projlen=42: 737611 braids
    projlen=43: 755762 braids
    projlen=44: 763893 braids
    projlen=45: 771767 braids
    projlen=46: 773147 braids
    projlen=47: 774104 braids
    projlen=48: 771598 braids
    projlen=49: 755715 braids
    projlen=50: 652475 braids
    projlen=51: 517337 braids
    projlen=52: 335357 braids
    projlen=53: 98521 braids
  Braids kept: 239830 (in 27 buckets, 1.63 GB CPU)
  ⚡ Timing: matmul=2.77s, sampling=198.21s, total=220.10s
============================================================
Level 16 - SAMPLING
============================================================
  Starting braids: 199830
  Candidates to generate: 12077404
  Processing in 2416 chunks...
  Projlen distribution:
    projlen=29: 12 braids
    projlen=30: 155 braids
    projlen=31: 2990 braids
    projlen=32: 18651 braids
    projlen=33: 52757 braids
    projlen=34: 83176 braids
    projlen=35: 157995 braids
    projlen=36: 216543 braids
    projlen=37: 303092 braids
    projlen=38: 393762 braids
    projlen=39: 487650 braids
    projlen=40: 570264 braids
    projlen=41: 641951 braids
    projlen=42: 689986 braids
    projlen=43: 722138 braids
    projlen=44: 742803 braids
    projlen=45: 763244 braids
    projlen=46: 769324 braids
    projlen=47: 777420 braids
    projlen=48: 781296 braids
    projlen=49: 778891 braids
    projlen=50: 771532 braids
    projlen=51: 752814 braids
    projlen=52: 654109 braids
    projlen=53: 513299 braids
    projlen=54: 333632 braids
    projlen=55: 97918 braids
  Braids kept: 243157 (in 27 buckets, 1.72 GB CPU)
  ⚡ Timing: matmul=2.87s, sampling=213.10s, total=236.26s
============================================================
Level 17 - SAMPLING
============================================================
  Starting braids: 193157
  Candidates to generate: 11562800
  Processing in 2313 chunks...
  Projlen distribution:
    projlen=31: 29 braids
    projlen=32: 358 braids
    projlen=33: 6166 braids
    projlen=34: 26739 braids
    projlen=35: 65573 braids
    projlen=36: 104147 braids
    projlen=37: 185386 braids
    projlen=38: 255924 braids
    projlen=39: 343226 braids
    projlen=40: 438128 braids
    projlen=41: 527129 braids
    projlen=42: 594416 braids
    projlen=43: 656335 braids
    projlen=44: 699001 braids
    projlen=45: 729894 braids
    projlen=46: 747001 braids
    projlen=47: 763395 braids
    projlen=48: 765605 braids
    projlen=49: 771067 braids
    projlen=50: 771912 braids
    projlen=51: 768512 braids
    projlen=52: 751758 braids
    projlen=53: 655977 braids
    projlen=54: 510365 braids
    projlen=55: 328516 braids
    projlen=56: 96241 braids
  Braids kept: 236553 (in 26 buckets, 1.73 GB CPU)
  ⚡ Timing: matmul=2.73s, sampling=209.36s, total=232.15s
============================================================
Level 18 - SAMPLING
============================================================
  Starting braids: 196553
  Candidates to generate: 11905216
  Processing in 2382 chunks...
  Projlen distribution:
    projlen=33: 57 braids
    projlen=34: 841 braids
    projlen=35: 12678 braids
    projlen=36: 38093 braids
    projlen=37: 80545 braids
    projlen=38: 128625 braids
    projlen=39: 216830 braids
    projlen=40: 290342 braids
    projlen=41: 384339 braids
    projlen=42: 483404 braids
    projlen=43: 560719 braids
    projlen=44: 625916 braids
    projlen=45: 672861 braids
    projlen=46: 708753 braids
    projlen=47: 737096 braids
    projlen=48: 756547 braids
    projlen=49: 766359 braids
    projlen=50: 768633 braids
    projlen=51: 775884 braids
    projlen=52: 774657 braids
    projlen=53: 765418 braids
    projlen=54: 749344 braids
    projlen=55: 653523 braids
    projlen=56: 517894 braids
    projlen=57: 336854 braids
    projlen=58: 99004 braids
  Braids kept: 240898 (in 26 buckets, 1.83 GB CPU)
  ⚡ Timing: matmul=2.80s, sampling=223.52s, total=247.56s
============================================================
Level 19 - SAMPLING
============================================================
  Starting braids: 190898
  Candidates to generate: 11486681
  Processing in 2298 chunks...
  Projlen distribution:
    projlen=35: 87 braids
    projlen=36: 1923 braids
    projlen=37: 21935 braids
    projlen=38: 52300 braids
    projlen=39: 99253 braids
    projlen=40: 158110 braids
    projlen=41: 252691 braids
    projlen=42: 319949 braids
    projlen=43: 420949 braids
    projlen=44: 517019 braids
    projlen=45: 589755 braids
    projlen=46: 652410 braids
    projlen=47: 699478 braids
    projlen=48: 726215 braids
    projlen=49: 748458 braids
    projlen=50: 759505 braids
    projlen=51: 769917 braids
    projlen=52: 778998 braids
    projlen=53: 774864 braids
    projlen=54: 769621 braids
    projlen=55: 754095 braids
    projlen=56: 658871 braids
    projlen=57: 523954 braids
    projlen=58: 338263 braids
    projlen=59: 98061 braids
  Braids kept: 232010 (in 25 buckets, 1.82 GB CPU)
  ⚡ Timing: matmul=2.72s, sampling=224.97s, total=248.47s
============================================================
Level 20 - SAMPLING
============================================================
  Starting braids: 192010
  Candidates to generate: 11725049
  Processing in 2346 chunks...
  Projlen distribution:
    projlen=36: 1 braids
    projlen=37: 121 braids
    projlen=38: 4102 braids
    projlen=39: 26560 braids
    projlen=40: 57649 braids
    projlen=41: 110106 braids
    projlen=42: 175649 braids
    projlen=43: 272367 braids
    projlen=44: 353433 braids
    projlen=45: 466732 braids
    projlen=46: 552274 braids
    projlen=47: 619182 braids
    projlen=48: 675837 braids
    projlen=49: 711480 braids
    projlen=50: 733974 braids
    projlen=51: 753767 braids
    projlen=52: 764345 braids
    projlen=53: 775621 braids
    projlen=54: 776950 braids
    projlen=55: 772341 braids
    projlen=56: 768253 braids
    projlen=57: 751339 braids
    projlen=58: 655506 braids
    projlen=59: 517090 braids
    projlen=60: 332848 braids
    projlen=61: 97522 braids
  Braids kept: 234224 (in 26 buckets, 1.91 GB CPU)
  ⚡ Timing: matmul=2.78s, sampling=235.16s, total=259.84s
============================================================
Level 21 - SAMPLING
============================================================
  Starting braids: 194224
  Candidates to generate: 11918224
  Processing in 2384 chunks...
  Projlen distribution:
    projlen=38: 1 braids
    projlen=39: 166 braids
    projlen=40: 8410 braids
    projlen=41: 34434 braids
    projlen=42: 66110 braids
    projlen=43: 122714 braids
    projlen=44: 192167 braids
    projlen=45: 282278 braids
    projlen=46: 373680 braids
    projlen=47: 493701 braids
    projlen=48: 576962 braids
    projlen=49: 645722 braids
    projlen=50: 692751 braids
    projlen=51: 719827 braids
    projlen=52: 742504 braids
    projlen=53: 758351 braids
    projlen=54: 763347 braids
    projlen=55: 766627 braids
    projlen=56: 776344 braids
    projlen=57: 778387 braids
    projlen=58: 768179 braids
    projlen=59: 748561 braids
    projlen=60: 653566 braids
    projlen=61: 518413 braids
    projlen=62: 335410 braids
    projlen=63: 99612 braids
  Braids kept: 238577 (in 26 buckets, 2.01 GB CPU)
  ⚡ Timing: matmul=2.83s, sampling=249.90s, total=275.73s
============================================================
Level 22 - SAMPLING
============================================================
  Starting braids: 198577
  Candidates to generate: 12081835
  Processing in 2417 chunks...
  Projlen distribution:
    projlen=40: 2 braids
    projlen=41: 266 braids
    projlen=42: 16778 braids
    projlen=43: 48773 braids
    projlen=44: 80920 braids
    projlen=45: 145913 braids
    projlen=46: 221913 braids
    projlen=47: 297654 braids
    projlen=48: 398137 braids
    projlen=49: 507613 braids
    projlen=50: 587812 braids
    projlen=51: 656650 braids
    projlen=52: 701810 braids
    projlen=53: 728756 braids
    projlen=54: 747047 braids
    projlen=55: 756953 braids
    projlen=56: 762107 braids
    projlen=57: 768600 braids
    projlen=58: 766084 braids
    projlen=59: 773009 braids
    projlen=60: 764883 braids
    projlen=61: 747716 braids
    projlen=62: 654924 braids
    projlen=63: 517492 braids
    projlen=64: 332583 braids
    projlen=65: 97440 braids
  Braids kept: 240268 (in 26 buckets, 2.10 GB CPU)
  ⚡ Timing: matmul=2.91s, sampling=262.05s, total=297.08s
============================================================
Level 23 - SAMPLING
============================================================
  Starting braids: 190268
  Candidates to generate: 11446735
  Processing in 2290 chunks...
  Projlen distribution:
    projlen=42: 2 braids
    projlen=43: 410 braids
    projlen=44: 19952 braids
    projlen=45: 52805 braids
    projlen=46: 89703 braids
    projlen=47: 159809 braids
    projlen=48: 247536 braids
    projlen=49: 320570 braids
    projlen=50: 427853 braids
    projlen=51: 527697 braids
    projlen=52: 599330 braids
    projlen=53: 659970 braids
    projlen=54: 703339 braids
    projlen=55: 733231 braids
    projlen=56: 748259 braids
    projlen=57: 759198 braids
    projlen=58: 762163 braids
    projlen=59: 764407 braids
    projlen=60: 765882 braids
    projlen=61: 762816 braids
    projlen=62: 746701 braids
    projlen=63: 651500 braids
    projlen=64: 511876 braids
    projlen=65: 334113 braids
    projlen=66: 97613 braids
  Braids kept: 230412 (in 25 buckets, 2.07 GB CPU)
  ⚡ Timing: matmul=2.86s, sampling=251.17s, total=285.02s
============================================================
Level 24 - SAMPLING
============================================================
  Starting braids: 190412
  Candidates to generate: 11607325
  Processing in 2322 chunks...
  Projlen distribution:
    projlen=44: 2 braids
    projlen=45: 649 braids
    projlen=46: 20018 braids
    projlen=47: 51579 braids
    projlen=48: 91827 braids
    projlen=49: 161078 braids
    projlen=50: 252225 braids
    projlen=51: 322161 braids
    projlen=52: 445639 braids
    projlen=53: 548151 braids
    projlen=54: 620752 braids
    projlen=55: 677907 braids
    projlen=56: 717099 braids
    projlen=57: 734429 braids
    projlen=58: 753432 braids
    projlen=59: 764392 braids
    projlen=60: 770696 braids
    projlen=61: 776141 braids
    projlen=62: 777692 braids
    projlen=63: 768275 braids
    projlen=64: 745983 braids
    projlen=65: 653806 braids
    projlen=66: 518955 braids
    projlen=67: 337454 braids
    projlen=68: 96983 braids
  Braids kept: 230651 (in 25 buckets, 2.15 GB CPU)
  ⚡ Timing: matmul=2.79s, sampling=266.44s, total=301.40s
============================================================
Level 25 - SAMPLING
============================================================
  Starting braids: 190651
  Candidates to generate: 11675367
  Processing in 2336 chunks...
  Projlen distribution:
    projlen=46: 3 braids
    projlen=47: 990 braids
    projlen=48: 19991 braids
    projlen=49: 51113 braids
    projlen=50: 92146 braids
    projlen=51: 160851 braids
    projlen=52: 253965 braids
    projlen=53: 326982 braids
    projlen=54: 451662 braids
    projlen=55: 550792 braids
    projlen=56: 626221 braids
    projlen=57: 682828 braids
    projlen=58: 725654 braids
    projlen=59: 743769 braids
    projlen=60: 764114 braids
    projlen=61: 772769 braids
    projlen=62: 774450 braids
    projlen=63: 774826 braids
    projlen=64: 775225 braids
    projlen=65: 768850 braids
    projlen=66: 754433 braids
    projlen=67: 654945 braids
    projlen=68: 516467 braids
    projlen=69: 334481 braids
    projlen=70: 97840 braids
  Braids kept: 230993 (in 25 buckets, 2.23 GB CPU)
  ⚡ Timing: matmul=3.02s, sampling=276.70s, total=312.76s
============================================================
Level 26 - SAMPLING
============================================================
  Starting braids: 190993
  Candidates to generate: 11642198
  Processing in 2329 chunks...
  Projlen distribution:
    projlen=48: 4 braids
    projlen=49: 1435 braids
    projlen=50: 20458 braids
    projlen=51: 51782 braids
    projlen=52: 92841 braids
    projlen=53: 162749 braids
    projlen=54: 253235 braids
    projlen=55: 324710 braids
    projlen=56: 449843 braids
    projlen=57: 552569 braids
    projlen=58: 629643 braids
    projlen=59: 689268 braids
    projlen=60: 726842 braids
    projlen=61: 744201 braids
    projlen=62: 756311 braids
    projlen=63: 763506 braids
    projlen=64: 770128 braids
    projlen=65: 773762 braids
    projlen=66: 772483 braids
    projlen=67: 761553 braids
    projlen=68: 749636 braids
    projlen=69: 647446 braids
    projlen=70: 509385 braids
    projlen=71: 338839 braids
    projlen=72: 99569 braids
  Braids kept: 231439 (in 25 buckets, 2.31 GB CPU)
  ⚡ Timing: matmul=2.80s, sampling=284.38s, total=320.58s
============================================================
Level 27 - SAMPLING
============================================================
  Starting braids: 191439
  Candidates to generate: 11663903
  Processing in 2333 chunks...
  Projlen distribution:
    projlen=50: 13 braids
    projlen=51: 2028 braids
    projlen=52: 21154 braids
    projlen=53: 52799 braids
    projlen=54: 93116 braids
    projlen=55: 165825 braids
    projlen=56: 256213 braids
    projlen=57: 331745 braids
    projlen=58: 450835 braids
    projlen=59: 545576 braids
    projlen=60: 621642 braids
    projlen=61: 681557 braids
    projlen=62: 723604 braids
    projlen=63: 746189 braids
    projlen=64: 763662 braids
    projlen=65: 766852 braids
    projlen=66: 769793 braids
    projlen=67: 773112 braids
    projlen=68: 771169 braids
    projlen=69: 767202 braids
    projlen=70: 750649 braids
    projlen=71: 656753 braids
    projlen=72: 517165 braids
    projlen=73: 336660 braids
    projlen=74: 98590 braids
  Braids kept: 232041 (in 25 buckets, 2.39 GB CPU)
  ⚡ Timing: matmul=2.85s, sampling=291.64s, total=328.63s
============================================================
Level 28 - SAMPLING
============================================================
  Starting braids: 192041
  Candidates to generate: 11741712
  Processing in 2349 chunks...
  Projlen distribution:
    projlen=51: 2 braids
    projlen=52: 42 braids
    projlen=53: 2902 braids
    projlen=54: 22720 braids
    projlen=55: 55139 braids
    projlen=56: 94802 braids
    projlen=57: 167972 braids
    projlen=58: 254462 braids
    projlen=59: 333747 braids
    projlen=60: 459132 braids
    projlen=61: 558448 braids
    projlen=62: 633154 braids
    projlen=63: 689087 braids
    projlen=64: 732527 braids
    projlen=65: 752411 braids
    projlen=66: 761385 braids
    projlen=67: 768672 braids
    projlen=68: 775215 braids
    projlen=69: 780241 braids
    projlen=70: 777193 braids
    projlen=71: 771860 braids
    projlen=72: 749377 braids
    projlen=73: 651222 braids
    projlen=74: 514678 braids
    projlen=75: 337428 braids
    projlen=76: 97894 braids
  Braids kept: 232946 (in 26 buckets, 2.47 GB CPU)
  ⚡ Timing: matmul=2.83s, sampling=303.92s, total=341.76s
============================================================
Level 29 - SAMPLING
============================================================
  Starting braids: 192946
  Candidates to generate: 11748860
  Processing in 2350 chunks...
  Projlen distribution:
    projlen=53: 5 braids
    projlen=54: 122 braids
    projlen=55: 4289 braids
    projlen=56: 25854 braids
    projlen=57: 59991 braids
    projlen=58: 100886 braids
    projlen=59: 176251 braids
    projlen=60: 259246 braids
    projlen=61: 337976 braids
    projlen=62: 455487 braids
    projlen=63: 546486 braids
    projlen=64: 628608 braids
    projlen=65: 688113 braids
    projlen=66: 725482 braids
    projlen=67: 749919 braids
    projlen=68: 760636 braids
    projlen=69: 770003 braids
    projlen=70: 772317 braids
    projlen=71: 775968 braids
    projlen=72: 774064 braids
    projlen=73: 769090 braids
    projlen=74: 756146 braids
    projlen=75: 658289 braids
    projlen=76: 518571 braids
    projlen=77: 337426 braids
    projlen=78: 97635 braids
  Braids kept: 234416 (in 26 buckets, 2.56 GB CPU)
  ⚡ Timing: matmul=2.83s, sampling=316.29s, total=354.90s
============================================================
Level 30 - SAMPLING
============================================================
  Starting braids: 194416
  Candidates to generate: 11860082
  Processing in 2373 chunks...
  Projlen distribution:
    projlen=55: 9 braids
    projlen=56: 261 braids
    projlen=57: 6595 braids
    projlen=58: 31036 braids
    projlen=59: 66758 braids
    projlen=60: 110750 braids
    projlen=61: 189750 braids
    projlen=62: 274009 braids
    projlen=63: 358951 braids
    projlen=64: 472651 braids
    projlen=65: 559940 braids
    projlen=66: 629881 braids
    projlen=67: 689501 braids
    projlen=68: 728645 braids
    projlen=69: 744470 braids
    projlen=70: 766083 braids
    projlen=71: 773156 braids
    projlen=72: 774548 braids
    projlen=73: 780844 braids
    projlen=74: 781458 braids
    projlen=75: 772564 braids
    projlen=76: 751056 braids
    projlen=77: 652713 braids
    projlen=78: 513327 braids
    projlen=79: 333050 braids
    projlen=80: 98076 braids
  Braids kept: 236865 (in 26 buckets, 2.66 GB CPU)
  ⚡ Timing: matmul=2.86s, sampling=324.62s, total=364.12s
============================================================
Level 31 - SAMPLING
============================================================
  Starting braids: 196865
  Candidates to generate: 12000252
  Processing in 2401 chunks...
  Projlen distribution:
    projlen=57: 13 braids
    projlen=58: 505 braids
    projlen=59: 10568 braids
    projlen=60: 39647 braids
    projlen=61: 77007 braids
    projlen=62: 126727 braids
    projlen=63: 208038 braids
    projlen=64: 289578 braids
    projlen=65: 382377 braids
    projlen=66: 489268 braids
    projlen=67: 574954 braids
    projlen=68: 644425 braids
    projlen=69: 693958 braids
    projlen=70: 729516 braids
    projlen=71: 747229 braids
    projlen=72: 759923 braids
    projlen=73: 768706 braids
    projlen=74: 777073 braids
    projlen=75: 777656 braids
    projlen=76: 775992 braids
    projlen=77: 771967 braids
    projlen=78: 753604 braids
    projlen=79: 655961 braids
    projlen=80: 513862 braids
    projlen=81: 333677 braids
    projlen=82: 98021 braids
  Braids kept: 240518 (in 26 buckets, 2.78 GB CPU)
  ⚡ Timing: matmul=2.88s, sampling=339.92s, total=380.77s
============================================================
Level 32 - SAMPLING
============================================================
  Starting braids: 190518
  Candidates to generate: 11393499
  Processing in 2279 chunks...
  Projlen distribution:
    projlen=59: 21 braids
    projlen=60: 883 braids
    projlen=61: 16664 braids
    projlen=62: 51990 braids
    projlen=63: 91005 braids
    projlen=64: 148142 braids
    projlen=65: 232280 braids
    projlen=66: 309093 braids
    projlen=67: 407018 braids
    projlen=68: 507587 braids
    projlen=69: 589889 braids
    projlen=70: 652044 braids
    projlen=71: 696454 braids
    projlen=72: 728270 braids
    projlen=73: 749363 braids
    projlen=74: 760626 braids
    projlen=75: 769225 braids
    projlen=76: 776695 braids
    projlen=77: 780145 braids
    projlen=78: 775468 braids
    projlen=79: 755912 braids
    projlen=80: 655432 braids
    projlen=81: 512618 braids
    projlen=82: 329560 braids
    projlen=83: 97115 braids
  Braids kept: 230904 (in 25 buckets, 2.72 GB CPU)
  ⚡ Timing: matmul=2.75s, sampling=348.64s, total=387.73s
============================================================
Level 33 - SAMPLING
============================================================
  Starting braids: 190904
  Candidates to generate: 11604953
  Processing in 2321 chunks...
  Projlen distribution:
    projlen=61: 36 braids
    projlen=62: 1402 braids
    projlen=63: 18421 braids
    projlen=64: 54054 braids
    projlen=65: 97289 braids
    projlen=66: 161981 braids
    projlen=67: 253201 braids
    projlen=68: 336156 braids
    projlen=69: 443613 braids
    projlen=70: 535316 braids
    projlen=71: 610507 braids
    projlen=72: 672098 braids
    projlen=73: 708550 braids
    projlen=74: 735396 braids
    projlen=75: 754392 braids
    projlen=76: 764144 braids
    projlen=77: 766228 braids
    projlen=78: 773727 braids
    projlen=79: 775146 braids
    projlen=80: 769076 braids
    projlen=81: 756406 braids
    projlen=82: 660367 braids
    projlen=83: 520329 braids
    projlen=84: 337344 braids
    projlen=85: 99774 braids
  Braids kept: 231438 (in 25 buckets, 2.80 GB CPU)
  ⚡ Timing: matmul=2.82s, sampling=351.32s, total=392.05s
============================================================
Level 34 - SAMPLING
============================================================
  Starting braids: 191438
  Candidates to generate: 11702986
  Processing in 2341 chunks...
  Projlen distribution:
    projlen=63: 52 braids
    projlen=64: 2109 braids
    projlen=65: 20424 braids
    projlen=66: 56030 braids
    projlen=67: 101546 braids
    projlen=68: 171924 braids
    projlen=69: 263557 braids
    projlen=70: 350943 braids
    projlen=71: 462347 braids
    projlen=72: 553112 braids
    projlen=73: 626150 braids
    projlen=74: 682175 braids
    projlen=75: 722018 braids
    projlen=76: 745020 braids
    projlen=77: 760148 braids
    projlen=78: 769187 braids
    projlen=79: 766475 braids
    projlen=80: 770517 braids
    projlen=81: 773730 braids
    projlen=82: 765853 braids
    projlen=83: 746705 braids
    projlen=84: 649197 braids
    projlen=85: 513967 braids
    projlen=86: 332655 braids
    projlen=87: 97145 braids
  Braids kept: 232161 (in 25 buckets, 2.89 GB CPU)
  ⚡ Timing: matmul=2.83s, sampling=351.81s, total=393.71s
============================================================
Level 35 - SAMPLING
============================================================
  Starting braids: 192161
  Candidates to generate: 11780306
  Processing in 2357 chunks...
  Projlen distribution:
    projlen=64: 1 braids
    projlen=65: 77 braids
    projlen=66: 3055 braids
    projlen=67: 22857 braids
    projlen=68: 57659 braids
    projlen=69: 103635 braids
    projlen=70: 177393 braids
    projlen=71: 268255 braids
    projlen=72: 359413 braids
    projlen=73: 475934 braids
    projlen=74: 566631 braids
    projlen=75: 642614 braids
    projlen=76: 689997 braids
    projlen=77: 728406 braids
    projlen=78: 741585 braids
    projlen=79: 757669 braids
    projlen=80: 766368 braids
    projlen=81: 771243 braids
    projlen=82: 772817 braids
    projlen=83: 769127 braids
    projlen=84: 765185 braids
    projlen=85: 747533 braids
    projlen=86: 652534 braids
    projlen=87: 512319 braids
    projlen=88: 329857 braids
    projlen=89: 98142 braids
  Braids kept: 233133 (in 26 buckets, 2.97 GB CPU)
  ⚡ Timing: matmul=2.85s, sampling=361.60s, total=404.65s
============================================================
Level 36 - SAMPLING
============================================================
  Starting braids: 193133
  Candidates to generate: 11919721
  Processing in 2384 chunks...
  Projlen distribution:
    projlen=66: 2 braids
    projlen=67: 101 braids
    projlen=68: 4344 braids
    projlen=69: 25982 braids
    projlen=70: 60367 braids
    projlen=71: 107241 braids
    projlen=72: 186409 braids
    projlen=73: 273640 braids
    projlen=74: 364325 braids
    projlen=75: 482945 braids
    projlen=76: 572031 braids
    projlen=77: 649144 braids
    projlen=78: 702226 braids
    projlen=79: 738180 braids
    projlen=80: 760483 braids
    projlen=81: 770361 braids
    projlen=82: 773617 braids
    projlen=83: 774419 braids
    projlen=84: 774828 braids
    projlen=85: 775517 braids
    projlen=86: 771173 braids
    projlen=87: 752134 braids
    projlen=88: 656420 braids
    projlen=89: 514546 braids
    projlen=90: 331750 braids
    projlen=91: 97536 braids
  Braids kept: 234447 (in 26 buckets, 3.06 GB CPU)
  ⚡ Timing: matmul=2.88s, sampling=374.68s, total=418.85s
============================================================
Level 37 - SAMPLING
============================================================
  Starting braids: 194447
  Candidates to generate: 11927716
  Processing in 2386 chunks...
  Projlen distribution:
    projlen=68: 3 braids
    projlen=69: 134 braids
    projlen=70: 6043 braids
    projlen=71: 30308 braids
    projlen=72: 64113 braids
    projlen=73: 112332 braids
    projlen=74: 194143 braids
    projlen=75: 276268 braids
    projlen=76: 370893 braids
    projlen=77: 486088 braids
    projlen=78: 573591 braids
    projlen=79: 647377 braids
    projlen=80: 698793 braids
    projlen=81: 731040 braids
    projlen=82: 752463 braids
    projlen=83: 764019 braids
    projlen=84: 768842 braids
    projlen=85: 774190 braids
    projlen=86: 775975 braids
    projlen=87: 774426 braids
    projlen=88: 769734 braids
    projlen=89: 754477 braids
    projlen=90: 656454 braids
    projlen=91: 514941 braids
    projlen=92: 332605 braids
    projlen=93: 98464 braids
  Braids kept: 236180 (in 26 buckets, 3.16 GB CPU)
  ⚡ Timing: matmul=2.89s, sampling=408.20s, total=453.07s
============================================================
Level 38 - SAMPLING
============================================================
  Starting braids: 196180
  Candidates to generate: 11980617
  Processing in 2397 chunks...
  Projlen distribution:
    projlen=70: 4 braids
    projlen=71: 197 braids
    projlen=72: 8361 braids
    projlen=73: 35973 braids
    projlen=74: 68055 braids
    projlen=75: 118341 braids
    projlen=76: 205864 braids
    projlen=77: 280871 braids
    projlen=78: 381315 braids
    projlen=79: 486628 braids
    projlen=80: 573846 braids
    projlen=81: 650519 braids
    projlen=82: 698074 braids
    projlen=83: 728606 braids
    projlen=84: 750353 braids
    projlen=85: 760603 braids
    projlen=86: 769263 braids
    projlen=87: 773133 braids
    projlen=88: 778041 braids
    projlen=89: 782047 braids
    projlen=90: 774934 braids
    projlen=91: 754116 braids
    projlen=92: 652790 braids
    projlen=93: 514506 braids
    projlen=94: 335278 braids
    projlen=95: 98899 braids
  Braids kept: 238562 (in 26 buckets, 3.27 GB CPU)
  ⚡ Timing: matmul=2.90s, sampling=416.07s, total=461.73s
============================================================
Level 39 - SAMPLING
============================================================
  Starting braids: 198562
  Candidates to generate: 12080366
  Processing in 2417 chunks...
  Projlen distribution:
    projlen=72: 5 braids
    projlen=73: 289 braids
    projlen=74: 11618 braids
    projlen=75: 43485 braids
    projlen=76: 73897 braids
    projlen=77: 125377 braids
    projlen=78: 216459 braids
    projlen=79: 286264 braids
    projlen=80: 390599 braids
    projlen=81: 503385 braids
    projlen=82: 591698 braids
    projlen=83: 659898 braids
    projlen=84: 702348 braids
    projlen=85: 730921 braids
    projlen=86: 754944 braids
    projlen=87: 761799 braids
    projlen=88: 766037 braids
    projlen=89: 764184 braids
    projlen=90: 771525 braids
    projlen=91: 775678 braids
    projlen=92: 772367 braids
    projlen=93: 758582 braids
    projlen=94: 660864 braids
    projlen=95: 521565 braids
    projlen=96: 337443 braids
    projlen=97: 99135 braids
  Braids kept: 240294 (in 26 buckets, 3.37 GB CPU)
  ⚡ Timing: matmul=2.96s, sampling=432.77s, total=479.57s
============================================================
Level 40 - SAMPLING
============================================================
  Starting braids: 190294
  Candidates to generate: 11346786
  Processing in 2270 chunks...
  Projlen distribution:
    projlen=74: 6 braids
    projlen=75: 419 braids
    projlen=76: 14164 braids
    projlen=77: 49258 braids
    projlen=78: 79267 braids
    projlen=79: 133867 braids
    projlen=80: 227076 braids
    projlen=81: 293946 braids
    projlen=82: 404245 braids
    projlen=83: 511815 braids
    projlen=84: 594464 braids
    projlen=85: 661621 braids
    projlen=86: 711596 braids
    projlen=87: 737161 braids
    projlen=88: 756219 braids
    projlen=89: 761874 braids
    projlen=90: 768480 braids
    projlen=91: 769062 braids
    projlen=92: 770939 braids
    projlen=93: 762501 braids
    projlen=94: 742483 braids
    projlen=95: 654434 braids
    projlen=96: 513313 braids
    projlen=97: 331504 braids
    projlen=98: 97072 braids
  Braids kept: 230425 (in 25 buckets, 3.28 GB CPU)
  ⚡ Timing: matmul=2.77s, sampling=411.17s, total=455.48s
============================================================
Level 41 - SAMPLING
============================================================
  Starting braids: 190425
  Candidates to generate: 11423329
  Processing in 2285 chunks...
  Projlen distribution:
    projlen=76: 7 braids
    projlen=77: 603 braids
    projlen=78: 14727 braids
    projlen=79: 50288 braids
    projlen=80: 81832 braids
    projlen=81: 138692 braids
    projlen=82: 233683 braids
    projlen=83: 300144 braids
    projlen=84: 410991 braids
    projlen=85: 514640 braids
    projlen=86: 601074 braids
    projlen=87: 662541 braids
    projlen=88: 706080 braids
    projlen=89: 732901 braids
    projlen=90: 752231 braids
    projlen=91: 765431 braids
    projlen=92: 772641 braids
    projlen=93: 773172 braids
    projlen=94: 774052 braids
    projlen=95: 774216 braids
    projlen=96: 756574 braids
    projlen=97: 656601 braids
    projlen=98: 517832 braids
    projlen=99: 335333 braids
    projlen=100: 97043 braids
  Braids kept: 230610 (in 25 buckets, 3.36 GB CPU)
  ⚡ Timing: matmul=2.78s, sampling=423.09s, total=468.35s
============================================================
Level 42 - SAMPLING
============================================================
  Starting braids: 190610
  Candidates to generate: 11441764
  Processing in 2289 chunks...
  Projlen distribution:
    projlen=78: 10 braids
    projlen=79: 844 braids
    projlen=80: 15630 braids
    projlen=81: 51173 braids
    projlen=82: 83932 braids
    projlen=83: 142382 braids
    projlen=84: 234118 braids
    projlen=85: 306762 braids
    projlen=86: 417814 braids
    projlen=87: 521407 braids
    projlen=88: 606106 braids
    projlen=89: 670241 braids
    projlen=90: 713652 braids
    projlen=91: 735201 braids
    projlen=92: 753156 braids
    projlen=93: 762701 braids
    projlen=94: 769813 braids
    projlen=95: 770840 braids
    projlen=96: 773141 braids
    projlen=97: 770350 braids
    projlen=98: 746596 braids
    projlen=99: 651167 braids
    projlen=100: 514559 braids
    projlen=101: 332768 braids
    projlen=102: 97401 braids
  Braids kept: 230854 (in 25 buckets, 3.44 GB CPU)
  ⚡ Timing: matmul=2.78s, sampling=432.70s, total=478.59s
============================================================
Level 43 - SAMPLING
============================================================
  Starting braids: 190854
  Candidates to generate: 11486101
  Processing in 2298 chunks...
  Projlen distribution:
    projlen=80: 19 braids
    projlen=81: 1164 braids
    projlen=82: 16863 braids
    projlen=83: 52807 braids
    projlen=84: 87336 braids
    projlen=85: 149398 braids
    projlen=86: 240043 braids
    projlen=87: 317257 braids
    projlen=88: 425329 braids
    projlen=89: 526631 braids
    projlen=90: 608740 braids
    projlen=91: 668960 braids
    projlen=92: 711921 braids
    projlen=93: 733353 braids
    projlen=94: 749546 braids
    projlen=95: 758638 braids
    projlen=96: 762829 braids
    projlen=97: 768301 braids
    projlen=98: 773159 braids
    projlen=99: 770248 braids
    projlen=100: 755251 braids
    projlen=101: 659011 braids
    projlen=102: 515358 braids
    projlen=103: 335602 braids
    projlen=104: 98337 braids
  Braids kept: 231183 (in 25 buckets, 3.52 GB CPU)
  ⚡ Timing: matmul=2.79s, sampling=438.42s, total=484.99s
============================================================
Level 44 - SAMPLING
============================================================
  Starting braids: 191183
  Candidates to generate: 11501765
  Processing in 2301 chunks...
  Projlen distribution:
    projlen=82: 28 braids
    projlen=83: 1591 braids
    projlen=84: 18269 braids
    projlen=85: 54245 braids
    projlen=86: 90647 braids
    projlen=87: 155893 braids
    projlen=88: 246189 braids
    projlen=89: 326264 braids
    projlen=90: 442117 braids
    projlen=91: 538131 braids
    projlen=92: 614541 braids
    projlen=93: 672886 braids
    projlen=94: 707870 braids
    projlen=95: 737091 braids
    projlen=96: 754035 braids
    projlen=97: 762711 braids
    projlen=98: 763423 braids
    projlen=99: 760722 braids
    projlen=100: 760892 braids
    projlen=101: 761419 braids
    projlen=102: 746514 braids
    projlen=103: 649096 braids
    projlen=104: 509813 braids
    projlen=105: 330850 braids
    projlen=106: 96528 braids
  Braids kept: 231619 (in 25 buckets, 3.60 GB CPU)
  ⚡ Timing: matmul=2.79s, sampling=445.07s, total=492.16s
============================================================
Level 45 - SAMPLING
============================================================
  Starting braids: 191619
  Candidates to generate: 11601915
  Processing in 2321 chunks...
  Projlen distribution:
    projlen=84: 42 braids
    projlen=85: 2147 braids
    projlen=86: 19946 braids
    projlen=87: 55672 braids
    projlen=88: 94761 braids
    projlen=89: 160622 braids
    projlen=90: 248497 braids
    projlen=91: 333546 braids
    projlen=92: 445267 braids
    projlen=93: 544512 braids
    projlen=94: 627178 braids
    projlen=95: 681604 braids
    projlen=96: 713652 braids
    projlen=97: 733140 braids
    projlen=98: 747523 braids
    projlen=99: 760484 braids
    projlen=100: 769298 braids
    projlen=101: 776979 braids
    projlen=102: 775149 braids
    projlen=103: 768974 braids
    projlen=104: 746120 braids
    projlen=105: 649388 braids
    projlen=106: 512830 braids
    projlen=107: 335241 braids
    projlen=108: 99343 braids
  Braids kept: 232189 (in 25 buckets, 3.69 GB CPU)
  ⚡ Timing: matmul=2.80s, sampling=458.03s, total=506.09s
============================================================
Level 46 - SAMPLING
============================================================
  Starting braids: 192189
  Candidates to generate: 11644156
  Processing in 2329 chunks...
  Projlen distribution:
    projlen=86: 66 braids
    projlen=87: 2887 braids
    projlen=88: 22234 braids
    projlen=89: 57303 braids
    projlen=90: 98978 braids
    projlen=91: 168115 braids
    projlen=92: 254517 braids
    projlen=93: 339058 braids
    projlen=94: 448961 braids
    projlen=95: 542300 braids
    projlen=96: 619263 braids
    projlen=97: 675763 braids
    projlen=98: 717576 braids
    projlen=99: 741830 braids
    projlen=100: 757056 braids
    projlen=101: 766263 braids
    projlen=102: 769245 braids
    projlen=103: 767493 braids
    projlen=104: 770279 braids
    projlen=105: 769227 braids
    projlen=106: 752561 braids
    projlen=107: 655625 braids
    projlen=108: 516359 braids
    projlen=109: 333336 braids
    projlen=110: 97861 braids
  Braids kept: 232953 (in 25 buckets, 3.77 GB CPU)
  ⚡ Timing: matmul=2.82s, sampling=469.56s, total=518.54s
============================================================
Level 47 - SAMPLING
============================================================
  Starting braids: 192953
  Candidates to generate: 11738511
  Processing in 2348 chunks...
  Projlen distribution:
    projlen=88: 102 braids
    projlen=89: 3865 braids
    projlen=90: 24678 braids
    projlen=91: 59033 braids
    projlen=92: 103201 braids
    projlen=93: 175143 braids
    projlen=94: 260850 braids
    projlen=95: 352203 braids
    projlen=96: 467871 braids
    projlen=97: 555269 braids
    projlen=98: 631819 braids
    projlen=99: 686610 braids
    projlen=100: 717763 braids
    projlen=101: 742708 braids
    projlen=102: 759248 braids
    projlen=103: 764749 braids
    projlen=104: 773842 braids
    projlen=105: 777771 braids
    projlen=106: 775727 braids
    projlen=107: 765033 braids
    projlen=108: 745256 braids
    projlen=109: 653398 braids
    projlen=110: 512835 braids
    projlen=111: 332510 braids
    projlen=112: 97027 braids
  Braids kept: 233967 (in 25 buckets, 3.87 GB CPU)
  ⚡ Timing: matmul=2.85s, sampling=491.22s, total=541.32s
============================================================
Level 48 - SAMPLING
============================================================
  Starting braids: 193967
  Candidates to generate: 11813723
  Processing in 2363 chunks...
  Projlen distribution:
    projlen=90: 150 braids
    projlen=91: 5143 braids
    projlen=92: 28257 braids
    projlen=93: 61468 braids
    projlen=94: 108614 braids
    projlen=95: 181065 braids
    projlen=96: 263988 braids
    projlen=97: 354985 braids
    projlen=98: 469347 braids
    projlen=99: 559010 braids
    projlen=100: 640717 braids
    projlen=101: 692575 braids
    projlen=102: 723753 braids
    projlen=103: 749171 braids
    projlen=104: 759177 braids
    projlen=105: 767205 braids
    projlen=106: 765732 braids
    projlen=107: 770382 braids
    projlen=108: 777682 braids
    projlen=109: 772888 braids
    projlen=110: 754053 braids
    projlen=111: 657114 braids
    projlen=112: 516162 braids
    projlen=113: 336089 braids
    projlen=114: 98996 braids
  Braids kept: 235293 (in 25 buckets, 3.96 GB CPU)
  ⚡ Timing: matmul=2.92s, sampling=551.52s, total=609.21s
============================================================
Level 49 - SAMPLING
============================================================
  Starting braids: 195293
  Candidates to generate: 11837011
  Processing in 2368 chunks...
  Projlen distribution:
    projlen=91: 1 braids
    projlen=92: 215 braids
    projlen=93: 6833 braids
    projlen=94: 32840 braids
    projlen=95: 64270 braids
    projlen=96: 117026 braids
    projlen=97: 189018 braids
    projlen=98: 268252 braids
    projlen=99: 364987 braids
    projlen=100: 475583 braids
    projlen=101: 561414 braids
    projlen=102: 642355 braids
    projlen=103: 693445 braids
    projlen=104: 725230 braids
    projlen=105: 746334 braids
    projlen=106: 755842 braids
    projlen=107: 768385 braids
    projlen=108: 772791 braids
    projlen=109: 769852 braids
    projlen=110: 770966 braids
    projlen=111: 769406 braids
    projlen=112: 748857 braids
    projlen=113: 652029 braids
    projlen=114: 512216 braids
    projlen=115: 332211 braids
    projlen=116: 96653 braids
  Braids kept: 237049 (in 26 buckets, 4.07 GB CPU)
  ⚡ Timing: matmul=2.89s, sampling=569.12s, total=627.18s
============================================================
Level 50 - SAMPLING
============================================================
  Starting braids: 197049
  Candidates to generate: 11899127
  Processing in 2380 chunks...
  Projlen distribution:
    projlen=93: 1 braids
    projlen=94: 307 braids
    projlen=95: 9045 braids
    projlen=96: 38731 braids
    projlen=97: 67267 braids
    projlen=98: 125125 braids
    projlen=99: 197642 braids
    projlen=100: 275396 braids
    projlen=101: 373275 braids
    projlen=102: 488201 braids
    projlen=103: 569879 braids
    projlen=104: 639824 braids
    projlen=105: 691479 braids
    projlen=106: 722917 braids
    projlen=107: 744611 braids
    projlen=108: 754667 braids
    projlen=109: 765290 braids
    projlen=110: 768744 braids
    projlen=111: 772707 braids
    projlen=112: 777751 braids
    projlen=113: 773737 braids
    projlen=114: 752398 braids
    projlen=115: 648758 braids
    projlen=116: 510574 braids
    projlen=117: 332431 braids
    projlen=118: 98370 braids
  Braids kept: 239353 (in 26 buckets, 4.18 GB CPU)
  ⚡ Timing: matmul=2.93s, sampling=560.77s, total=619.08s
============================================================
Level 51 - SAMPLING
============================================================
  Starting braids: 199353
  Candidates to generate: 11984437
  Processing in 2397 chunks...
  Projlen distribution:
    projlen=95: 1 braids
    projlen=96: 429 braids
    projlen=97: 11984 braids
    projlen=98: 46230 braids
    projlen=99: 71442 braids
    projlen=100: 135435 braids
    projlen=101: 210046 braids
    projlen=102: 280916 braids
    projlen=103: 383742 braids
    projlen=104: 498410 braids
    projlen=105: 578311 braids
    projlen=106: 655025 braids
    projlen=107: 703219 braids
    projlen=108: 731635 braids
    projlen=109: 742420 braids
    projlen=110: 750115 braids
    projlen=111: 764101 braids
    projlen=112: 769960 braids
    projlen=113: 768775 braids
    projlen=114: 771199 braids
    projlen=115: 763809 braids
    projlen=116: 745004 braids
    projlen=117: 653063 braids
    projlen=118: 516079 braids
    projlen=119: 335133 braids
    projlen=120: 97954 braids
  Braids kept: 240430 (in 26 buckets, 4.28 GB CPU)
  ⚡ Timing: matmul=2.93s, sampling=625.78s, total=686.43s
============================================================
Level 52 - SAMPLING
============================================================
  Starting braids: 190430
  Candidates to generate: 11295643
  Processing in 2260 chunks...
  Projlen distribution:
    projlen=97: 1 braids
    projlen=98: 591 braids
    projlen=99: 13421 braids
    projlen=100: 50066 braids
    projlen=101: 73294 braids
    projlen=102: 141893 braids
    projlen=103: 220383 braids
    projlen=104: 288771 braids
    projlen=105: 396036 braids
    projlen=106: 506743 braids
    projlen=107: 580839 braids
    projlen=108: 654684 braids
    projlen=109: 703201 braids
    projlen=110: 734160 braids
    projlen=111: 754178 braids
    projlen=112: 765976 braids
    projlen=113: 773184 braids
    projlen=114: 774871 braids
    projlen=115: 770111 braids
    projlen=116: 764670 braids
    projlen=117: 744551 braids
    projlen=118: 648674 braids
    projlen=119: 509111 braids
    projlen=120: 329563 braids
    projlen=121: 96671 braids
  Braids kept: 230592 (in 25 buckets, 4.16 GB CPU)
  ⚡ Timing: matmul=2.88s, sampling=578.78s, total=636.63s
============================================================
Level 53 - SAMPLING
============================================================
  Starting braids: 190592
  Candidates to generate: 11376775
  Processing in 2276 chunks...
  Projlen distribution:
    projlen=99: 1 braids
    projlen=100: 809 braids
    projlen=101: 13844 braids
    projlen=102: 50823 braids
    projlen=103: 73058 braids
    projlen=104: 144389 braids
    projlen=105: 221301 braids
    projlen=106: 291202 braids
    projlen=107: 399740 braids
    projlen=108: 511468 braids
    projlen=109: 587299 braids
    projlen=110: 665099 braids
    projlen=111: 709519 braids
    projlen=112: 738091 braids
    projlen=113: 754084 braids
    projlen=114: 765209 braids
    projlen=115: 771090 braids
    projlen=116: 776332 braids
    projlen=117: 774273 braids
    projlen=118: 768794 braids
    projlen=119: 752087 braids
    projlen=120: 655182 braids
    projlen=121: 515564 braids
    projlen=122: 337872 braids
    projlen=123: 99645 braids
  Braids kept: 230810 (in 25 buckets, 4.24 GB CPU)
  ⚡ Timing: matmul=2.81s, sampling=529.22s, total=587.42s
============================================================
Level 54 - SAMPLING
============================================================
  Starting braids: 190810
  Candidates to generate: 11375143
  Processing in 2276 chunks...
  Projlen distribution:
    projlen=101: 1 braids
    projlen=102: 1101 braids
    projlen=103: 14465 braids
    projlen=104: 52293 braids
    projlen=105: 73755 braids
    projlen=106: 147803 braids
    projlen=107: 224122 braids
    projlen=108: 291708 braids
    projlen=109: 397305 braids
    projlen=110: 511507 braids
    projlen=111: 588211 braids
    projlen=112: 664128 braids
    projlen=113: 706750 braids
    projlen=114: 740558 braids
    projlen=115: 758940 braids
    projlen=116: 763971 braids
    projlen=117: 768237 braids
    projlen=118: 770877 braids
    projlen=119: 769927 braids
    projlen=120: 767423 braids
    projlen=121: 752343 braids
    projlen=122: 655203 braids
    projlen=123: 519013 braids
    projlen=124: 337288 braids
    projlen=125: 98214 braids
  Braids kept: 231102 (in 25 buckets, 4.32 GB CPU)
  ⚡ Timing: matmul=2.79s, sampling=532.20s, total=591.22s
============================================================
Level 55 - SAMPLING
============================================================
  Starting braids: 191102
  Candidates to generate: 11421935
  Processing in 2285 chunks...
  Projlen distribution:
    projlen=103: 1 braids
    projlen=104: 1511 braids
    projlen=105: 15381 braids
    projlen=106: 53475 braids
    projlen=107: 75127 braids
    projlen=108: 150880 braids
    projlen=109: 227444 braids
    projlen=110: 297716 braids
    projlen=111: 408100 braids
    projlen=112: 514995 braids
    projlen=113: 588397 braids
    projlen=114: 666900 braids
    projlen=115: 713160 braids
    projlen=116: 737701 braids
    projlen=117: 759258 braids
    projlen=118: 772310 braids
    projlen=119: 774886 braids
    projlen=120: 776465 braids
    projlen=121: 773767 braids
    projlen=122: 765975 braids
    projlen=123: 748735 braids
    projlen=124: 652300 braids
    projlen=125: 515665 braids
    projlen=126: 333859 braids
    projlen=127: 97927 braids
  Braids kept: 231512 (in 25 buckets, 4.40 GB CPU)
  ⚡ Timing: matmul=2.81s, sampling=579.02s, total=639.22s
============================================================
Level 56 - SAMPLING
============================================================
  Starting braids: 191512
  Candidates to generate: 11455310
  Processing in 2292 chunks...
  Projlen distribution:
    projlen=105: 1 braids
    projlen=106: 2046 braids
    projlen=107: 16833 braids
    projlen=108: 55372 braids
    projlen=109: 78042 braids
    projlen=110: 155659 braids
    projlen=111: 229373 braids
    projlen=112: 303756 braids
    projlen=113: 411533 braids
    projlen=114: 520964 braids
    projlen=115: 593600 braids
    projlen=116: 667220 braids
    projlen=117: 704479 braids
    projlen=118: 735213 braids
    projlen=119: 758792 braids
    projlen=120: 772799 braids
    projlen=121: 773369 braids
    projlen=122: 776900 braids
    projlen=123: 775301 braids
    projlen=124: 769509 braids
    projlen=125: 752602 braids
    projlen=126: 653115 braids
    projlen=127: 516002 braids
    projlen=128: 335915 braids
    projlen=129: 96915 braids
  Braids kept: 232047 (in 25 buckets, 4.48 GB CPU)
  ⚡ Timing: matmul=2.84s, sampling=639.95s, total=715.84s
============================================================
Level 57 - SAMPLING
============================================================
  Starting braids: 192047
  Candidates to generate: 11472574
  Processing in 2295 chunks...
  Projlen distribution:
    projlen=107: 2 braids
    projlen=108: 2741 braids
    projlen=109: 18663 braids
    projlen=110: 57061 braids
    projlen=111: 83310 braids
    projlen=112: 161311 braids
    projlen=113: 236577 braids
    projlen=114: 316326 braids
    projlen=115: 418778 braids
    projlen=116: 521988 braids
    projlen=117: 596734 braids
    projlen=118: 669263 braids
    projlen=119: 710269 braids
    projlen=120: 738207 braids
    projlen=121: 754834 braids
    projlen=122: 761220 braids
    projlen=123: 769090 braids
    projlen=124: 773389 braids
    projlen=125: 773617 braids
    projlen=126: 769159 braids
    projlen=127: 748822 braids
    projlen=128: 653099 braids
    projlen=129: 509190 braids
    projlen=130: 330934 braids
    projlen=131: 97990 braids
  Braids kept: 232743 (in 25 buckets, 4.57 GB CPU)
  ⚡ Timing: matmul=2.83s, sampling=633.83s, total=711.92s
============================================================
Level 58 - SAMPLING
============================================================
  Starting braids: 192743
  Candidates to generate: 11554682
  Processing in 2311 chunks...
