============================================================
SEARCHING FOR KERNEL ELEMENTS
============================================================
Braid group: B_6
Representation: (4, 2)
Dimension: 9
Number of simples: 720
Prime: 3
Device: cuda
Bucket size: 10000
Target length: 300
BFS frontier length: 3
Frontier shard: 12/16
Degree window: [0, 900] (901 coeffs)
Boundary margin: 32
Use best: 200000
Save best: 10000
Expansion chunk size: 5000
Matmul chunk size: 1500
Seed: 34011

Loaded tables from /nfs/roberts/project/pi_com36/as4843/burau-experiments/beta/precomputed_tables/tables_B6_r2_p3.pt
  Braid group: B_6
  Representation: (4, 2), dimension 9
  Number of simples: 720
  Degree window: [0, 900] (901 coefficients)
  Table checksum: 1e81050ff423a599ba7f5ee6bf31360dfaef563b3266fab587f0f86948d59f86
✓ Identity matrix loaded at degree 0

Precomputing FFTs of simple matrices...
  simple_D=7, safety_cap_D=901
  FFT size: dynamic (grows with actual projective width)
  FFT cache: initialized lazily by transform size
Storage: reservoir matrices=CPU int16, active chunks=CUDA int16/FFT
⚡ GPU-accelerated paper reservoir with per-product projectivization

============================================================
Level 3 - BFS FRONTIER
============================================================
  Exhaustively enumerating all legal GNF words of length 3...
  Full frontier: 7,770,918 braids
  Assigned to this shard: 485,682 braids
  Projlen distribution:
    projlen=7: 16 braids
    projlen=8: 72 braids
    projlen=9: 572 braids
    projlen=10: 2563 braids
    projlen=11: 10588 braids
    projlen=12: 25621 braids
    projlen=13: 51877 braids
    projlen=14: 83758 braids
    projlen=15: 101937 braids
    projlen=16: 102647 braids
    projlen=17: 72719 braids
    projlen=18: 28399 braids
    projlen=19: 4913 braids
  Braids kept: 88136 (in 13 buckets, 0.21 GB CPU)
  ⚡ Timing: matmul=5.57s, sampling=0.00s, total=5.57s
============================================================
Level 4 - SAMPLING
============================================================
  Starting braids: 88136
  Candidates to generate: 6435422
  Processing in 1288 chunks...
  Projlen distribution:
    projlen=9: 34 braids
    projlen=10: 264 braids
    projlen=11: 2738 braids
    projlen=12: 14397 braids
    projlen=13: 69475 braids
    projlen=14: 162897 braids
    projlen=15: 302999 braids
    projlen=16: 493765 braids
    projlen=17: 633206 braids
    projlen=18: 733528 braids
    projlen=19: 821760 braids
    projlen=20: 881745 braids
    projlen=21: 848447 braids
    projlen=22: 698855 braids
    projlen=23: 487154 braids
    projlen=24: 230509 braids
    projlen=25: 53649 braids
  Braids kept: 143036 (in 17 buckets, 0.43 GB CPU)
  ⚡ Timing: matmul=1.60s, sampling=35.57s, total=42.13s
============================================================
Level 5 - SAMPLING
============================================================
  Starting braids: 143036
  Candidates to generate: 9783399
  Processing in 1957 chunks...
  Projlen distribution:
    projlen=11: 68 braids
    projlen=12: 714 braids
    projlen=13: 8508 braids
    projlen=14: 37229 braids
    projlen=15: 98049 braids
    projlen=16: 177973 braids
    projlen=17: 304073 braids
    projlen=18: 434117 braids
    projlen=19: 551114 braids
    projlen=20: 656104 braids
    projlen=21: 727544 braids
    projlen=22: 758616 braids
    projlen=23: 787349 braids
    projlen=24: 823301 braids
    projlen=25: 863709 braids
    projlen=26: 891004 braids
    projlen=27: 889494 braids
    projlen=28: 752419 braids
    projlen=29: 572558 braids
    projlen=30: 346021 braids
    projlen=31: 103435 braids
  Braids kept: 189290 (in 21 buckets, 0.68 GB CPU)
  ⚡ Timing: matmul=2.40s, sampling=79.33s, total=90.59s
============================================================
Level 6 - SAMPLING
============================================================
  Starting braids: 189290
  Candidates to generate: 12711535
  Processing in 2543 chunks...
  Projlen distribution:
    projlen=13: 140 braids
    projlen=14: 1544 braids
    projlen=15: 22053 braids
    projlen=16: 54125 braids
    projlen=17: 112918 braids
    projlen=18: 195651 braids
    projlen=19: 301714 braids
    projlen=20: 413602 braids
    projlen=21: 531588 braids
    projlen=22: 629138 braids
    projlen=23: 693222 braids
    projlen=24: 734585 braids
    projlen=25: 757057 braids
    projlen=26: 768011 braids
    projlen=27: 774654 braids
    projlen=28: 782476 braids
    projlen=29: 797556 braids
    projlen=30: 817609 braids
    projlen=31: 840070 braids
    projlen=32: 860747 braids
    projlen=33: 863495 braids
    projlen=34: 744649 braids
    projlen=35: 572368 braids
    projlen=36: 340176 braids
    projlen=37: 102387 braids
  Braids kept: 231684 (in 25 buckets, 0.98 GB CPU)
  ⚡ Timing: matmul=3.18s, sampling=130.75s, total=149.84s
============================================================
Level 7 - SAMPLING
============================================================
  Starting braids: 191684
  Candidates to generate: 12224873
  Processing in 2445 chunks...
  Projlen distribution:
    projlen=15: 287 braids
    projlen=16: 3105 braids
    projlen=17: 28190 braids
    projlen=18: 58665 braids
    projlen=19: 120033 braids
    projlen=20: 202741 braids
    projlen=21: 301087 braids
    projlen=22: 409169 braids
    projlen=23: 524196 braids
    projlen=24: 612521 braids
    projlen=25: 677940 braids
    projlen=26: 724663 braids
    projlen=27: 753011 braids
    projlen=28: 762509 braids
    projlen=29: 773583 braids
    projlen=30: 775729 braids
    projlen=31: 777706 braids
    projlen=32: 784180 braids
    projlen=33: 787249 braids
    projlen=34: 779620 braids
    projlen=35: 758342 braids
    projlen=36: 660527 braids
    projlen=37: 516801 braids
    projlen=38: 335605 braids
    projlen=39: 97414 braids
  Braids kept: 233392 (in 25 buckets, 1.06 GB CPU)
  ⚡ Timing: matmul=3.06s, sampling=145.35s, total=164.30s
============================================================
Level 8 - SAMPLING
============================================================
  Starting braids: 193392
  Candidates to generate: 12181274
  Processing in 2437 chunks...
  Projlen distribution:
    projlen=17: 592 braids
    projlen=18: 6275 braids
    projlen=19: 32931 braids
    projlen=20: 62424 braids
    projlen=21: 124880 braids
    projlen=22: 204832 braids
    projlen=23: 296774 braids
    projlen=24: 404724 braids
    projlen=25: 522715 braids
    projlen=26: 609411 braids
    projlen=27: 677442 braids
    projlen=28: 722804 braids
    projlen=29: 745798 braids
    projlen=30: 756583 braids
    projlen=31: 767115 braids
    projlen=32: 773788 braids
    projlen=33: 780937 braids
    projlen=34: 782688 braids
    projlen=35: 781624 braids
    projlen=36: 771321 braids
    projlen=37: 751806 braids
    projlen=38: 655272 braids
    projlen=39: 518090 braids
    projlen=40: 333546 braids
    projlen=41: 96902 braids
  Braids kept: 236867 (in 25 buckets, 1.15 GB CPU)
  ⚡ Timing: matmul=3.06s, sampling=142.83s, total=162.29s
============================================================
Level 9 - SAMPLING
============================================================
  Starting braids: 196867
  Candidates to generate: 12204235
  Processing in 2441 chunks...
  Projlen distribution:
    projlen=17: 1 braids
    projlen=18: 11 braids
    projlen=19: 1227 braids
    projlen=20: 13181 braids
    projlen=21: 43014 braids
    projlen=22: 73540 braids
    projlen=23: 142767 braids
    projlen=24: 218619 braids
    projlen=25: 303149 braids
    projlen=26: 406090 braids
    projlen=27: 517143 braids
    projlen=28: 605767 braids
    projlen=29: 675078 braids
    projlen=30: 714670 braids
    projlen=31: 743309 braids
    projlen=32: 758891 braids
    projlen=33: 767847 braids
    projlen=34: 770802 braids
    projlen=35: 771082 braids
    projlen=36: 772913 braids
    projlen=37: 776640 braids
    projlen=38: 768249 braids
    projlen=39: 751914 braids
    projlen=40: 658050 braids
    projlen=41: 516225 braids
    projlen=42: 335122 braids
    projlen=43: 98934 braids
  Braids kept: 241239 (in 27 buckets, 1.24 GB CPU)
  ⚡ Timing: matmul=3.07s, sampling=152.51s, total=172.56s
============================================================
Level 10 - SAMPLING
============================================================
  Starting braids: 191239
  Candidates to generate: 11572101
  Processing in 2315 chunks...
  Projlen distribution:
    projlen=19: 2 braids
    projlen=20: 35 braids
    projlen=21: 2505 braids
    projlen=22: 22244 braids
    projlen=23: 56100 braids
    projlen=24: 90798 braids
    projlen=25: 170278 braids
    projlen=26: 245408 braids
    projlen=27: 329725 braids
    projlen=28: 431128 braids
    projlen=29: 533305 braids
    projlen=30: 610849 braids
    projlen=31: 674046 braids
    projlen=32: 712358 braids
    projlen=33: 739382 braids
    projlen=34: 755323 braids
    projlen=35: 765578 braids
    projlen=36: 770601 braids
    projlen=37: 773082 braids
    projlen=38: 771715 braids
    projlen=39: 771089 braids
    projlen=40: 751557 braids
    projlen=41: 654826 braids
    projlen=42: 514478 braids
    projlen=43: 330020 braids
    projlen=44: 95669 braids
  Braids kept: 232542 (in 26 buckets, 1.25 GB CPU)
  ⚡ Timing: matmul=2.93s, sampling=154.43s, total=173.73s
============================================================
Level 11 - SAMPLING
============================================================
  Starting braids: 192542
  Candidates to generate: 11758995
  Processing in 2352 chunks...
  Projlen distribution:
    projlen=21: 5 braids
    projlen=22: 91 braids
    projlen=23: 4816 braids
    projlen=24: 25421 braids
    projlen=25: 59329 braids
    projlen=26: 99522 braids
    projlen=27: 184847 braids
    projlen=28: 257656 braids
    projlen=29: 357681 braids
    projlen=30: 463238 braids
    projlen=31: 554967 braids
    projlen=32: 624754 braids
    projlen=33: 680026 braids
    projlen=34: 717038 braids
    projlen=35: 743204 braids
    projlen=36: 763015 braids
    projlen=37: 772993 braids
    projlen=38: 777352 braids
    projlen=39: 780193 braids
    projlen=40: 780130 braids
    projlen=41: 766802 braids
    projlen=42: 745221 braids
    projlen=43: 653103 braids
    projlen=44: 516907 braids
    projlen=45: 332985 braids
    projlen=46: 97699 braids
  Braids kept: 234912 (in 26 buckets, 1.33 GB CPU)
  ⚡ Timing: matmul=2.99s, sampling=168.94s, total=189.17s
============================================================
Level 12 - SAMPLING
============================================================
  Starting braids: 194912
  Candidates to generate: 11922154
  Processing in 2385 chunks...
  Projlen distribution:
    projlen=23: 10 braids
    projlen=24: 183 braids
    projlen=25: 8963 braids
    projlen=26: 30310 braids
    projlen=27: 67079 braids
    projlen=28: 110162 braids
    projlen=29: 200237 braids
    projlen=30: 264050 braids
    projlen=31: 369788 braids
    projlen=32: 469860 braids
    projlen=33: 566139 braids
    projlen=34: 639010 braids
    projlen=35: 699314 braids
    projlen=36: 728839 braids
    projlen=37: 752228 braids
    projlen=38: 769508 braids
    projlen=39: 770932 braids
    projlen=40: 775574 braids
    projlen=41: 776883 braids
    projlen=42: 780029 braids
    projlen=43: 778246 braids
    projlen=44: 760341 braids
    projlen=45: 656658 braids
    projlen=46: 514022 braids
    projlen=47: 335335 braids
    projlen=48: 98454 braids
  Braids kept: 239156 (in 26 buckets, 1.43 GB CPU)
  ⚡ Timing: matmul=3.03s, sampling=181.30s, total=202.44s
============================================================
Level 13 - SAMPLING
============================================================
  Starting braids: 199156
  Candidates to generate: 12060052
  Processing in 2413 chunks...
  Projlen distribution:
    projlen=25: 23 braids
    projlen=26: 333 braids
    projlen=27: 16223 braids
    projlen=28: 38494 braids
    projlen=29: 79673 braids
    projlen=30: 126197 braids
    projlen=31: 225806 braids
    projlen=32: 276375 braids
    projlen=33: 393005 braids
    projlen=34: 488482 braids
    projlen=35: 578780 braids
    projlen=36: 645208 braids
    projlen=37: 695701 braids
    projlen=38: 727262 braids
    projlen=39: 750537 braids
    projlen=40: 762736 braids
    projlen=41: 773776 braids
    projlen=42: 778055 braids
    projlen=43: 776624 braids
    projlen=44: 774136 braids
    projlen=45: 769643 braids
    projlen=46: 753935 braids
    projlen=47: 663380 braids
    projlen=48: 523033 braids
    projlen=49: 342089 braids
    projlen=50: 100546 braids
  Braids kept: 240356 (in 26 buckets, 1.51 GB CPU)
  ⚡ Timing: matmul=3.08s, sampling=192.58s, total=214.74s
============================================================
Level 14 - SAMPLING
============================================================
  Starting braids: 190356
  Candidates to generate: 11331854
  Processing in 2267 chunks...
  Projlen distribution:
    projlen=26: 2 braids
    projlen=27: 46 braids
    projlen=28: 583 braids
    projlen=29: 18499 braids
    projlen=30: 39373 braids
    projlen=31: 84962 braids
    projlen=32: 129584 braids
    projlen=33: 238401 braids
    projlen=34: 289842 braids
    projlen=35: 416135 braids
    projlen=36: 505733 braids
    projlen=37: 588140 braids
    projlen=38: 652699 braids
    projlen=39: 702589 braids
    projlen=40: 722132 braids
    projlen=41: 745853 braids
    projlen=42: 759021 braids
    projlen=43: 768339 braids
    projlen=44: 774897 braids
    projlen=45: 781220 braids
    projlen=46: 775488 braids
    projlen=47: 753045 braids
    projlen=48: 652077 braids
    projlen=49: 509545 braids
    projlen=50: 327046 braids
    projlen=51: 96603 braids
  Braids kept: 230631 (in 26 buckets, 1.51 GB CPU)
  ⚡ Timing: matmul=2.91s, sampling=189.56s, total=210.51s
============================================================
Level 15 - SAMPLING
============================================================
  Starting braids: 190631
  Candidates to generate: 11449780
  Processing in 2290 chunks...
  Projlen distribution:
    projlen=27: 1 braids
    projlen=28: 10 braids
    projlen=29: 121 braids
    projlen=30: 1086 braids
    projlen=31: 19595 braids
    projlen=32: 39673 braids
    projlen=33: 86821 braids
    projlen=34: 128480 braids
    projlen=35: 237256 braids
    projlen=36: 289012 braids
    projlen=37: 422499 braids
    projlen=38: 518374 braids
    projlen=39: 600626 braids
    projlen=40: 670750 braids
    projlen=41: 711525 braids
    projlen=42: 734945 braids
    projlen=43: 753261 braids
    projlen=44: 766670 braids
    projlen=45: 772877 braids
    projlen=46: 773055 braids
    projlen=47: 777338 braids
    projlen=48: 774124 braids
    projlen=49: 752732 braids
    projlen=50: 659327 braids
    projlen=51: 522015 braids
    projlen=52: 338113 braids
    projlen=53: 99494 braids
  Braids kept: 231218 (in 27 buckets, 1.59 GB CPU)
  ⚡ Timing: matmul=2.94s, sampling=190.85s, total=212.71s
============================================================
Level 16 - SAMPLING
============================================================
  Starting braids: 191218
  Candidates to generate: 11484983
  Processing in 2297 chunks...
  Projlen distribution:
    projlen=29: 7 braids
    projlen=30: 49 braids
    projlen=31: 497 braids
    projlen=32: 2854 braids
    projlen=33: 23784 braids
    projlen=34: 45585 braids
    projlen=35: 95659 braids
    projlen=36: 136796 braids
    projlen=37: 242078 braids
    projlen=38: 293786 braids
    projlen=39: 418561 braids
    projlen=40: 518690 braids
    projlen=41: 608232 braids
    projlen=42: 675606 braids
    projlen=43: 719655 braids
    projlen=44: 745504 braids
    projlen=45: 757101 braids
    projlen=46: 766840 braids
    projlen=47: 766733 braids
    projlen=48: 771842 braids
    projlen=49: 772517 braids
    projlen=50: 769230 braids
    projlen=51: 750659 braids
    projlen=52: 653956 braids
    projlen=53: 518662 braids
    projlen=54: 332461 braids
    projlen=55: 97639 braids
  Braids kept: 233407 (in 27 buckets, 1.67 GB CPU)
  ⚡ Timing: matmul=2.95s, sampling=200.99s, total=223.37s
============================================================
Level 17 - SAMPLING
============================================================
  Starting braids: 193407
  Candidates to generate: 11709625
  Processing in 2342 chunks...
  Projlen distribution:
    projlen=30: 1 braids
    projlen=31: 20 braids
    projlen=32: 233 braids
    projlen=33: 1825 braids
    projlen=34: 10183 braids
    projlen=35: 40769 braids
    projlen=36: 74059 braids
    projlen=37: 141233 braids
    projlen=38: 189984 braids
    projlen=39: 284204 braids
    projlen=40: 326537 braids
    projlen=41: 434384 braids
    projlen=42: 521533 braids
    projlen=43: 601684 braids
    projlen=44: 668353 braids
    projlen=45: 717668 braids
    projlen=46: 737402 braids
    projlen=47: 753629 braids
    projlen=48: 763025 braids
    projlen=49: 770317 braids
    projlen=50: 772604 braids
    projlen=51: 775772 braids
    projlen=52: 768353 braids
    projlen=53: 751809 braids
    projlen=54: 658125 braids
    projlen=55: 515947 braids
    projlen=56: 332572 braids
    projlen=57: 97400 braids
  Braids kept: 242079 (in 28 buckets, 1.80 GB CPU)
  ⚡ Timing: matmul=2.98s, sampling=216.20s, total=239.94s
============================================================
Level 18 - SAMPLING
============================================================
  Starting braids: 192079
  Candidates to generate: 11763871
  Processing in 2353 chunks...
  Projlen distribution:
    projlen=32: 1 braids
    projlen=33: 52 braids
    projlen=34: 762 braids
    projlen=35: 6411 braids
    projlen=36: 36399 braids
    projlen=37: 93977 braids
    projlen=38: 151186 braids
    projlen=39: 257946 braids
    projlen=40: 320630 braids
    projlen=41: 405461 braids
    projlen=42: 450868 braids
    projlen=43: 524921 braids
    projlen=44: 573221 braids
    projlen=45: 629020 braids
    projlen=46: 674030 braids
    projlen=47: 713247 braids
    projlen=48: 737410 braids
    projlen=49: 757092 braids
    projlen=50: 764694 braids
    projlen=51: 774777 braids
    projlen=52: 777590 braids
    projlen=53: 774102 braids
    projlen=54: 752298 braids
    projlen=55: 651799 braids
    projlen=56: 508849 braids
    projlen=57: 330179 braids
    projlen=58: 96949 braids
  Braids kept: 237226 (in 27 buckets, 1.81 GB CPU)
  ⚡ Timing: matmul=3.00s, sampling=218.64s, total=242.72s
============================================================
Level 19 - SAMPLING
============================================================
  Starting braids: 197226
  Candidates to generate: 12581133
  Processing in 2517 chunks...
  Projlen distribution:
    projlen=34: 3 braids
    projlen=35: 142 braids
    projlen=36: 2025 braids
    projlen=37: 18997 braids
    projlen=38: 56585 braids
    projlen=39: 123337 braids
    projlen=40: 195402 braids
    projlen=41: 307942 braids
    projlen=42: 399897 braids
    projlen=43: 520602 braids
    projlen=44: 584226 braids
    projlen=45: 634048 braids
    projlen=46: 659045 braids
    projlen=47: 688958 braids
    projlen=48: 710854 braids
    projlen=49: 731956 braids
    projlen=50: 743524 braids
    projlen=51: 756742 braids
    projlen=52: 759968 braids
    projlen=53: 769953 braids
    projlen=54: 770277 braids
    projlen=55: 770707 braids
    projlen=56: 758211 braids
    projlen=57: 660184 braids
    projlen=58: 518138 braids
    projlen=59: 338934 braids
    projlen=60: 100476 braids
  Braids kept: 242170 (in 27 buckets, 1.92 GB CPU)
  ⚡ Timing: matmul=3.22s, sampling=245.83s, total=272.27s
============================================================
Level 20 - SAMPLING
============================================================
  Starting braids: 192170
  Candidates to generate: 12251390
  Processing in 2451 chunks...
  Projlen distribution:
    projlen=36: 24 braids
    projlen=37: 395 braids
    projlen=38: 4813 braids
    projlen=39: 34229 braids
    projlen=40: 78574 braids
    projlen=41: 155587 braids
    projlen=42: 237482 braids
    projlen=43: 350184 braids
    projlen=44: 439027 braids
    projlen=45: 549258 braids
    projlen=46: 607482 braids
    projlen=47: 670346 braids
    projlen=48: 708203 braids
    projlen=49: 730941 braids
    projlen=50: 742705 braids
    projlen=51: 754668 braids
    projlen=52: 758639 braids
    projlen=53: 768739 braids
    projlen=54: 770024 braids
    projlen=55: 772512 braids
    projlen=56: 765444 braids
    projlen=57: 751668 braids
    projlen=58: 654097 braids
    projlen=59: 516777 braids
    projlen=60: 332154 braids
    projlen=61: 97418 braids
  Braids kept: 235232 (in 26 buckets, 1.91 GB CPU)
  ⚡ Timing: matmul=3.21s, sampling=244.69s, total=270.94s
============================================================
Level 21 - SAMPLING
============================================================
  Starting braids: 195232
  Candidates to generate: 12549453
  Processing in 2510 chunks...
  Projlen distribution:
    projlen=37: 1 braids
    projlen=38: 87 braids
    projlen=39: 1193 braids
    projlen=40: 11197 braids
    projlen=41: 48920 braids
    projlen=42: 93018 braids
    projlen=43: 180536 braids
    projlen=44: 270538 braids
    projlen=45: 379976 braids
    projlen=46: 472005 braids
    projlen=47: 579598 braids
    projlen=48: 632961 braids
    projlen=49: 691289 braids
    projlen=50: 717312 braids
    projlen=51: 738418 braids
    projlen=52: 750820 braids
    projlen=53: 758372 braids
    projlen=54: 766256 braids
    projlen=55: 774679 braids
    projlen=56: 771240 braids
    projlen=57: 771247 braids
    projlen=58: 770090 braids
    projlen=59: 756252 braids
    projlen=60: 656693 braids
    projlen=61: 521717 braids
    projlen=62: 336111 braids
    projlen=63: 98927 braids
  Braids kept: 241281 (in 27 buckets, 2.03 GB CPU)
  ⚡ Timing: matmul=3.49s, sampling=259.36s, total=287.16s
============================================================
Level 22 - SAMPLING
============================================================
  Starting braids: 191281
  Candidates to generate: 12030367
  Processing in 2407 chunks...
  Projlen distribution:
    projlen=39: 3 braids
    projlen=40: 258 braids
    projlen=41: 3784 braids
    projlen=42: 26113 braids
    projlen=43: 77287 braids
    projlen=44: 119734 braids
    projlen=45: 217166 braids
    projlen=46: 307337 braids
    projlen=47: 411372 braids
    projlen=48: 503117 braids
    projlen=49: 604495 braids
    projlen=50: 655488 braids
    projlen=51: 698129 braids
    projlen=52: 724223 braids
    projlen=53: 743946 braids
    projlen=54: 754593 braids
    projlen=55: 761901 braids
    projlen=56: 768193 braids
    projlen=57: 770787 braids
    projlen=58: 770246 braids
    projlen=59: 765711 braids
    projlen=60: 746086 braids
    projlen=61: 652533 braids
    projlen=62: 511154 braids
    projlen=63: 338305 braids
    projlen=64: 98406 braids
  Braids kept: 234045 (in 26 buckets, 2.02 GB CPU)
  ⚡ Timing: matmul=3.18s, sampling=256.94s, total=283.73s
============================================================
Level 23 - SAMPLING
============================================================
  Starting braids: 194045
  Candidates to generate: 12286658
  Processing in 2458 chunks...
  Projlen distribution:
    projlen=41: 12 braids
    projlen=42: 682 braids
    projlen=43: 10993 braids
    projlen=44: 39793 braids
    projlen=45: 97357 braids
    projlen=46: 150368 braids
    projlen=47: 248241 braids
    projlen=48: 333946 braids
    projlen=49: 444978 braids
    projlen=50: 529934 braids
    projlen=51: 622467 braids
    projlen=52: 670248 braids
    projlen=53: 713802 braids
    projlen=54: 738076 braids
    projlen=55: 749710 braids
    projlen=56: 754554 braids
    projlen=57: 764147 braids
    projlen=58: 763427 braids
    projlen=59: 770694 braids
    projlen=60: 773548 braids
    projlen=61: 762752 braids
    projlen=62: 746924 braids
    projlen=63: 653705 braids
    projlen=64: 507143 braids
    projlen=65: 341356 braids
    projlen=66: 97801 braids
  Braids kept: 240694 (in 26 buckets, 2.15 GB CPU)
  ⚡ Timing: matmul=3.32s, sampling=271.80s, total=308.42s
============================================================
Level 24 - SAMPLING
============================================================
  Starting braids: 190694
  Candidates to generate: 11857736
  Processing in 2372 chunks...
  Projlen distribution:
    projlen=43: 51 braids
    projlen=44: 1778 braids
    projlen=45: 28018 braids
    projlen=46: 68550 braids
    projlen=47: 139974 braids
    projlen=48: 207762 braids
    projlen=49: 308010 braids
    projlen=50: 378198 braids
    projlen=51: 490798 braids
    projlen=52: 560320 braids
    projlen=53: 636781 braids
    projlen=54: 681578 braids
    projlen=55: 719064 braids
    projlen=56: 737102 braids
    projlen=57: 749676 braids
    projlen=58: 757834 braids
    projlen=59: 765194 braids
    projlen=60: 768297 braids
    projlen=61: 765887 braids
    projlen=62: 768151 braids
    projlen=63: 746282 braids
    projlen=64: 652913 braids
    projlen=65: 514644 braids
    projlen=66: 315240 braids
    projlen=67: 95634 braids
  Braids kept: 231829 (in 25 buckets, 2.12 GB CPU)
  ⚡ Timing: matmul=3.13s, sampling=267.73s, total=303.50s
============================================================
Level 25 - SAMPLING
============================================================
  Starting braids: 191829
  Candidates to generate: 12220774
  Processing in 2445 chunks...
  Projlen distribution:
    projlen=44: 3 braids
    projlen=45: 244 braids
    projlen=46: 4286 braids
    projlen=47: 33445 braids
    projlen=48: 75773 braids
    projlen=49: 155540 braids
    projlen=50: 237081 braids
    projlen=51: 354037 braids
    projlen=52: 439151 braids
    projlen=53: 546806 braids
    projlen=54: 600892 braids
    projlen=55: 663456 braids
    projlen=56: 694828 braids
    projlen=57: 723525 braids
    projlen=58: 740405 braids
    projlen=59: 753277 braids
    projlen=60: 762030 braids
    projlen=61: 768189 braids
    projlen=62: 772752 braids
    projlen=63: 774000 braids
    projlen=64: 774274 braids
    projlen=65: 747239 braids
    projlen=66: 655018 braids
    projlen=67: 523482 braids
    projlen=68: 321896 braids
    projlen=69: 99145 braids
  Braids kept: 234533 (in 26 buckets, 2.22 GB CPU)
  ⚡ Timing: matmul=3.18s, sampling=284.91s, total=322.28s
============================================================
Level 26 - SAMPLING
============================================================
  Starting braids: 194533
  Candidates to generate: 12512600
  Processing in 2503 chunks...
  Projlen distribution:
    projlen=46: 26 braids
    projlen=47: 931 braids
    projlen=48: 10965 braids
    projlen=49: 47325 braids
    projlen=50: 92777 braids
    projlen=51: 184587 braids
    projlen=52: 266542 braids
    projlen=53: 378427 braids
    projlen=54: 460280 braids
    projlen=55: 576717 braids
    projlen=56: 635168 braids
    projlen=57: 688096 braids
    projlen=58: 722702 braids
    projlen=59: 749098 braids
    projlen=60: 757297 braids
    projlen=61: 765995 braids
    projlen=62: 771728 braids
    projlen=63: 766695 braids
    projlen=64: 767576 braids
    projlen=65: 767269 braids
    projlen=66: 765745 braids
    projlen=67: 745104 braids
    projlen=68: 654549 braids
    projlen=69: 520045 braids
    projlen=70: 319350 braids
    projlen=71: 97606 braids
  Braids kept: 240957 (in 26 buckets, 2.35 GB CPU)
  ⚡ Timing: matmul=3.28s, sampling=300.38s, total=339.15s
============================================================
Level 27 - SAMPLING
============================================================
  Starting braids: 190957
  Candidates to generate: 12040158
  Processing in 2409 chunks...
  Projlen distribution:
    projlen=47: 4 braids
    projlen=48: 94 braids
    projlen=49: 2777 braids
    projlen=50: 26105 braids
    projlen=51: 76933 braids
    projlen=52: 123658 braids
    projlen=53: 235508 braids
    projlen=54: 312258 braids
    projlen=55: 421248 braids
    projlen=56: 502147 braids
    projlen=57: 599261 braids
    projlen=58: 650181 braids
    projlen=59: 701504 braids
    projlen=60: 726159 braids
    projlen=61: 745421 braids
    projlen=62: 756943 braids
    projlen=63: 762456 braids
    projlen=64: 767827 braids
    projlen=65: 768426 braids
    projlen=66: 773482 braids
    projlen=67: 765857 braids
    projlen=68: 744549 braids
    projlen=69: 641099 braids
    projlen=70: 495945 braids
    projlen=71: 344107 braids
    projlen=72: 96209 braids
  Braids kept: 232875 (in 26 buckets, 2.32 GB CPU)
  ⚡ Timing: matmul=3.15s, sampling=293.86s, total=331.60s
============================================================
Level 28 - SAMPLING
============================================================
  Starting braids: 192875
  Candidates to generate: 12335170
  Processing in 2468 chunks...
  Projlen distribution:
    projlen=48: 1 braids
    projlen=49: 14 braids
    projlen=50: 240 braids
    projlen=51: 6374 braids
    projlen=52: 32822 braids
    projlen=53: 85890 braids
    projlen=54: 137682 braids
    projlen=55: 251258 braids
    projlen=56: 337455 braids
    projlen=57: 465547 braids
    projlen=58: 541212 braids
    projlen=59: 620847 braids
    projlen=60: 670832 braids
    projlen=61: 713500 braids
    projlen=62: 732223 braids
    projlen=63: 747898 braids
    projlen=64: 759553 braids
    projlen=65: 768130 braids
    projlen=66: 773158 braids
    projlen=67: 770671 braids
    projlen=68: 773597 braids
    projlen=69: 770881 braids
    projlen=70: 756568 braids
    projlen=71: 655525 braids
    projlen=72: 512406 braids
    projlen=73: 352908 braids
    projlen=74: 97978 braids
  Braids kept: 236629 (in 27 buckets, 2.43 GB CPU)
  ⚡ Timing: matmul=3.22s, sampling=381.89s, total=421.46s
============================================================
Level 29 - SAMPLING
============================================================
  Starting braids: 196629
  Candidates to generate: 12552971
  Processing in 2511 chunks...
  Projlen distribution:
    projlen=50: 1 braids
    projlen=51: 29 braids
    projlen=52: 513 braids
    projlen=53: 13329 braids
    projlen=54: 45523 braids
    projlen=55: 103538 braids
    projlen=56: 158391 braids
    projlen=57: 274164 braids
    projlen=58: 349634 braids
    projlen=59: 478385 braids
    projlen=60: 560376 braids
    projlen=61: 655075 braids
    projlen=62: 696411 braids
    projlen=63: 728300 braids
    projlen=64: 739402 braids
    projlen=65: 756571 braids
    projlen=66: 763113 braids
    projlen=67: 764067 braids
    projlen=68: 774418 braids
    projlen=69: 778291 braids
    projlen=70: 782239 braids
    projlen=71: 775840 braids
    projlen=72: 756853 braids
    projlen=73: 650954 braids
    projlen=74: 504690 braids
    projlen=75: 346571 braids
    projlen=76: 96293 braids
  Braids kept: 240543 (in 27 buckets, 2.54 GB CPU)
  ⚡ Timing: matmul=3.33s, sampling=456.08s, total=497.00s
============================================================
Level 30 - SAMPLING
============================================================
  Starting braids: 190543
  Candidates to generate: 11967483
  Processing in 2394 chunks...
  Projlen distribution:
    projlen=52: 1 braids
    projlen=53: 57 braids
    projlen=54: 899 braids
    projlen=55: 20720 braids
    projlen=56: 58482 braids
    projlen=57: 123824 braids
    projlen=58: 184315 braids
    projlen=59: 299283 braids
    projlen=60: 371952 braids
    projlen=61: 507862 braids
    projlen=62: 576454 braids
    projlen=63: 655827 braids
    projlen=64: 698370 braids
    projlen=65: 739179 braids
    projlen=66: 755620 braids
    projlen=67: 766186 braids
    projlen=68: 775257 braids
    projlen=69: 774746 braids
    projlen=70: 776574 braids
    projlen=71: 771106 braids
    projlen=72: 764085 braids
    projlen=73: 745702 braids
    projlen=74: 656831 braids
    projlen=75: 524074 braids
    projlen=76: 321283 braids
    projlen=77: 98794 braids
  Braids kept: 230957 (in 26 buckets, 2.50 GB CPU)
  ⚡ Timing: matmul=3.19s, sampling=387.86s, total=427.23s
============================================================
Level 31 - SAMPLING
============================================================
  Starting braids: 190957
  Candidates to generate: 12034086
  Processing in 2407 chunks...
  Projlen distribution:
    projlen=54: 4 braids
    projlen=55: 94 braids
    projlen=56: 1457 braids
    projlen=57: 22203 braids
    projlen=58: 58882 braids
    projlen=59: 129759 braids
    projlen=60: 193618 braids
    projlen=61: 315774 braids
    projlen=62: 393178 braids
    projlen=63: 519536 braids
    projlen=64: 586808 braids
    projlen=65: 662614 braids
    projlen=66: 702774 braids
    projlen=67: 731707 braids
    projlen=68: 745682 braids
    projlen=69: 761184 braids
    projlen=70: 766494 braids
    projlen=71: 772111 braids
    projlen=72: 778071 braids
    projlen=73: 772969 braids
    projlen=74: 772477 braids
    projlen=75: 750818 braids
    projlen=76: 657620 braids
    projlen=77: 524040 braids
    projlen=78: 318107 braids
    projlen=79: 96105 braids
  Braids kept: 231555 (in 26 buckets, 2.58 GB CPU)
  ⚡ Timing: matmul=3.14s, sampling=325.04s, total=365.11s
============================================================
Level 32 - SAMPLING
============================================================
  Starting braids: 191555
  Candidates to generate: 12078175
  Processing in 2416 chunks...
  Projlen distribution:
    projlen=56: 9 braids
    projlen=57: 178 braids
    projlen=58: 2315 braids
    projlen=59: 24301 braids
    projlen=60: 59522 braids
    projlen=61: 131271 braids
    projlen=62: 195937 braids
    projlen=63: 318971 braids
    projlen=64: 402076 braids
    projlen=65: 536813 braids
    projlen=66: 601688 braids
    projlen=67: 667575 braids
    projlen=68: 705170 braids
    projlen=69: 738880 braids
    projlen=70: 747408 braids
    projlen=71: 757929 braids
    projlen=72: 760029 braids
    projlen=73: 766872 braids
    projlen=74: 771854 braids
    projlen=75: 767580 braids
    projlen=76: 765363 braids
    projlen=77: 748068 braids
    projlen=78: 658346 braids
    projlen=79: 526924 braids
    projlen=80: 324030 braids
    projlen=81: 99066 braids
  Braids kept: 232502 (in 26 buckets, 2.66 GB CPU)
  ⚡ Timing: matmul=3.17s, sampling=333.40s, total=374.38s
============================================================
Level 33 - SAMPLING
============================================================
  Starting braids: 192502
  Candidates to generate: 12109045
  Processing in 2422 chunks...
  Projlen distribution:
    projlen=58: 18 braids
    projlen=59: 347 braids
    projlen=60: 3857 braids
    projlen=61: 28309 braids
    projlen=62: 62381 braids
    projlen=63: 135332 braids
    projlen=64: 200515 braids
    projlen=65: 320284 braids
    projlen=66: 402274 braids
    projlen=67: 533534 braids
    projlen=68: 602876 braids
    projlen=69: 669705 braids
    projlen=70: 707939 braids
    projlen=71: 737369 braids
    projlen=72: 745605 braids
    projlen=73: 761160 braids
    projlen=74: 762807 braids
    projlen=75: 763009 braids
    projlen=76: 772304 braids
    projlen=77: 772753 braids
    projlen=78: 773039 braids
    projlen=79: 751663 braids
    projlen=80: 659559 braids
    projlen=81: 525464 braids
    projlen=82: 319786 braids
    projlen=83: 97156 braids
  Braids kept: 234222 (in 26 buckets, 2.76 GB CPU)
  ⚡ Timing: matmul=3.19s, sampling=343.98s, total=386.07s
============================================================
Level 34 - SAMPLING
============================================================
  Starting braids: 194222
  Candidates to generate: 12245529
  Processing in 2450 chunks...
  Projlen distribution:
    projlen=60: 28 braids
    projlen=61: 690 braids
    projlen=62: 6783 braids
    projlen=63: 35794 braids
    projlen=64: 69509 braids
    projlen=65: 145048 braids
    projlen=66: 213214 braids
    projlen=67: 330852 braids
    projlen=68: 415910 braids
    projlen=69: 546581 braids
    projlen=70: 612845 braids
    projlen=71: 681037 braids
    projlen=72: 711977 braids
    projlen=73: 737881 braids
    projlen=74: 755464 braids
    projlen=75: 768259 braids
    projlen=76: 772811 braids
    projlen=77: 771556 braids
    projlen=78: 772952 braids
    projlen=79: 774611 braids
    projlen=80: 771953 braids
    projlen=81: 752215 braids
    projlen=82: 656521 braids
    projlen=83: 523794 braids
    projlen=84: 319572 braids
    projlen=85: 97672 braids
  Braids kept: 237501 (in 26 buckets, 2.87 GB CPU)
  ⚡ Timing: matmul=3.24s, sampling=357.33s, total=400.96s
============================================================
Level 35 - SAMPLING
============================================================
  Starting braids: 197501
  Candidates to generate: 12362112
  Processing in 2473 chunks...
