Representation: Two-rowed representation (3, 1) of B4, over F5
Tracker initialised with bucket size 15000, random seed 4.
Bootstrapping up to Garside length 5 (30,478 braids)...
Bootstrapping took 2.27 seconds
Initial buckets:
     bucket  count  length  projlen  rhogap/length  reservoir_count
10   (1, 3)     10       1        3       1.000000               10
16   (1, 4)     12       1        4       1.500000               12
9    (2, 5)     56       2        5       1.000000               56
17   (2, 6)     76       2        6       1.250000               76
1    (2, 7)     32       2        7       1.500000               32
3    (3, 7)    270       3        7       1.000000              270
12   (3, 8)    364       3        8       1.166667              364
18   (3, 9)    288       3        9       1.333333              288
5   (3, 10)     60       3       10       1.500000               60
2    (4, 9)   1256       4        9       1.000000             1256
11  (4, 10)   1672       4       10       1.125000             1672
19  (4, 11)   1784       4       11       1.250000             1784
4   (4, 12)    700       4       12       1.375000              700
14  (4, 13)    116       4       13       1.500000              116
7   (5, 10)      4       5       10       0.900000                4
13  (5, 11)   5798       5       11       1.000000             5798
20  (5, 12)   7672       5       12       1.100000             7672
6   (5, 13)   9864       5       13       1.200000             9864
15  (5, 14)   5236       5       14       1.300000             5236
0   (5, 15)   1716       5       15       1.400000             1716
8   (5, 16)    188       5       16       1.500000              188

Proceeding on to search in 1 seconds...

------- Length 5
Selected 28574 braids of length 5:
    bucket  count  length  projlen  rhogap/length  reservoir_count
0  (5, 10)      4       5       10            0.9                4
1  (5, 11)   5798       5       11            1.0             5798
2  (5, 12)   7672       5       12            1.1             7672
3  (5, 13)   9864       5       13            1.2             9864
4  (5, 14)   5236       5       14            1.3             5236

Moving braids forward by 1 GNF letters...
   Done in 6.36 seconds.

------- Length 6
Selected 15068 braids of length 6:
    bucket  count  length  projlen  rhogap/length  reservoir_count
0  (6, 12)     68       6       12       0.916667               68
1  (6, 13)  15000       6       13       1.000000            26768

Moving braids forward by 1 GNF letters...
   Done in 3.46 seconds.

------- Length 7
Selected 15425 braids of length 7:
    bucket  count  length  projlen  rhogap/length  reservoir_count
0  (7, 13)     48       7       13       0.857143               48
1  (7, 14)    377       7       14       0.928571              377
2  (7, 15)  15000       7       15       1.000000            59162

Moving braids forward by 1 GNF letters...
   Done in 3.69 seconds.

------- Length 8
Selected 17257 braids of length 8:
    bucket  count  length  projlen  rhogap/length  reservoir_count
0  (8, 14)     54       8       14         0.8125               54
1  (8, 15)    392       8       15         0.8750              392
2  (8, 16)   1811       8       16         0.9375             1811
3  (8, 17)  15000       8       17         1.0000            59921

Moving braids forward by 1 GNF letters...
   Done in 4.24 seconds.

------- Length 9
Selected 26066 braids of length 9:
    bucket  count  length  projlen  rhogap/length  reservoir_count
0  (9, 15)     59       9       15       0.777778               59
1  (9, 16)    372       9       16       0.833333              372
2  (9, 17)   2733       9       17       0.888889             2733
3  (9, 18)   7902       9       18       0.944444             7902
4  (9, 19)  15000       9       19       1.000000            62851

Moving braids forward by 1 GNF letters...
   Done in 6.44 seconds.

------- Length 10
Selected 17646 braids of length 10:
     bucket  count  length  projlen  rhogap/length  reservoir_count
0  (10, 16)     15      10       16           0.75               15
1  (10, 17)    589      10       17           0.80              589
2  (10, 18)   2042      10       18           0.85             2042
3  (10, 19)  15000      10       19           0.90            15032

Moving braids forward by 1 GNF letters...
   Done in 4.52 seconds.

------- Length 11
Selected 29067 braids of length 11:
     bucket  count  length  projlen  rhogap/length  reservoir_count
0  (11, 17)     16      11       17       0.727273               16
1  (11, 18)    172      11       18       0.772727              172
2  (11, 19)   3688      11       19       0.818182             3688
3  (11, 20)  10191      11       20       0.863636            10191
4  (11, 21)  15000      11       21       0.909091            62812

Moving braids forward by 1 GNF letters...
   Done in 7.12 seconds.

------- Length 12
Selected 16386 braids of length 12:
     bucket  count  length  projlen  rhogap/length  reservoir_count
0  (12, 17)      2      12       17       0.666667                2
1  (12, 18)     11      12       18       0.708333               11
2  (12, 19)    186      12       19       0.750000              186
3  (12, 20)   1187      12       20       0.791667             1187
4  (12, 21)  15000      12       21       0.833333            18782

Moving braids forward by 1 GNF letters...
   Done in 4.28 seconds.

------- Length 13
Selected 22432 braids of length 13:
     bucket  count  length  projlen  rhogap/length  reservoir_count
0  (13, 18)      8      13       18       0.653846                8
1  (13, 19)      8      13       19       0.692308                8
2  (13, 20)    143      13       20       0.730769              143
3  (13, 21)   1309      13       21       0.769231             1309
4  (13, 22)   5964      13       22       0.807692             5964
5  (13, 23)  15000      13       23       0.846154            61732

Moving braids forward by 1 GNF letters...
   Done in 5.78 seconds.

------- Length 14
Selected 23068 braids of length 14:
     bucket  count  length  projlen  rhogap/length  reservoir_count
0  (14, 19)     10      14       19       0.642857               10
1  (14, 20)     62      14       20       0.678571               62
2  (14, 21)    159      14       21       0.714286              159
3  (14, 22)   1149      14       22       0.750000             1149
4  (14, 23)   6688      14       23       0.785714             6688
5  (14, 24)  15000      14       24       0.821429            25516

Moving braids forward by 1 GNF letters...
   Done in 5.95 seconds.

------- Length 15
Selected 22862 braids of length 15:
     bucket  count  length  projlen  rhogap/length  reservoir_count
0  (15, 19)      2      15       19       0.600000                2
1  (15, 20)      8      15       20       0.633333                8
2  (15, 21)     79      15       21       0.666667               79
3  (15, 22)    516      15       22       0.700000              516
4  (15, 23)   1269      15       23       0.733333             1269
5  (15, 24)   5988      15       24       0.766667             5988
6  (15, 25)  15000      15       25       0.800000            29980

Moving braids forward by 1 GNF letters...
   Done in 6.02 seconds.

------- Length 16
Selected 25523 braids of length 16:
     bucket  count  length  projlen  rhogap/length  reservoir_count
0  (16, 20)     10      16       20        0.59375               10
1  (16, 21)     27      16       21        0.62500               27
2  (16, 22)    102      16       22        0.65625              102
3  (16, 23)    757      16       23        0.68750              757
4  (16, 24)   3042      16       24        0.71875             3042
5  (16, 25)   6585      16       25        0.75000             6585
6  (16, 26)  15000      16       26        0.78125            26857

Moving braids forward by 1 GNF letters...
   Done in 6.72 seconds.

------- Length 17
Selected 20652 braids of length 17:
     bucket  count  length  projlen  rhogap/length  reservoir_count
0  (17, 20)      6      17       20       0.558824                6
1  (17, 21)     27      17       21       0.588235               27
2  (17, 22)    104      17       22       0.617647              104
3  (17, 23)    317      17       23       0.647059              317
4  (17, 24)    863      17       24       0.676471              863
5  (17, 25)   4335      17       25       0.705882             4335
6  (17, 26)  15000      17       26       0.735294            15239

Moving braids forward by 1 GNF letters...
   Done in 5.51 seconds.

------- Length 18
Selected 23226 braids of length 18:
     bucket  count  length  projlen  rhogap/length  reservoir_count
0  (18, 21)     10      18       21       0.555556               10
1  (18, 22)     84      18       22       0.583333               84
2  (18, 23)    271      18       23       0.611111              271
3  (18, 24)    742      18       24       0.638889              742
4  (18, 25)   2351      18       25       0.666667             2351
5  (18, 26)   4768      18       26       0.694444             4768
6  (18, 27)  15000      18       27       0.722222            19869

Moving braids forward by 1 GNF letters...
   Done in 6.18 seconds.

------- Length 19
Selected 18971 braids of length 19:
     bucket  count  length  projlen  rhogap/length  reservoir_count
0  (19, 22)     57      19       22       0.552632               57
1  (19, 23)    198      19       23       0.578947              198
2  (19, 24)    556      19       24       0.605263              556
3  (19, 25)   1915      19       25       0.631579             1915
4  (19, 26)   4304      19       26       0.657895             4304
5  (19, 27)  11941      19       27       0.684211            11941

Moving braids forward by 1 GNF letters...
   Done in 5.04 seconds.

------- Length 20
Selected 15304 braids of length 20:
     bucket  count  length  projlen  rhogap/length  reservoir_count
0  (20, 21)      2      20       21          0.500                2
1  (20, 22)     36      20       22          0.525               36
2  (20, 23)    104      20       23          0.550              104
3  (20, 24)    451      20       24          0.575              451
4  (20, 25)   1497      20       25          0.600             1497
5  (20, 26)   3119      20       26          0.625             3119
6  (20, 27)  10095      20       27          0.650            10095

Moving braids forward by 1 GNF letters...
   Done in 4.08 seconds.

------- Length 21
Selected 26046 braids of length 21:
     bucket  count  length  projlen  rhogap/length  reservoir_count
0  (21, 21)     12      21       21       0.476190               12
1  (21, 22)     28      21       22       0.500000               28
2  (21, 23)    100      21       23       0.523810              100
3  (21, 24)    359      21       24       0.547619              359
4  (21, 25)    913      21       25       0.571429              913
5  (21, 26)   2885      21       26       0.595238             2885
6  (21, 27)   8150      21       27       0.619048             8150
7  (21, 28)  13599      21       28       0.642857            13599

Moving braids forward by 1 GNF letters...
   Done in 6.65 seconds.

------- Length 22
Selected 23471 braids of length 22:
     bucket  count  length  projlen  rhogap/length  reservoir_count
0  (22, 20)      2      22       20       0.431818                2
1  (22, 21)      8      22       21       0.454545                8
2  (22, 22)     16      22       22       0.477273               16
3  (22, 23)     94      22       23       0.500000               94
4  (22, 24)    267      22       24       0.522727              267
5  (22, 25)    905      22       25       0.545455              905
6  (22, 26)   2292      22       26       0.568182             2292
7  (22, 27)   5515      22       27       0.590909             5515
8  (22, 28)  14372      22       28       0.613636            14372

Moving braids forward by 1 GNF letters...
   Done in 6.26 seconds.

------- Length 23
Selected 20518 braids of length 23:
     bucket  count  length  projlen  rhogap/length  reservoir_count
0  (23, 20)     12      23       20       0.413043               12
1  (23, 21)     12      23       21       0.434783               12
2  (23, 22)     18      23       22       0.456522               18
3  (23, 23)     77      23       23       0.478261               77
4  (23, 24)    101      23       24       0.500000              101
5  (23, 25)    717      23       25       0.521739              717
6  (23, 26)   1882      23       26       0.543478             1882
7  (23, 27)   5478      23       27       0.565217             5478
8  (23, 28)  12221      23       28       0.586957            12221

Moving braids forward by 1 GNF letters...
   Done in 5.58 seconds.

------- Length 24
Selected 16710 braids of length 24:
     bucket  count  length  projlen  rhogap/length  reservoir_count
0  (24, 20)     10      24       20       0.395833               10
1  (24, 21)     18      24       21       0.416667               18
2  (24, 22)     82      24       22       0.437500               82
3  (24, 23)     76      24       23       0.458333               76
4  (24, 24)    185      24       24       0.479167              185
5  (24, 25)    468      24       25       0.500000              468
6  (24, 26)   1021      24       26       0.520833             1021
7  (24, 27)   4360      24       27       0.541667             4360
8  (24, 28)  10490      24       28       0.562500            10490

Moving braids forward by 1 GNF letters...
   Done in 4.78 seconds.

------- Length 25
Selected 27172 braids of length 25:
      bucket  count  length  projlen  rhogap/length  reservoir_count
0   (25, 19)      2      25       19           0.36                2
1   (25, 20)      2      25       20           0.38                2
2   (25, 21)     20      25       21           0.40               20
3   (25, 22)     52      25       22           0.42               52
4   (25, 23)    134      25       23           0.44              134
5   (25, 24)    457      25       24           0.46              457
6   (25, 25)    546      25       25           0.48              546
7   (25, 26)   1310      25       26           0.50             1310
8   (25, 27)   3043      25       27           0.52             3043
9   (25, 28)   6606      25       28           0.54             6606
10  (25, 29)  15000      25       29           0.56            21990

Moving braids forward by 1 GNF letters...
   Done in 7.47 seconds.

------- Length 26
Selected 15347 braids of length 26:
     bucket  count  length  projlen  rhogap/length  reservoir_count
0  (26, 21)     12      26       21       0.384615               12
1  (26, 22)     22      26       22       0.403846               22
2  (26, 23)    126      26       23       0.423077              126
3  (26, 24)    262      26       24       0.442308              262
4  (26, 25)    828      26       25       0.461538              828
5  (26, 26)   2539      26       26       0.480769             2539
6  (26, 27)   3525      26       27       0.500000             3525
7  (26, 28)   8033      26       28       0.519231             8033

Moving braids forward by 1 GNF letters...
   Done in 4.43 seconds.

------- Length 27
Selected 20219 braids of length 27:
     bucket  count  length  projlen  rhogap/length  reservoir_count
0  (27, 22)      4      27       22       0.388889                4
1  (27, 23)     68      27       23       0.407407               68
2  (27, 24)    160      27       24       0.425926              160
3  (27, 25)    694      27       25       0.444444              694
4  (27, 26)   1561      27       26       0.462963             1561
5  (27, 27)   4695      27       27       0.481481             4695
6  (27, 28)  13037      27       28       0.500000            13037

Moving braids forward by 1 GNF letters...
   Done in 5.46 seconds.

------- Length 28
Selected 29009 braids of length 28:
     bucket  count  length  projlen  rhogap/length  reservoir_count
0  (28, 22)     10      28       22       0.375000               10
1  (28, 23)     20      28       23       0.392857               20
2  (28, 24)     40      28       24       0.410714               40
3  (28, 25)    433      28       25       0.428571              433
4  (28, 26)   1039      28       26       0.446429             1039
5  (28, 27)   3891      28       27       0.464286             3891
6  (28, 28)   8576      28       28       0.482143             8576
7  (28, 29)  15000      28       29       0.500000            22227

Moving braids forward by 1 GNF letters...
   Done in 7.51 seconds.

------- Length 29
Selected 24121 braids of length 29:
     bucket  count  length  projlen  rhogap/length  reservoir_count
0  (29, 21)      2      29       21       0.344828                2
1  (29, 22)     14      29       22       0.362069               14
2  (29, 23)     34      29       23       0.379310               34
3  (29, 24)     84      29       24       0.396552               84
4  (29, 25)    185      29       25       0.413793              185
5  (29, 26)    417      29       26       0.431034              417
6  (29, 27)   2563      29       27       0.448276             2563
7  (29, 28)   5822      29       28       0.465517             5822
8  (29, 29)  15000      29       29       0.482759            19275

Moving braids forward by 1 GNF letters...
   Done in 6.45 seconds.

------- Length 30
Selected 17968 braids of length 30:
     bucket  count  length  projlen  rhogap/length  reservoir_count
0  (30, 22)     14      30       22       0.350000               14
1  (30, 23)     30      30       23       0.366667               30
2  (30, 24)    110      30       24       0.383333              110
3  (30, 25)    245      30       25       0.400000              245
4  (30, 26)    599      30       26       0.416667              599
5  (30, 27)   1338      30       27       0.433333             1338
6  (30, 28)   2855      30       28       0.450000             2855
7  (30, 29)  12777      30       29       0.466667            12777

Moving braids forward by 1 GNF letters...
   Done in 4.95 seconds.

------- Length 31
Selected 27583 braids of length 31:
     bucket  count  length  projlen  rhogap/length  reservoir_count
0  (31, 22)      6      31       22       0.338710                6
1  (31, 23)     31      31       23       0.354839               31
2  (31, 24)     95      31       24       0.370968               95
3  (31, 25)    234      31       25       0.387097              234
4  (31, 26)    681      31       26       0.403226              681
5  (31, 27)   1529      31       27       0.419355             1529
6  (31, 28)   3863      31       28       0.435484             3863
7  (31, 29)   7583      31       29       0.451613             7583
8  (31, 30)  13561      31       30       0.467742            13561

Moving braids forward by 1 GNF letters...
   Done in 7.41 seconds.

------- Length 32
Selected 15060 braids of length 32:
     bucket  count  length  projlen  rhogap/length  reservoir_count
0  (32, 23)     16      32       23       0.343750               16
1  (32, 24)     55      32       24       0.359375               55
2  (32, 25)    257      32       25       0.375000              257
3  (32, 26)    652      32       26       0.390625              652
4  (32, 27)   1479      32       27       0.406250             1479
5  (32, 28)   4084      32       28       0.421875             4084
6  (32, 29)   8517      32       29       0.437500             8517

Moving braids forward by 1 GNF letters...
   Done in 4.25 seconds.

------- Length 33
Selected 29541 braids of length 33:
     bucket  count  length  projlen  rhogap/length  reservoir_count
0  (33, 23)     10      33       23       0.333333               10
1  (33, 24)     26      33       24       0.348485               26
2  (33, 25)    136      33       25       0.363636              136
3  (33, 26)    489      33       26       0.378788              489
4  (33, 27)   1546      33       27       0.393939             1546
5  (33, 28)   4098      33       28       0.409091             4098
6  (33, 29)   8236      33       29       0.424242             8236
7  (33, 30)  15000      33       30       0.439394            18868

Moving braids forward by 1 GNF letters...
   Done in 7.79 seconds.

------- Length 34
Selected 28467 braids of length 34:
     bucket  count  length  projlen  rhogap/length  reservoir_count
0  (34, 24)     40      34       24       0.338235               40
1  (34, 25)    114      34       25       0.352941              114
2  (34, 26)    421      34       26       0.367647              421
3  (34, 27)    933      34       27       0.382353              933
4  (34, 28)   3160      34       28       0.397059             3160
5  (34, 29)   8799      34       29       0.411765             8799
6  (34, 30)  15000      34       30       0.426471            19923

Moving braids forward by 1 GNF letters...
   Done in 7.52 seconds.

------- Length 35
Selected 25502 braids of length 35:
     bucket  count  length  projlen  rhogap/length  reservoir_count
0  (35, 23)      2      35       23       0.314286                2
1  (35, 24)     10      35       24       0.328571               10
2  (35, 25)     45      35       25       0.342857               45
3  (35, 26)    541      35       26       0.357143              541
4  (35, 27)    859      35       27       0.371429              859
5  (35, 28)   3201      35       28       0.385714             3201
6  (35, 29)   5844      35       29       0.400000             5844
7  (35, 30)  15000      35       30       0.414286            16311

Moving braids forward by 1 GNF letters...
   Done in 7.01 seconds.

------- Length 36
Selected 25294 braids of length 36:
     bucket  count  length  projlen  rhogap/length  reservoir_count
0  (36, 23)      2      36       23       0.305556                2
1  (36, 24)      4      36       24       0.319444                4
2  (36, 25)     27      36       25       0.333333               27
3  (36, 26)    268      36       26       0.347222              268
4  (36, 27)    596      36       27       0.361111              596
5  (36, 28)   3932      36       28       0.375000             3932
6  (36, 29)   5465      36       29       0.388889             5465
7  (36, 30)  15000      36       30       0.402778            18126

Moving braids forward by 1 GNF letters...
   Done in 6.92 seconds.

------- Length 37
Selected 22663 braids of length 37:
     bucket  count  length  projlen  rhogap/length  reservoir_count
0  (37, 24)      8      37       24       0.310811                8
1  (37, 25)     22      37       25       0.324324               22
2  (37, 26)    182      37       26       0.337838              182
3  (37, 27)    443      37       27       0.351351              443
4  (37, 28)   2562      37       28       0.364865             2562
5  (37, 29)   4446      37       29       0.378378             4446
6  (37, 30)  15000      37       30       0.391892            21845

Moving braids forward by 1 GNF letters...
   Done in 6.49 seconds.

------- Length 38
Selected 21228 braids of length 38:
     bucket  count  length  projlen  rhogap/length  reservoir_count
0  (38, 23)      2      38       23       0.289474                2
1  (38, 24)      6      38       24       0.302632                6
2  (38, 25)     16      38       25       0.315789               16
3  (38, 26)    159      38       26       0.328947              159
4  (38, 27)    342      38       27       0.342105              342
5  (38, 28)   1930      38       28       0.355263             1930
6  (38, 29)   3773      38       29       0.368421             3773
7  (38, 30)  15000      38       30       0.381579            15383

Moving braids forward by 1 GNF letters...
   Done in 6.11 seconds.

------- Length 39
Selected 17439 braids of length 39:
     bucket  count  length  projlen  rhogap/length  reservoir_count
0  (39, 23)      2      39       23       0.282051                2
1  (39, 24)     14      39       24       0.294872               14
2  (39, 25)     44      39       25       0.307692               44
3  (39, 26)    124      39       26       0.320513              124
4  (39, 27)    329      39       27       0.333333              329
5  (39, 28)   1378      39       28       0.346154             1378
6  (39, 29)   2993      39       29       0.358974             2993
7  (39, 30)  12555      39       30       0.371795            12555

Moving braids forward by 1 GNF letters...
   Done in 5.11 seconds.

------- Length 40
Selected 28673 braids of length 40:
     bucket  count  length  projlen  rhogap/length  reservoir_count
0  (40, 24)     22      40       24         0.2875               22
1  (40, 25)     38      40       25         0.3000               38
2  (40, 26)    215      40       26         0.3125              215
3  (40, 27)    399      40       27         0.3250              399
4  (40, 28)   1185      40       28         0.3375             1185
5  (40, 29)   2521      40       29         0.3500             2521
6  (40, 30)   9293      40       30         0.3625             9293
7  (40, 31)  15000      40       31         0.3750            15715

Moving braids forward by 1 GNF letters...
   Done in 7.96 seconds.

------- Length 41
Selected 27372 braids of length 41:
     bucket  count  length  projlen  rhogap/length  reservoir_count
0  (41, 24)     14      41       24       0.280488               14
1  (41, 25)     43      41       25       0.292683               43
2  (41, 26)    184      41       26       0.304878              184
3  (41, 27)    419      41       27       0.317073              419
4  (41, 28)   1593      41       28       0.329268             1593
5  (41, 29)   2740      41       29       0.341463             2740
6  (41, 30)   8055      41       30       0.353659             8055
7  (41, 31)  14324      41       31       0.365854            14324

Moving braids forward by 1 GNF letters...
   Done in 7.62 seconds.

------- Length 42
Selected 29678 braids of length 42:
     bucket  count  length  projlen  rhogap/length  reservoir_count
0  (42, 24)     12      42       24       0.273810               12
1  (42, 25)     38      42       25       0.285714               38
2  (42, 26)    154      42       26       0.297619              154
3  (42, 27)    356      42       27       0.309524              356
4  (42, 28)   1353      42       28       0.321429             1353
5  (42, 29)   2918      42       29       0.333333             2918
6  (42, 30)   9847      42       30       0.345238             9847
7  (42, 31)  15000      42       31       0.357143            15261

Moving braids forward by 1 GNF letters...
   Done in 7.85 seconds.

------- Length 43
Selected 27811 braids of length 43:
     bucket  count  length  projlen  rhogap/length  reservoir_count
0  (43, 23)      2      43       23       0.255814                2
1  (43, 24)      8      43       24       0.267442                8
2  (43, 25)     34      43       25       0.279070               34
3  (43, 26)    110      43       26       0.290698              110
4  (43, 27)    353      43       27       0.302326              353
5  (43, 28)   1199      43       28       0.313953             1199
6  (43, 29)   2529      43       29       0.325581             2529
7  (43, 30)   8576      43       30       0.337209             8576
8  (43, 31)  15000      43       31       0.348837            16245

Moving braids forward by 1 GNF letters...
   Done in 7.41 seconds.

------- Length 44
Selected 25507 braids of length 44:
     bucket  count  length  projlen  rhogap/length  reservoir_count
0  (44, 23)     12      44       23       0.250000               12
1  (44, 24)     10      44       24       0.261364               10
2  (44, 25)     25      44       25       0.272727               25
3  (44, 26)     90      44       26       0.284091               90
4  (44, 27)    271      44       27       0.295455              271
5  (44, 28)    939      44       28       0.306818              939
6  (44, 29)   2492      44       29       0.318182             2492
7  (44, 30)   7588      44       30       0.329545             7588
8  (44, 31)  14080      44       31       0.340909            14080

Moving braids forward by 1 GNF letters...
   Done in 6.87 seconds.

------- Length 45
Selected 23099 braids of length 45:
     bucket  count  length  projlen  rhogap/length  reservoir_count
0  (45, 22)      2      45       22       0.233333                2
1  (45, 23)      4      45       23       0.244444                4
2  (45, 24)     18      45       24       0.255556               18
3  (45, 25)     79      45       25       0.266667               79
4  (45, 26)     92      45       26       0.277778               92
5  (45, 27)    213      45       27       0.288889              213
6  (45, 28)    767      45       28       0.300000              767
7  (45, 29)   1932      45       29       0.311111             1932
8  (45, 30)   6310      45       30       0.322222             6310
9  (45, 31)  13682      45       31       0.333333            13682

Moving braids forward by 1 GNF letters...
   Done in 6.28 seconds.

------- Length 46
Selected 19144 braids of length 46:
     bucket  count  length  projlen  rhogap/length  reservoir_count
0  (46, 22)     10      46       22       0.228261               10
1  (46, 23)     10      46       23       0.239130               10
2  (46, 24)      8      46       24       0.250000                8
3  (46, 25)     51      46       25       0.260870               51
4  (46, 26)    124      46       26       0.271739              124
5  (46, 27)    498      46       27       0.282609              498
6  (46, 28)    794      46       28       0.293478              794
7  (46, 29)   1579      46       29       0.304348             1579
8  (46, 30)   5461      46       30       0.315217             5461
9  (46, 31)  10609      46       31       0.326087            10609

Moving braids forward by 1 GNF letters...
   Done in 5.36 seconds.

------- Length 47
Selected 19502 braids of length 47:
     bucket  count  length  projlen  rhogap/length  reservoir_count
0  (47, 22)      4      47       22       0.223404                4
1  (47, 23)     16      47       23       0.234043               16
2  (47, 24)     78      47       24       0.244681               78
3  (47, 25)     49      47       25       0.255319               49
4  (47, 26)    102      47       26       0.265957              102
5  (47, 27)    393      47       27       0.276596              393
6  (47, 28)    948      47       28       0.287234              948
7  (47, 29)   2895      47       29       0.297872             2895
8  (47, 30)   5612      47       30       0.308511             5612
9  (47, 31)   9405      47       31       0.319149             9405

Moving braids forward by 1 GNF letters...
   Done in 5.58 seconds.

------- Length 48
Selected 25912 braids of length 48:
     bucket  count  length  projlen  rhogap/length  reservoir_count
0  (48, 23)      4      48       23       0.229167                4
1  (48, 24)     32      48       24       0.239583               32
2  (48, 25)    115      48       25       0.250000              115
3  (48, 26)    414      48       26       0.260417              414
4  (48, 27)    414      48       27       0.270833              414
5  (48, 28)    915      48       28       0.281250              915
6  (48, 29)   2664      48       29       0.291667             2664
7  (48, 30)   6400      48       30       0.302083             6400
8  (48, 31)  14954      48       31       0.312500            14954

Moving braids forward by 1 GNF letters...
   Done in 7.18 seconds.

------- Length 49
Selected 27666 braids of length 49:
     bucket  count  length  projlen  rhogap/length  reservoir_count
0  (49, 25)     32      49       25       0.244898               32
1  (49, 26)    263      49       26       0.255102              263
2  (49, 27)    677      49       27       0.265306              677
3  (49, 28)   2334      49       28       0.275510             2334
4  (49, 29)   2685      49       29       0.285714             2685
5  (49, 30)   6829      49       30       0.295918             6829
6  (49, 31)  14846      49       31       0.306122            14846

Moving braids forward by 1 GNF letters...
   Done in 7.87 seconds.

------- Length 50
Selected 19177 braids of length 50:
     bucket  count  length  projlen  rhogap/length  reservoir_count
0  (50, 24)      1      50       24           0.23                1
1  (50, 25)      3      50       25           0.24                3
2  (50, 26)     60      50       26           0.25               60
3  (50, 27)    364      50       27           0.26              364
4  (50, 28)   1848      50       28           0.27             1848
5  (50, 29)   3755      50       29           0.28             3755
6  (50, 30)  13146      50       30           0.29            13146

Moving braids forward by 1 GNF letters...
   Done in 5.59 seconds.

------- Length 51
Selected 15187 braids of length 51:
     bucket  count  length  projlen  rhogap/length  reservoir_count
0  (51, 22)      1      51       22       0.205882                1
1  (51, 23)      1      51       23       0.215686                1
2  (51, 24)      5      51       24       0.225490                5
3  (51, 25)      5      51       25       0.235294                5
4  (51, 26)     41      51       26       0.245098               41
5  (51, 27)    166      51       27       0.254902              166
6  (51, 28)    834      51       28       0.264706              834
7  (51, 29)   2602      51       29       0.274510             2602
8  (51, 30)  11532      51       30       0.284314            11532

Moving braids forward by 1 GNF letters...
   Done in 4.58 seconds.

------- Length 52
Selected 22182 braids of length 52:
      bucket  count  length  projlen  rhogap/length  reservoir_count
0   (52, 21)      2      52       21       0.192308                2
1   (52, 22)      3      52       22       0.201923                3
2   (52, 23)      6      52       23       0.211538                6
3   (52, 24)      4      52       24       0.221154                4
4   (52, 25)     13      52       25       0.230769               13
5   (52, 26)     49      52       26       0.240385               49
6   (52, 27)    144      52       27       0.250000              144
7   (52, 28)    652      52       28       0.259615              652
8   (52, 29)   1501      52       29       0.269231             1501
9   (52, 30)   6787      52       30       0.278846             6787
10  (52, 31)  13021      52       31       0.288462            13021

Moving braids forward by 1 GNF letters...
   Done in 6.40 seconds.

------- Length 53
Selected 16291 braids of length 53:
      bucket  count  length  projlen  rhogap/length  reservoir_count
0   (53, 20)      1      53       20       0.179245                1
1   (53, 21)      2      53       21       0.188679                2
2   (53, 22)      3      53       22       0.198113                3
3   (53, 23)     15      53       23       0.207547               15
4   (53, 24)     26      53       24       0.216981               26
5   (53, 25)     23      53       25       0.226415               23
6   (53, 26)     50      53       26       0.235849               50
7   (53, 27)    174      53       27       0.245283              174
8   (53, 28)    665      53       28       0.254717              665
9   (53, 29)   1429      53       29       0.264151             1429
10  (53, 30)   5832      53       30       0.273585             5832
11  (53, 31)   8071      53       31       0.283019             8071

Moving braids forward by 1 GNF letters...
   Done in 4.87 seconds.

------- Length 54
Selected 16510 braids of length 54:
      bucket  count  length  projlen  rhogap/length  reservoir_count
0   (54, 21)      4      54       21       0.185185                4
1   (54, 22)      3      54       22       0.194444                3
2   (54, 23)     19      54       23       0.203704               19
3   (54, 24)     18      54       24       0.212963               18
4   (54, 25)     88      54       25       0.222222               88
5   (54, 26)    173      54       26       0.231481              173
6   (54, 27)    242      54       27       0.240741              242
7   (54, 28)    703      54       28       0.250000              703
8   (54, 29)   1515      54       29       0.259259             1515
9   (54, 30)   6157      54       30       0.268519             6157
10  (54, 31)   7588      54       31       0.277778             7588

Moving braids forward by 1 GNF letters...
   Done in 4.76 seconds.

------- Length 55
Selected 18273 braids of length 55:
      bucket  count  length  projlen  rhogap/length  reservoir_count
0   (55, 20)      1      55       20       0.172727                1
1   (55, 21)      2      55       21       0.181818                2
2   (55, 22)      3      55       22       0.190909                3
3   (55, 23)     29      55       23       0.200000               29
4   (55, 24)     27      55       24       0.209091               27
5   (55, 25)     98      55       25       0.218182               98
6   (55, 26)    141      55       26       0.227273              141
7   (55, 27)    534      55       27       0.236364              534
8   (55, 28)   1323      55       28       0.245455             1323
9   (55, 29)   1864      55       29       0.254545             1864
10  (55, 30)   6348      55       30       0.263636             6348
11  (55, 31)   7903      55       31       0.272727             7903

Moving braids forward by 1 GNF letters...
   Done in 5.08 seconds.

------- Length 56
Selected 24177 braids of length 56:
      bucket  count  length  projlen  rhogap/length  reservoir_count
0   (56, 19)      1      56       19       0.160714                1
1   (56, 21)      4      56       21       0.178571                4
2   (56, 22)      2      56       22       0.187500                2
3   (56, 23)     17      56       23       0.196429               17
4   (56, 24)     30      56       24       0.205357               30
5   (56, 25)    160      56       25       0.214286              160
6   (56, 26)    209      56       26       0.223214              209
7   (56, 27)    587      56       27       0.232143              587
8   (56, 28)   1172      56       28       0.241071             1172
9   (56, 29)   3132      56       29       0.250000             3132
10  (56, 30)   9334      56       30       0.258929             9334
11  (56, 31)   9529      56       31       0.267857             9529

Moving braids forward by 1 GNF letters...
   Done in 6.36 seconds.

------- Length 57
Selected 29962 braids of length 57:
      bucket  count  length  projlen  rhogap/length  reservoir_count
0   (57, 17)      1      57       17       0.140351                1
1   (57, 18)      1      57       18       0.149123                1
2   (57, 19)      5      57       19       0.157895                5
3   (57, 20)      4      57       20       0.166667                4
4   (57, 21)      4      57       21       0.175439                4
5   (57, 22)      8      57       22       0.184211                8
6   (57, 23)     17      57       23       0.192982               17
7   (57, 24)     25      57       24       0.201754               25
8   (57, 25)     99      57       25       0.210526               99
9   (57, 26)    217      57       26       0.219298              217
10  (57, 27)    903      57       27       0.228070              903
11  (57, 28)   1602      57       28       0.236842             1602
12  (57, 29)   3549      57       29       0.245614             3549
13  (57, 30)   8527      57       30       0.254386             8527
14  (57, 31)  15000      57       31       0.263158            15045

Moving braids forward by 1 GNF letters...
   Done in 7.84 seconds.

------- Length 58
Selected 19030 braids of length 58:
      bucket  count  length  projlen  rhogap/length  reservoir_count
0   (58, 15)      1      58       15       0.120690                1
1   (58, 16)      1      58       16       0.129310                1
2   (58, 17)      4      58       17       0.137931                4
3   (58, 18)      5      58       18       0.146552                5
4   (58, 19)      8      58       19       0.155172                8
5   (58, 20)     10      58       20       0.163793               10
6   (58, 21)     36      58       21       0.172414               36
7   (58, 22)     15      58       22       0.181034               15
8   (58, 23)     44      58       23       0.189655               44
9   (58, 24)     37      58       24       0.198276               37
10  (58, 25)    125      58       25       0.206897              125
11  (58, 26)    161      58       26       0.215517              161
12  (58, 27)    646      58       27       0.224138              646
13  (58, 28)   1675      58       28       0.232759             1675
14  (58, 29)   5113      58       29       0.241379             5113
15  (58, 30)  11149      58       30       0.250000            11149

Moving braids forward by 1 GNF letters...
   Done in 5.31 seconds.

------- Length 59
Selected 19082 braids of length 59:
      bucket  count  length  projlen  rhogap/length  reservoir_count
0   (59, 13)      1      59       13       0.101695                1
1   (59, 15)      5      59       15       0.118644                5
2   (59, 16)      2      59       16       0.127119                2
3   (59, 17)     12      59       17       0.135593               12
4   (59, 18)      8      59       18       0.144068                8
5   (59, 19)     31      59       19       0.152542               31
6   (59, 20)     20      59       20       0.161017               20
7   (59, 21)     66      59       21       0.169492               66
8   (59, 22)     38      59       22       0.177966               38
9   (59, 23)    200      59       23       0.186441              200
10  (59, 24)    100      59       24       0.194915              100
11  (59, 25)    303      59       25       0.203390              303
12  (59, 26)    273      59       26       0.211864              273
13  (59, 27)    812      59       27       0.220339              812
14  (59, 28)   1546      59       28       0.228814             1546
15  (59, 29)   4099      59       29       0.237288             4099
16  (59, 30)  11566      59       30       0.245763            11566

Moving braids forward by 1 GNF letters...
   Done in 5.43 seconds.

------- Length 60
Selected 23880 braids of length 60:
      bucket  count  length  projlen  rhogap/length  reservoir_count
0   (60, 11)      1      60       11       0.083333                1
1   (60, 12)      1      60       12       0.091667                1
2   (60, 13)      4      60       13       0.100000                4
3   (60, 14)      3      60       14       0.108333                3
4   (60, 15)      6      60       15       0.116667                6
5   (60, 16)      4      60       16       0.125000                4
6   (60, 17)     24      60       17       0.133333               24
7   (60, 18)     21      60       18       0.141667               21
8   (60, 19)     74      60       19       0.150000               74
9   (60, 20)     47      60       20       0.158333               47
10  (60, 21)    189      60       21       0.166667              189
11  (60, 22)     98      60       22       0.175000               98
12  (60, 23)    367      60       23       0.183333              367
13  (60, 24)    200      60       24       0.191667              200
14  (60, 25)   1025      60       25       0.200000             1025
15  (60, 26)    691      60       26       0.208333              691
16  (60, 27)   1875      60       27       0.216667             1875
17  (60, 28)   2455      60       28       0.225000             2455
18  (60, 29)   5039      60       29       0.233333             5039
19  (60, 30)  11756      60       30       0.241667            11756

Moving braids forward by 1 GNF letters...
   Done in 7.02 seconds.

------- Length 61
Selected 26801 braids of length 61:
      bucket  count  length  projlen  rhogap/length  reservoir_count
0    (61, 9)      1      61        9       0.065574                1
1   (61, 11)      5      61       11       0.081967                5
2   (61, 12)      2      61       12       0.090164                2
3   (61, 13)     12      61       13       0.098361               12
4   (61, 14)      6      61       14       0.106557                6
5   (61, 15)     27      61       15       0.114754               27
6   (61, 16)     15      61       16       0.122951               15
7   (61, 17)     36      61       17       0.131148               36
8   (61, 18)     10      61       18       0.139344               10
9   (61, 19)    128      61       19       0.147541              128
10  (61, 20)    103      61       20       0.155738              103
11  (61, 21)    439      61       21       0.163934              439
12  (61, 22)    246      61       22       0.172131              246
13  (61, 23)   1007      61       23       0.180328             1007
14  (61, 24)    558      61       24       0.188525              558
15  (61, 25)   1950      61       25       0.196721             1950
16  (61, 26)   1176      61       26       0.204918             1176
17  (61, 27)   5347      61       27       0.213115             5347
18  (61, 28)   4705      61       28       0.221311             4705
19  (61, 29)  11028      61       29       0.229508            11028

Moving braids forward by 1 GNF letters...
   Done in 7.67 seconds.

------- Length 62
Selected 24107 braids of length 62:
      bucket  count  length  projlen  rhogap/length  reservoir_count
0    (62, 7)      1      62        7       0.048387                1
1    (62, 9)      4      62        9       0.064516                4
2   (62, 10)      2      62       10       0.072581                2
3   (62, 11)      5      62       11       0.080645                5
4   (62, 12)      3      62       12       0.088710                3
5   (62, 13)     25      62       13       0.096774               25
6   (62, 14)     15      62       14       0.104839               15
7   (62, 15)     66      62       15       0.112903               66
8   (62, 16)     33      62       16       0.120968               33
9   (62, 17)    151      62       17       0.129032              151
10  (62, 18)     83      62       18       0.137097               83
11  (62, 19)    190      62       19       0.145161              190
12  (62, 20)     68      62       20       0.153226               68
13  (62, 21)    613      62       21       0.161290              613
14  (62, 22)    521      62       22       0.169355              521
15  (62, 23)   2289      62       23       0.177419             2289
16  (62, 24)   1362      62       24       0.185484             1362
17  (62, 25)   5230      62       25       0.193548             5230
18  (62, 26)   3086      62       26       0.201613             3086
19  (62, 27)  10360      62       27       0.209677            10360

Moving braids forward by 1 GNF letters...
   Done in 6.89 seconds.

------- Length 63
Selected 27881 braids of length 63:
      bucket  count  length  projlen  rhogap/length  reservoir_count
0    (63, 5)      1      63        5       0.031746                1
1    (63, 7)      4      63        7       0.047619                4
2    (63, 8)      2      63        8       0.055556                2
3    (63, 9)      8      63        9       0.063492                8
4   (63, 10)      2      63       10       0.071429                2
5   (63, 11)     22      63       11       0.079365               22
6   (63, 12)     12      63       12       0.087302               12
7   (63, 13)     25      63       13       0.095238               25
8   (63, 14)     12      63       14       0.103175               12
9   (63, 15)    127      63       15       0.111111              127
10  (63, 16)     78      63       16       0.119048               78
11  (63, 17)    342      63       17       0.126984              342
12  (63, 18)    181      63       18       0.134921              181
13  (63, 19)    779      63       19       0.142857              779
14  (63, 20)    427      63       20       0.150794              427
15  (63, 21)   1033      63       21       0.158730             1033
16  (63, 22)    441      63       22       0.166667              441
17  (63, 23)   2996      63       23       0.174603             2996
18  (63, 24)   2601      63       24       0.182540             2601
19  (63, 25)  11535      63       25       0.190476            11535
20  (63, 26)   7253      63       26       0.198413             7253

Moving braids forward by 1 GNF letters...
   Done in 7.30 seconds.

------- Length 64
Selected 18545 braids of length 64:
      bucket  count  length  projlen  rhogap/length  reservoir_count
0    (64, 3)      1      64        3       0.015625                1
1    (64, 5)      4      64        5       0.031250                4
2    (64, 6)      2      64        6       0.039062                2
3    (64, 7)      8      64        7       0.046875                8
4    (64, 8)      2      64        8       0.054688                2
5    (64, 9)     22      64        9       0.062500               22
6   (64, 10)     14      64       10       0.070312               14
7   (64, 11)     42      64       11       0.078125               42
8   (64, 12)     16      64       12       0.085938               16
9   (64, 13)    110      64       13       0.093750              110
10  (64, 14)     64      64       14       0.101562               64
11  (64, 15)    137      64       15       0.109375              137
12  (64, 16)     59      64       16       0.117188               59
13  (64, 17)    621      64       17       0.125000              621
14  (64, 18)    389      64       18       0.132812              389
15  (64, 19)   1743      64       19       0.140625             1743
16  (64, 20)    951      64       20       0.148438              951
17  (64, 21)   3958      64       21       0.156250             3958
18  (64, 22)   2147      64       22       0.164062             2147
19  (64, 23)   5616      64       23       0.171875             5616
20  (64, 24)   2639      64       24       0.179688             2639

Moving braids forward by 1 GNF letters...
   Done in 5.09 seconds.

------- Length 65
Found kernel elements:
(n=4, r=1, p=5) near-kernel element: Garside length 65, Garside form (0, [(3, 1, 2, 0), (1, 0, 3, 2), (1, 3, 0, 2), (2, 0, 3, 1), (1, 2, 0, 3), (2, 0, 3, 1), (1, 2, 0, 3), (2, 0, 3, 1), (3, 1, 2, 0), (1, 3, 2, 0), (2, 0, 3, 1), (1, 3, 2, 0), (2, 0, 3, 1), (1, 3, 0, 2), (0, 2, 1, 3), (2, 0, 3, 1), (1, 2, 0, 3), (2, 0, 3, 1), (1, 2, 0, 3), (2, 0, 3, 1), (3, 1, 2, 0), (1, 3, 2, 0), (2, 0, 3, 1), (1, 3, 2, 0), (2, 0, 3, 1), (1, 3, 0, 2), (0, 2, 1, 3), (2, 0, 3, 1), (1, 2, 0, 3), (2, 0, 3, 1), (1, 2, 0, 3), (2, 0, 3, 1), (3, 1, 2, 0), (1, 3, 2, 0), (2, 0, 3, 1), (1, 3, 2, 0), (2, 0, 3, 1), (1, 3, 0, 2), (0, 2, 1, 3), (2, 0, 3, 1), (1, 2, 0, 3), (2, 0, 3, 1), (1, 2, 0, 3), (2, 0, 3, 1), (3, 1, 2, 0), (1, 3, 2, 0), (2, 0, 3, 1), (1, 3, 2, 0), (2, 0, 3, 1), (1, 3, 0, 2), (0, 2, 1, 3), (2, 0, 3, 1), (1, 2, 0, 3), (2, 0, 3, 1), (1, 2, 0, 3), (2, 0, 3, 1), (3, 1, 2, 0), (1, 3, 2, 0), (2, 0, 3, 1), (1, 3, 2, 0), (2, 0, 3, 1), (1, 3, 0, 2), (2, 3, 0, 1), (2, 3, 0, 1), (0, 2, 1, 3)])
Selected 21185 braids of length 65:
      bucket  count  length  projlen  rhogap/length  reservoir_count
0    (65, 1)      1      65        1       0.000000                1
1    (65, 3)      4      65        3       0.015385                4
2    (65, 4)      6      65        4       0.023077                6
3    (65, 5)      2      65        5       0.030769                2
4    (65, 6)      8      65        6       0.038462                8
5    (65, 7)     16      65        7       0.046154               16
6    (65, 8)     20      65        8       0.053846               20
7    (65, 9)     36      65        9       0.061538               36
8   (65, 10)     22      65       10       0.069231               22
9   (65, 11)    106      65       11       0.076923              106
10  (65, 12)     68      65       12       0.084615               68
11  (65, 13)    226      65       13       0.092308              226
12  (65, 14)    100      65       14       0.100000              100
13  (65, 15)    548      65       15       0.107692              548
14  (65, 16)    314      65       16       0.115385              314
15  (65, 17)    756      65       17       0.123077              756
16  (65, 18)    336      65       18       0.130769              336
17  (65, 19)   3014      65       19       0.138462             3014
18  (65, 20)   1897      65       20       0.146154             1897
19  (65, 21)   8830      65       21       0.153846             8830
20  (65, 22)   4875      65       22       0.161538             4875

Moving braids forward by 1 GNF letters...
   Done in 5.55 seconds.
