Representation: Two-rowed representation (3, 1) of B4, over F3
Tracker initialised with bucket size 3000, random seed 3.
Bootstrapping up to Garside length 4 (5,528 braids)...
Bootstrapping took 0.37 seconds
Initial buckets:
     bucket  count  length  projlen  rhogap/length  reservoir_count
14   (1, 3)     10       1        3       1.000000               10
8    (1, 4)     12       1        4       1.500000               12
13   (2, 5)     56       2        5       1.000000               56
9    (2, 6)     76       2        6       1.250000               76
3    (2, 7)     32       2        7       1.500000               32
5    (3, 7)    270       3        7       1.000000              270
1    (3, 8)    364       3        8       1.166667              364
10   (3, 9)    288       3        9       1.333333              288
7   (3, 10)     60       3       10       1.500000               60
11   (4, 8)      4       4        8       0.875000                4
4    (4, 9)   1252       4        9       1.000000             1252
0   (4, 10)   1672       4       10       1.125000             1672
12  (4, 11)   1784       4       11       1.250000             1784
6   (4, 12)    700       4       12       1.375000              700
2   (4, 13)    116       4       13       1.500000              116

Proceeding on to search in 1 seconds...

------- Length 4
Selected 5528 braids of length 4:
    bucket  count  length  projlen  rhogap/length  reservoir_count
0   (4, 8)      4       4        8          0.875                4
1   (4, 9)   1252       4        9          1.000             1252
2  (4, 10)   1672       4       10          1.125             1672
3  (4, 11)   1784       4       11          1.250             1784
4  (4, 12)    700       4       12          1.375              700
5  (4, 13)    116       4       13          1.500              116

Moving braids forward by 1 GNF letters...
   Done in 1.20 seconds.

------- Length 5
Selected 9064 braids of length 5:
    bucket  count  length  projlen  rhogap/length  reservoir_count
0  (5, 10)     64       5       10            0.9               64
1  (5, 11)   3000       5       11            1.0             5770
2  (5, 12)   3000       5       12            1.1             7644
3  (5, 13)   3000       5       13            1.2             9860

Moving braids forward by 1 GNF letters...
   Done in 1.82 seconds.

------- Length 6
Selected 9497 braids of length 6:
    bucket  count  length  projlen  rhogap/length  reservoir_count
0  (6, 11)     48       6       11       0.833333               48
1  (6, 12)    449       6       12       0.916667              449
2  (6, 13)   3000       6       13       1.000000            13305
3  (6, 14)   3000       6       14       1.083333            14614
4  (6, 15)   3000       6       15       1.166667            16590

Moving braids forward by 1 GNF letters...
   Done in 1.88 seconds.

------- Length 7
Selected 8629 braids of length 7:
    bucket  count  length  projlen  rhogap/length  reservoir_count
0  (7, 12)     48       7       12       0.785714               48
1  (7, 13)    574       7       13       0.857143              574
2  (7, 14)   2007       7       14       0.928571             2007
3  (7, 15)   3000       7       15       1.000000            14435
4  (7, 16)   3000       7       16       1.071429            14325

Moving braids forward by 1 GNF letters...
   Done in 1.83 seconds.

------- Length 8
Selected 9579 braids of length 8:
    bucket  count  length  projlen  rhogap/length  reservoir_count
0  (8, 13)     95       8       13         0.7500               95
1  (8, 14)    484       8       14         0.8125              484
2  (8, 15)   3000       8       15         0.8750             3546
3  (8, 16)   3000       8       16         0.9375             8603
4  (8, 17)   3000       8       17         1.0000            17468

Moving braids forward by 1 GNF letters...
   Done in 2.06 seconds.

------- Length 9
Selected 9829 braids of length 9:
    bucket  count  length  projlen  rhogap/length  reservoir_count
0  (9, 14)    153       9       14       0.722222              153
1  (9, 15)    773       9       15       0.777778              773
2  (9, 16)   2903       9       16       0.833333             2903
3  (9, 17)   3000       9       17       0.888889            13854
4  (9, 18)   3000       9       18       0.944444            17183

Moving braids forward by 1 GNF letters...
   Done in 2.15 seconds.

------- Length 10
Selected 7970 braids of length 10:
     bucket  count  length  projlen  rhogap/length  reservoir_count
0  (10, 14)     91      10       14           0.65               91
1  (10, 15)    371      10       15           0.70              371
2  (10, 16)   1508      10       16           0.75             1508
3  (10, 17)   3000      10       17           0.80             4730
4  (10, 18)   3000      10       18           0.85            11995

Moving braids forward by 1 GNF letters...
   Done in 1.90 seconds.

------- Length 11
Selected 7735 braids of length 11:
     bucket  count  length  projlen  rhogap/length  reservoir_count
0  (11, 14)     35      11       14       0.590909               35
1  (11, 15)    415      11       15       0.636364              415
2  (11, 16)   1285      11       16       0.681818             1285
3  (11, 17)   3000      11       17       0.727273             3618
4  (11, 18)   3000      11       18       0.772727             7923

Moving braids forward by 1 GNF letters...
   Done in 1.88 seconds.

------- Length 12
Selected 7589 braids of length 12:
     bucket  count  length  projlen  rhogap/length  reservoir_count
0  (12, 14)     45      12       14       0.541667               45
1  (12, 15)    347      12       15       0.583333              347
2  (12, 16)   1197      12       16       0.625000             1197
3  (12, 17)   3000      12       17       0.666667             3937
4  (12, 18)   3000      12       18       0.708333             7465

Moving braids forward by 1 GNF letters...
   Done in 1.85 seconds.

------- Length 13
Selected 7543 braids of length 13:
     bucket  count  length  projlen  rhogap/length  reservoir_count
0  (13, 14)     13      13       14       0.500000               13
1  (13, 15)    305      13       15       0.538462              305
2  (13, 16)   1225      13       16       0.576923             1225
3  (13, 17)   3000      13       17       0.615385             3707
4  (13, 18)   3000      13       18       0.653846             7183

Moving braids forward by 1 GNF letters...
   Done in 1.82 seconds.

------- Length 14
Selected 7378 braids of length 14:
     bucket  count  length  projlen  rhogap/length  reservoir_count
0  (14, 14)     24      14       14       0.464286               24
1  (14, 15)    218      14       15       0.500000              218
2  (14, 16)   1136      14       16       0.535714             1136
3  (14, 17)   3000      14       17       0.571429             3432
4  (14, 18)   3000      14       18       0.607143             7048

Moving braids forward by 1 GNF letters...
   Done in 1.80 seconds.

------- Length 15
Selected 7218 braids of length 15:
     bucket  count  length  projlen  rhogap/length  reservoir_count
0  (15, 14)      9      15       14       0.433333                9
1  (15, 15)    259      15       15       0.466667              259
2  (15, 16)    950      15       16       0.500000              950
3  (15, 17)   3000      15       17       0.533333             3520
4  (15, 18)   3000      15       18       0.566667             6531

Moving braids forward by 1 GNF letters...
   Done in 1.76 seconds.

------- Length 16
Selected 7171 braids of length 16:
     bucket  count  length  projlen  rhogap/length  reservoir_count
0  (16, 13)      2      16       13        0.37500                2
1  (16, 14)     14      16       14        0.40625               14
2  (16, 15)    351      16       15        0.43750              351
3  (16, 16)    804      16       16        0.46875              804
4  (16, 17)   3000      16       17        0.50000             3291
5  (16, 18)   3000      16       18        0.53125             6262

Moving braids forward by 1 GNF letters...
   Done in 1.78 seconds.

------- Length 17
Selected 7530 braids of length 17:
     bucket  count  length  projlen  rhogap/length  reservoir_count
0  (17, 13)      4      17       13       0.352941                4
1  (17, 14)     49      17       14       0.382353               49
2  (17, 15)    417      17       15       0.411765              417
3  (17, 16)   1060      17       16       0.441176             1060
4  (17, 17)   3000      17       17       0.470588             3595
5  (17, 18)   3000      17       18       0.500000             6118

Moving braids forward by 1 GNF letters...
   Done in 1.88 seconds.

------- Length 18
Selected 8202 braids of length 18:
     bucket  count  length  projlen  rhogap/length  reservoir_count
0  (18, 11)      3      18       11       0.277778                3
1  (18, 12)     19      18       12       0.305556               19
2  (18, 13)     67      18       13       0.333333               67
3  (18, 14)    162      18       14       0.361111              162
4  (18, 15)    578      18       15       0.388889              578
5  (18, 16)   1373      18       16       0.416667             1373
6  (18, 17)   3000      18       17       0.444444             4292
7  (18, 18)   3000      18       18       0.472222             7169

Moving braids forward by 1 GNF letters...
   Done in 2.08 seconds.

------- Length 19
Selected 7184 braids of length 19:
     bucket  count  length  projlen  rhogap/length  reservoir_count
0  (19, 10)     11      19       10       0.236842               11
1  (19, 11)     59      19       11       0.263158               59
2  (19, 12)    103      19       12       0.289474              103
3  (19, 13)    321      19       13       0.315789              321
4  (19, 14)    396      19       14       0.342105              396
5  (19, 15)   1119      19       15       0.368421             1119
6  (19, 16)   2175      19       16       0.394737             2175
7  (19, 17)   3000      19       17       0.421053             4929

Moving braids forward by 1 GNF letters...
   Done in 1.87 seconds.

------- Length 20
Selected 7640 braids of length 20:
     bucket  count  length  projlen  rhogap/length  reservoir_count
0   (20, 8)      3      20        8          0.175                3
1   (20, 9)     23      20        9          0.200               23
2  (20, 10)     43      20       10          0.225               43
3  (20, 11)    178      20       11          0.250              178
4  (20, 12)    242      20       12          0.275              242
5  (20, 13)    795      20       13          0.300              795
6  (20, 14)    895      20       14          0.325              895
7  (20, 15)   2461      20       15          0.350             2461
8  (20, 16)   3000      20       16          0.375             3552

Moving braids forward by 1 GNF letters...
   Done in 1.83 seconds.

------- Length 21
Selected 7162 braids of length 21:
     bucket  count  length  projlen  rhogap/length  reservoir_count
0   (21, 7)     29      21        7       0.142857               29
1   (21, 8)     18      21        8       0.166667               18
2   (21, 9)    185      21        9       0.190476              185
3  (21, 10)    140      21       10       0.214286              140
4  (21, 11)    450      21       11       0.238095              450
5  (21, 12)    387      21       12       0.261905              387
6  (21, 13)   1345      21       13       0.285714             1345
7  (21, 14)   1608      21       14       0.309524             1608
8  (21, 15)   3000      21       15       0.333333             4855

Moving braids forward by 1 GNF letters...
   Done in 1.68 seconds.

------- Length 22
Selected 8506 braids of length 22:
     bucket  count  length  projlen  rhogap/length  reservoir_count
0   (22, 5)     33      22        5       0.090909               33
1   (22, 6)     21      22        6       0.113636               21
2   (22, 7)    211      22        7       0.136364              211
3   (22, 8)    171      22        8       0.159091              171
4   (22, 9)    500      22        9       0.181818              500
5  (22, 10)    380      22       10       0.204545              380
6  (22, 11)   1177      22       11       0.227273             1177
7  (22, 12)   1005      22       12       0.250000             1005
8  (22, 13)   2728      22       13       0.272727             2728
9  (22, 14)   2280      22       14       0.295455             2280

Moving braids forward by 1 GNF letters...
   Done in 1.97 seconds.

------- Length 23
Selected 9153 braids of length 23:
     bucket  count  length  projlen  rhogap/length  reservoir_count
0   (23, 3)     36      23        3       0.043478               36
1   (23, 4)     16      23        4       0.065217               16
2   (23, 5)    239      23        5       0.086957              239
3   (23, 6)    184      23        6       0.108696              184
4   (23, 7)    607      23        7       0.130435              607
5   (23, 8)    448      23        8       0.152174              448
6   (23, 9)   1432      23        9       0.173913             1432
7  (23, 10)   1114      23       10       0.195652             1114
8  (23, 11)   3000      23       11       0.217391             3075
9  (23, 12)   2077      23       12       0.239130             2077

Moving braids forward by 1 GNF letters...
   Done in 2.13 seconds.

------- Length 24
Found kernel elements:
(n=4, r=1, p=3) near-kernel element: Garside length 24, Garside form (0, [(2, 0, 3, 1), (1, 3, 0, 2), (2, 0, 3, 1), (1, 2, 0, 3), (2, 0, 3, 1), (3, 1, 0, 2), (2, 3, 1, 0), (2, 0, 3, 1), (1, 3, 0, 2), (0, 2, 1, 3), (2, 0, 3, 1), (0, 3, 1, 2), (2, 0, 3, 1), (3, 1, 0, 2), (2, 0, 3, 1), (1, 0, 3, 2), (3, 1, 0, 2), (2, 3, 0, 1), (2, 0, 1, 3), (1, 2, 0, 3), (2, 0, 3, 1), (1, 3, 2, 0), (2, 0, 3, 1), (1, 3, 0, 2)])
(n=4, r=1, p=3) near-kernel element: Garside length 24, Garside form (0, [(0, 2, 1, 3), (2, 0, 3, 1), (0, 3, 1, 2), (2, 0, 3, 1), (3, 1, 0, 2), (2, 0, 3, 1), (1, 3, 0, 2), (2, 3, 0, 1), (2, 0, 3, 1), (1, 2, 0, 3), (2, 0, 3, 1), (3, 1, 2, 0), (3, 1, 2, 0), (1, 3, 2, 0), (2, 0, 3, 1), (1, 3, 0, 2), (2, 0, 3, 1), (0, 3, 1, 2), (2, 0, 3, 1), (1, 0, 3, 2), (1, 3, 2, 0), (2, 0, 3, 1), (1, 3, 0, 2), (0, 2, 1, 3)])
(n=4, r=1, p=3) near-kernel element: Garside length 24, Garside form (0, [(0, 3, 1, 2), (2, 0, 3, 1), (1, 3, 2, 0), (2, 0, 3, 1), (1, 3, 0, 2), (2, 0, 3, 1), (0, 3, 1, 2), (2, 0, 3, 1), (1, 0, 3, 2), (1, 3, 2, 0), (3, 2, 0, 1), (2, 0, 3, 1), (1, 0, 3, 2), (1, 3, 0, 2), (2, 0, 3, 1), (1, 2, 0, 3), (2, 0, 3, 1), (3, 1, 0, 2), (2, 0, 3, 1), (1, 3, 0, 2), (2, 0, 3, 1), (1, 0, 2, 3), (1, 0, 2, 3), (1, 0, 2, 3)])
(n=4, r=1, p=3) near-kernel element: Garside length 24, Garside form (0, [(1, 2, 0, 3), (2, 0, 3, 1), (1, 3, 2, 0), (2, 0, 3, 1), (1, 3, 0, 2), (2, 3, 0, 1), (2, 0, 3, 1), (0, 3, 1, 2), (2, 0, 3, 1), (3, 1, 2, 0), (3, 1, 2, 0), (3, 1, 0, 2), (2, 0, 3, 1), (1, 3, 0, 2), (2, 0, 3, 1), (1, 2, 0, 3), (2, 0, 3, 1), (1, 0, 3, 2), (3, 1, 0, 2), (2, 0, 3, 1), (1, 3, 0, 2), (0, 2, 1, 3), (0, 2, 1, 3), (2, 0, 3, 1)])
(n=4, r=1, p=3) near-kernel element: Garside length 24, Garside form (0, [(1, 0, 3, 2), (1, 3, 0, 2), (2, 0, 3, 1), (0, 3, 1, 2), (2, 0, 3, 1), (1, 3, 2, 0), (2, 0, 3, 1), (1, 3, 0, 2), (2, 0, 3, 1), (0, 1, 3, 2), (0, 1, 3, 2), (0, 1, 3, 2), (0, 3, 1, 2), (2, 0, 3, 1), (1, 3, 2, 0), (2, 0, 3, 1), (1, 3, 0, 2), (2, 0, 3, 1), (0, 3, 1, 2), (2, 0, 3, 1), (1, 0, 3, 2), (1, 3, 2, 0), (3, 2, 0, 1), (2, 0, 3, 1)])
(n=4, r=1, p=3) near-kernel element: Garside length 24, Garside form (0, [(1, 0, 3, 2), (1, 3, 0, 2), (2, 0, 3, 1), (1, 2, 0, 3), (2, 0, 3, 1), (3, 1, 0, 2), (2, 0, 3, 1), (1, 3, 0, 2), (2, 0, 3, 1), (1, 0, 2, 3), (1, 0, 2, 3), (1, 0, 2, 3), (1, 2, 0, 3), (2, 0, 3, 1), (3, 1, 0, 2), (2, 0, 3, 1), (1, 3, 0, 2), (2, 0, 3, 1), (1, 2, 0, 3), (2, 0, 3, 1), (1, 0, 3, 2), (3, 1, 0, 2), (2, 3, 1, 0), (2, 0, 3, 1)])
(n=4, r=1, p=3) near-kernel element: Garside length 24, Garside form (0, [(3, 0, 2, 1), (1, 3, 0, 2), (2, 0, 3, 1), (1, 2, 0, 3), (2, 0, 3, 1), (1, 3, 2, 0), (2, 0, 3, 1), (1, 3, 0, 2), (2, 3, 0, 1), (2, 0, 3, 1), (0, 1, 3, 2), (0, 3, 1, 2), (2, 3, 0, 1), (2, 0, 3, 1), (1, 3, 2, 0), (2, 0, 3, 1), (1, 3, 0, 2), (2, 0, 3, 1), (1, 2, 0, 3), (2, 0, 3, 1), (1, 3, 2, 0), (3, 2, 0, 1), (2, 3, 1, 0), (2, 3, 0, 1)])
(n=4, r=1, p=3) near-kernel element: Garside length 24, Garside form (0, [(3, 1, 2, 0), (1, 3, 0, 2), (2, 0, 3, 1), (1, 2, 0, 3), (2, 0, 3, 1), (3, 1, 0, 2), (2, 0, 3, 1), (1, 0, 3, 2), (1, 3, 0, 2), (2, 3, 0, 1), (2, 0, 3, 1), (0, 3, 1, 2), (0, 2, 1, 3), (2, 0, 3, 1), (1, 3, 2, 0), (2, 0, 3, 1), (1, 3, 0, 2), (2, 0, 3, 1), (1, 2, 0, 3), (2, 3, 0, 1), (2, 0, 3, 1), (1, 0, 3, 2), (3, 1, 0, 2), (2, 0, 3, 1)])
(n=4, r=1, p=3) near-kernel element: Garside length 24, Garside form (0, [(1, 3, 0, 2), (2, 3, 0, 1), (2, 0, 3, 1), (1, 2, 0, 3), (2, 0, 3, 1), (1, 3, 2, 0), (2, 0, 3, 1), (1, 3, 0, 2), (0, 2, 1, 3), (2, 0, 3, 1), (0, 3, 1, 2), (2, 3, 0, 1), (2, 0, 3, 1), (1, 0, 3, 2), (3, 1, 0, 2), (2, 0, 3, 1), (1, 3, 0, 2), (2, 0, 3, 1), (1, 2, 0, 3), (2, 0, 3, 1), (3, 1, 2, 0), (3, 1, 0, 2), (2, 0, 3, 1), (1, 0, 3, 2)])
(n=4, r=1, p=3) near-kernel element: Garside length 24, Garside form (0, [(3, 1, 2, 0), (1, 3, 0, 2), (2, 0, 3, 1), (0, 3, 1, 2), (2, 3, 0, 1), (2, 0, 3, 1), (1, 3, 2, 0), (2, 0, 3, 1), (1, 3, 0, 2), (2, 0, 3, 1), (1, 2, 0, 3), (0, 2, 1, 3), (0, 2, 1, 3), (2, 0, 3, 1), (3, 1, 0, 2), (2, 0, 3, 1), (1, 0, 3, 2), (1, 3, 0, 2), (2, 0, 3, 1), (1, 2, 0, 3), (2, 0, 3, 1), (3, 1, 0, 2), (2, 0, 3, 1), (3, 1, 2, 0)])
(n=4, r=1, p=3) near-kernel element: Garside length 24, Garside form (0, [(3, 1, 2, 0), (1, 3, 0, 2), (2, 0, 3, 1), (0, 3, 1, 2), (2, 0, 3, 1), (1, 3, 2, 0), (3, 2, 0, 1), (2, 0, 3, 1), (3, 1, 2, 0), (1, 3, 0, 2), (2, 0, 3, 1), (0, 3, 1, 2), (2, 0, 3, 1), (1, 3, 2, 0), (3, 2, 0, 1), (2, 0, 3, 1), (3, 1, 2, 0), (1, 3, 0, 2), (2, 0, 3, 1), (0, 3, 1, 2), (2, 0, 3, 1), (1, 3, 2, 0), (3, 2, 0, 1), (2, 0, 3, 1)])
(n=4, r=1, p=3) near-kernel element: Garside length 24, Garside form (0, [(1, 0, 3, 2), (1, 3, 0, 2), (2, 3, 0, 1), (2, 0, 3, 1), (1, 2, 0, 3), (2, 0, 3, 1), (1, 3, 2, 0), (2, 0, 3, 1), (1, 3, 0, 2), (0, 2, 1, 3), (2, 0, 3, 1), (0, 3, 1, 2), (2, 3, 0, 1), (2, 0, 3, 1), (1, 0, 3, 2), (3, 1, 0, 2), (2, 0, 3, 1), (1, 3, 0, 2), (2, 0, 3, 1), (1, 2, 0, 3), (2, 0, 3, 1), (3, 1, 2, 0), (3, 1, 0, 2), (2, 0, 3, 1)])
(n=4, r=1, p=3) near-kernel element: Garside length 24, Garside form (0, [(1, 0, 3, 2), (1, 3, 2, 0), (2, 3, 0, 1), (0, 2, 3, 1), (0, 3, 1, 2), (2, 0, 3, 1), (3, 1, 0, 2), (2, 0, 3, 1), (1, 3, 0, 2), (2, 0, 3, 1), (1, 3, 0, 2), (2, 0, 3, 1), (0, 3, 1, 2), (2, 0, 3, 1), (1, 3, 2, 0), (3, 2, 0, 1), (2, 0, 3, 1), (1, 3, 0, 2), (0, 2, 1, 3), (2, 0, 3, 1), (1, 2, 0, 3), (2, 0, 3, 1), (1, 3, 2, 0), (2, 0, 3, 1)])
(n=4, r=1, p=3) near-kernel element: Garside length 24, Garside form (0, [(3, 1, 2, 0), (1, 3, 0, 2), (2, 0, 3, 1), (0, 1, 3, 2), (0, 3, 1, 2), (2, 0, 3, 1), (3, 1, 0, 2), (2, 0, 3, 1), (1, 3, 0, 2), (2, 0, 3, 1), (1, 3, 0, 2), (2, 0, 3, 1), (1, 2, 0, 3), (2, 0, 3, 1), (3, 1, 0, 2), (2, 1, 3, 0), (1, 0, 3, 2), (1, 2, 0, 3), (2, 3, 0, 1), (2, 0, 3, 1), (0, 3, 1, 2), (2, 0, 3, 1), (1, 3, 2, 0), (2, 0, 3, 1)])
(n=4, r=1, p=3) near-kernel element: Garside length 24, Garside form (0, [(2, 0, 3, 1), (1, 3, 0, 2), (2, 0, 3, 1), (0, 3, 1, 2), (2, 0, 3, 1), (3, 1, 0, 2), (2, 0, 3, 1), (1, 3, 0, 2), (2, 3, 0, 1), (2, 0, 3, 1), (1, 0, 2, 3), (1, 2, 0, 3), (2, 3, 0, 1), (2, 0, 3, 1), (3, 1, 0, 2), (2, 0, 3, 1), (1, 3, 0, 2), (2, 0, 3, 1), (0, 3, 1, 2), (2, 0, 3, 1), (3, 1, 0, 2), (2, 3, 1, 0), (3, 2, 0, 1), (2, 3, 1, 0)])
(n=4, r=1, p=3) near-kernel element: Garside length 24, Garside form (0, [(2, 0, 3, 1), (1, 3, 2, 0), (2, 0, 3, 1), (1, 3, 2, 0), (2, 3, 0, 1), (0, 2, 3, 1), (0, 3, 1, 2), (2, 0, 3, 1), (1, 0, 3, 2), (3, 1, 0, 2), (2, 0, 3, 1), (1, 3, 0, 2), (2, 0, 3, 1), (0, 3, 1, 2), (0, 2, 1, 3), (2, 0, 3, 1), (1, 3, 2, 0), (3, 2, 0, 1), (2, 0, 3, 1), (1, 3, 0, 2), (2, 0, 3, 1), (1, 2, 0, 3), (2, 0, 3, 1), (1, 3, 0, 2)])
(n=4, r=1, p=3) near-kernel element: Garside length 24, Garside form (0, [(2, 0, 3, 1), (3, 1, 0, 2), (2, 0, 3, 1), (1, 0, 3, 2), (1, 3, 0, 2), (2, 0, 3, 1), (1, 2, 0, 3), (2, 0, 3, 1), (3, 1, 0, 2), (2, 0, 3, 1), (3, 1, 2, 0), (3, 1, 2, 0), (1, 3, 0, 2), (2, 0, 3, 1), (0, 3, 1, 2), (2, 3, 0, 1), (2, 0, 3, 1), (1, 3, 2, 0), (2, 0, 3, 1), (1, 3, 0, 2), (2, 0, 3, 1), (1, 2, 0, 3), (0, 2, 1, 3), (0, 2, 1, 3)])
(n=4, r=1, p=3) near-kernel element: Garside length 24, Garside form (0, [(2, 0, 3, 1), (1, 3, 2, 0), (2, 0, 3, 1), (1, 3, 0, 2), (2, 0, 3, 1), (1, 0, 2, 3), (1, 2, 0, 3), (2, 0, 3, 1), (3, 1, 2, 0), (3, 1, 0, 2), (2, 0, 3, 1), (1, 3, 0, 2), (2, 0, 3, 1), (1, 2, 0, 3), (2, 3, 0, 1), (2, 0, 3, 1), (1, 3, 2, 0), (3, 0, 2, 1), (1, 0, 3, 2), (0, 3, 1, 2), (2, 0, 3, 1), (0, 3, 1, 2), (2, 0, 3, 1), (1, 3, 0, 2)])
(n=4, r=1, p=3) near-kernel element: Garside length 24, Garside form (0, [(1, 0, 3, 2), (1, 2, 0, 3), (2, 0, 3, 1), (3, 1, 0, 2), (2, 0, 3, 1), (1, 3, 0, 2), (2, 0, 3, 1), (1, 2, 0, 3), (2, 0, 3, 1), (1, 0, 3, 2), (3, 1, 0, 2), (2, 3, 1, 0), (2, 0, 3, 1), (1, 0, 3, 2), (1, 3, 0, 2), (2, 0, 3, 1), (0, 3, 1, 2), (2, 0, 3, 1), (1, 3, 2, 0), (2, 0, 3, 1), (1, 3, 0, 2), (0, 2, 3, 1), (0, 1, 3, 2), (0, 1, 3, 2)])
(n=4, r=1, p=3) near-kernel element: Garside length 24, Garside form (0, [(1, 0, 3, 2), (0, 3, 1, 2), (2, 0, 3, 1), (1, 3, 2, 0), (2, 0, 3, 1), (1, 3, 0, 2), (2, 0, 3, 1), (0, 3, 1, 2), (2, 0, 3, 1), (1, 0, 3, 2), (1, 3, 2, 0), (3, 2, 0, 1), (2, 0, 3, 1), (1, 0, 3, 2), (1, 3, 0, 2), (2, 0, 3, 1), (1, 2, 0, 3), (2, 0, 3, 1), (3, 1, 0, 2), (2, 0, 3, 1), (1, 3, 0, 2), (2, 0, 1, 3), (1, 0, 2, 3), (1, 0, 2, 3)])
(n=4, r=1, p=3) near-kernel element: Garside length 24, Garside form (0, [(3, 2, 0, 1), (2, 0, 3, 1), (1, 3, 0, 2), (2, 0, 3, 1), (0, 3, 1, 2), (2, 0, 3, 1), (3, 1, 0, 2), (2, 0, 3, 1), (1, 3, 0, 2), (2, 3, 0, 1), (2, 0, 3, 1), (1, 0, 2, 3), (1, 2, 0, 3), (2, 3, 0, 1), (2, 0, 3, 1), (3, 1, 0, 2), (2, 0, 3, 1), (1, 3, 0, 2), (2, 0, 3, 1), (0, 3, 1, 2), (2, 0, 3, 1), (3, 1, 0, 2), (2, 3, 1, 0), (3, 2, 0, 1)])
(n=4, r=1, p=3) near-kernel element: Garside length 24, Garside form (0, [(2, 3, 1, 0), (2, 0, 3, 1), (1, 3, 0, 2), (2, 0, 3, 1), (1, 2, 0, 3), (2, 0, 3, 1), (1, 3, 2, 0), (2, 0, 3, 1), (1, 3, 0, 2), (2, 3, 0, 1), (2, 0, 3, 1), (0, 1, 3, 2), (0, 3, 1, 2), (2, 3, 0, 1), (2, 0, 3, 1), (1, 3, 2, 0), (2, 0, 3, 1), (1, 3, 0, 2), (2, 0, 3, 1), (1, 2, 0, 3), (2, 0, 3, 1), (1, 3, 2, 0), (3, 2, 0, 1), (2, 3, 1, 0)])
(n=4, r=1, p=3) near-kernel element: Garside length 24, Garside form (0, [(0, 2, 1, 3), (2, 0, 3, 1), (3, 1, 0, 2), (2, 0, 3, 1), (1, 0, 3, 2), (1, 3, 0, 2), (2, 0, 3, 1), (1, 2, 0, 3), (2, 0, 3, 1), (3, 1, 0, 2), (2, 0, 3, 1), (3, 1, 2, 0), (3, 1, 2, 0), (1, 3, 0, 2), (2, 0, 3, 1), (0, 3, 1, 2), (2, 3, 0, 1), (2, 0, 3, 1), (1, 3, 2, 0), (2, 0, 3, 1), (1, 3, 0, 2), (2, 0, 3, 1), (1, 2, 0, 3), (0, 2, 1, 3)])
(n=4, r=1, p=3) near-kernel element: Garside length 24, Garside form (0, [(2, 0, 3, 1), (1, 0, 3, 2), (1, 3, 2, 0), (2, 0, 3, 1), (1, 3, 0, 2), (2, 0, 3, 1), (0, 3, 1, 2), (2, 0, 3, 1), (3, 1, 2, 0), (1, 3, 2, 0), (2, 0, 3, 1), (1, 0, 3, 2), (1, 3, 0, 2), (2, 3, 0, 1), (2, 0, 3, 1), (0, 3, 1, 2), (2, 0, 3, 1), (3, 1, 0, 2), (2, 0, 3, 1), (1, 3, 0, 2), (0, 2, 1, 3), (2, 0, 3, 1), (1, 2, 0, 3), (2, 3, 0, 1)])
(n=4, r=1, p=3) near-kernel element: Garside length 24, Garside form (0, [(2, 0, 3, 1), (1, 0, 3, 2), (3, 1, 0, 2), (2, 0, 3, 1), (1, 3, 0, 2), (2, 0, 3, 1), (1, 2, 0, 3), (2, 0, 3, 1), (3, 1, 2, 0), (3, 1, 0, 2), (2, 0, 3, 1), (1, 0, 3, 2), (1, 3, 0, 2), (2, 3, 0, 1), (2, 0, 3, 1), (1, 2, 0, 3), (2, 0, 3, 1), (1, 3, 2, 0), (2, 0, 3, 1), (1, 3, 0, 2), (0, 2, 1, 3), (2, 0, 3, 1), (0, 3, 1, 2), (2, 3, 0, 1)])
(n=4, r=1, p=3) near-kernel element: Garside length 24, Garside form (0, [(1, 3, 0, 2), (2, 0, 3, 1), (1, 3, 2, 0), (2, 0, 3, 1), (1, 3, 0, 2), (2, 0, 3, 1), (1, 0, 2, 3), (1, 2, 0, 3), (2, 0, 3, 1), (3, 1, 2, 0), (3, 1, 0, 2), (2, 0, 3, 1), (1, 3, 0, 2), (2, 0, 3, 1), (1, 2, 0, 3), (2, 3, 0, 1), (2, 0, 3, 1), (1, 3, 2, 0), (3, 0, 2, 1), (1, 0, 3, 2), (0, 3, 1, 2), (2, 0, 3, 1), (0, 3, 1, 2), (2, 0, 3, 1)])
(n=4, r=1, p=3) near-kernel element: Garside length 24, Garside form (0, [(1, 3, 0, 2), (2, 0, 3, 1), (3, 1, 0, 2), (2, 0, 3, 1), (1, 3, 0, 2), (2, 0, 3, 1), (0, 1, 3, 2), (0, 3, 1, 2), (2, 0, 3, 1), (3, 1, 2, 0), (1, 3, 2, 0), (2, 0, 3, 1), (1, 3, 0, 2), (2, 0, 3, 1), (0, 3, 1, 2), (2, 3, 0, 1), (2, 0, 3, 1), (3, 1, 0, 2), (2, 1, 3, 0), (1, 0, 3, 2), (1, 2, 0, 3), (2, 0, 3, 1), (1, 2, 0, 3), (2, 0, 3, 1)])
(n=4, r=1, p=3) near-kernel element: Garside length 24, Garside form (0, [(1, 3, 0, 2), (2, 3, 0, 1), (2, 0, 3, 1), (3, 1, 0, 2), (2, 0, 3, 1), (1, 3, 0, 2), (2, 0, 3, 1), (0, 3, 1, 2), (2, 0, 3, 1), (3, 1, 0, 2), (2, 3, 1, 0), (3, 2, 0, 1), (2, 3, 1, 0), (2, 0, 3, 1), (1, 3, 0, 2), (2, 0, 3, 1), (1, 2, 0, 3), (2, 0, 3, 1), (1, 3, 2, 0), (2, 0, 3, 1), (1, 3, 0, 2), (2, 3, 0, 1), (0, 2, 3, 1), (0, 1, 3, 2)])
(n=4, r=1, p=3) near-kernel element: Garside length 24, Garside form (0, [(1, 3, 0, 2), (2, 3, 0, 1), (2, 0, 3, 1), (1, 3, 2, 0), (2, 0, 3, 1), (1, 3, 0, 2), (2, 0, 3, 1), (1, 2, 0, 3), (2, 0, 3, 1), (1, 3, 2, 0), (3, 2, 0, 1), (2, 3, 1, 0), (3, 2, 0, 1), (2, 0, 3, 1), (1, 3, 0, 2), (2, 0, 3, 1), (0, 3, 1, 2), (2, 0, 3, 1), (3, 1, 0, 2), (2, 0, 3, 1), (1, 3, 0, 2), (2, 3, 0, 1), (2, 0, 1, 3), (1, 0, 2, 3)])
(n=4, r=1, p=3) near-kernel element: Garside length 24, Garside form (0, [(2, 3, 1, 0), (3, 2, 0, 1), (2, 0, 3, 1), (1, 3, 0, 2), (2, 0, 3, 1), (0, 3, 1, 2), (2, 0, 3, 1), (3, 1, 0, 2), (2, 0, 3, 1), (1, 3, 0, 2), (2, 3, 0, 1), (2, 0, 3, 1), (1, 0, 2, 3), (1, 2, 0, 3), (2, 3, 0, 1), (2, 0, 3, 1), (3, 1, 0, 2), (2, 0, 3, 1), (1, 3, 0, 2), (2, 0, 3, 1), (0, 3, 1, 2), (2, 0, 3, 1), (3, 1, 0, 2), (2, 3, 1, 0)])
(n=4, r=1, p=3) near-kernel element: Garside length 24, Garside form (0, [(0, 2, 1, 3), (2, 0, 3, 1), (1, 3, 2, 0), (2, 0, 3, 1), (1, 3, 0, 2), (2, 0, 3, 1), (1, 2, 0, 3), (2, 3, 0, 1), (2, 0, 3, 1), (1, 0, 3, 2), (3, 1, 0, 2), (2, 0, 3, 1), (3, 1, 2, 0), (1, 3, 0, 2), (2, 0, 3, 1), (1, 2, 0, 3), (2, 0, 3, 1), (3, 1, 0, 2), (2, 0, 3, 1), (1, 0, 3, 2), (1, 3, 0, 2), (2, 3, 0, 1), (2, 0, 3, 1), (0, 3, 1, 2)])
(n=4, r=1, p=3) near-kernel element: Garside length 24, Garside form (0, [(0, 2, 1, 3), (2, 0, 3, 1), (3, 1, 0, 2), (2, 0, 3, 1), (1, 3, 0, 2), (2, 0, 3, 1), (0, 3, 1, 2), (2, 3, 0, 1), (2, 0, 3, 1), (1, 0, 3, 2), (1, 3, 2, 0), (2, 0, 3, 1), (3, 1, 2, 0), (1, 3, 0, 2), (2, 0, 3, 1), (0, 3, 1, 2), (2, 0, 3, 1), (1, 3, 2, 0), (2, 0, 3, 1), (1, 0, 3, 2), (1, 3, 0, 2), (2, 3, 0, 1), (2, 0, 3, 1), (1, 2, 0, 3)])
(n=4, r=1, p=3) near-kernel element: Garside length 24, Garside form (0, [(0, 2, 1, 3), (2, 0, 3, 1), (3, 1, 0, 2), (2, 0, 3, 1), (1, 3, 0, 2), (2, 0, 3, 1), (0, 1, 3, 2), (0, 3, 1, 2), (0, 2, 1, 3), (2, 0, 3, 1), (3, 1, 0, 2), (2, 0, 3, 1), (1, 3, 0, 2), (2, 0, 3, 1), (0, 1, 3, 2), (0, 3, 1, 2), (0, 2, 1, 3), (2, 0, 3, 1), (3, 1, 0, 2), (2, 0, 3, 1), (1, 3, 0, 2), (2, 0, 3, 1), (0, 1, 3, 2), (0, 3, 1, 2)])
(n=4, r=1, p=3) near-kernel element: Garside length 24, Garside form (0, [(2, 3, 0, 1), (2, 0, 3, 1), (1, 3, 2, 0), (2, 0, 3, 1), (1, 3, 0, 2), (2, 0, 3, 1), (1, 2, 0, 3), (2, 0, 3, 1), (1, 3, 2, 0), (3, 2, 0, 1), (2, 3, 1, 0), (3, 2, 0, 1), (2, 0, 3, 1), (1, 3, 0, 2), (2, 0, 3, 1), (0, 3, 1, 2), (2, 0, 3, 1), (3, 1, 0, 2), (2, 0, 3, 1), (1, 3, 0, 2), (2, 3, 0, 1), (2, 0, 3, 1), (1, 0, 2, 3), (1, 2, 0, 3)])
(n=4, r=1, p=3) near-kernel element: Garside length 24, Garside form (0, [(1, 3, 0, 2), (2, 3, 0, 1), (2, 0, 3, 1), (1, 0, 3, 2), (3, 1, 0, 2), (2, 0, 3, 1), (1, 3, 0, 2), (2, 0, 3, 1), (1, 2, 0, 3), (2, 0, 3, 1), (3, 1, 2, 0), (3, 1, 0, 2), (2, 0, 3, 1), (1, 0, 3, 2), (1, 3, 0, 2), (2, 3, 0, 1), (2, 0, 3, 1), (1, 2, 0, 3), (2, 0, 3, 1), (1, 3, 2, 0), (2, 0, 3, 1), (1, 3, 0, 2), (0, 2, 1, 3), (0, 2, 3, 1)])
(n=4, r=1, p=3) near-kernel element: Garside length 24, Garside form (0, [(1, 3, 0, 2), (0, 2, 1, 3), (2, 0, 3, 1), (3, 1, 0, 2), (2, 0, 3, 1), (1, 3, 0, 2), (2, 0, 3, 1), (0, 3, 1, 2), (2, 3, 0, 1), (2, 0, 3, 1), (1, 0, 3, 2), (1, 3, 2, 0), (2, 0, 3, 1), (3, 1, 2, 0), (1, 3, 0, 2), (2, 0, 3, 1), (0, 3, 1, 2), (2, 0, 3, 1), (1, 3, 2, 0), (2, 0, 3, 1), (1, 0, 3, 2), (1, 3, 0, 2), (2, 3, 0, 1), (2, 0, 1, 3)])
(n=4, r=1, p=3) near-kernel element: Garside length 24, Garside form (0, [(1, 3, 0, 2), (0, 2, 1, 3), (2, 0, 3, 1), (1, 3, 2, 0), (2, 0, 3, 1), (1, 3, 0, 2), (2, 0, 3, 1), (1, 2, 0, 3), (2, 3, 0, 1), (2, 0, 3, 1), (1, 0, 3, 2), (3, 1, 0, 2), (2, 0, 3, 1), (3, 1, 2, 0), (1, 3, 0, 2), (2, 0, 3, 1), (1, 2, 0, 3), (2, 0, 3, 1), (3, 1, 0, 2), (2, 0, 3, 1), (1, 0, 3, 2), (1, 3, 0, 2), (2, 3, 0, 1), (0, 2, 3, 1)])
(n=4, r=1, p=3) near-kernel element: Garside length 24, Garside form (0, [(2, 0, 3, 1), (3, 1, 2, 0), (1, 3, 0, 2), (2, 0, 3, 1), (0, 3, 1, 2), (2, 0, 3, 1), (1, 3, 2, 0), (2, 0, 3, 1), (1, 0, 3, 2), (1, 3, 0, 2), (2, 3, 0, 1), (2, 0, 3, 1), (1, 2, 0, 3), (0, 2, 1, 3), (2, 0, 3, 1), (3, 1, 0, 2), (2, 0, 3, 1), (1, 3, 0, 2), (2, 0, 3, 1), (0, 3, 1, 2), (2, 3, 0, 1), (2, 0, 3, 1), (1, 0, 3, 2), (1, 3, 2, 0)])
(n=4, r=1, p=3) near-kernel element: Garside length 24, Garside form (0, [(2, 0, 3, 1), (3, 1, 2, 0), (1, 3, 0, 2), (2, 0, 3, 1), (1, 2, 0, 3), (2, 0, 3, 1), (3, 1, 0, 2), (2, 0, 3, 1), (1, 0, 3, 2), (1, 3, 0, 2), (2, 3, 0, 1), (2, 0, 3, 1), (0, 3, 1, 2), (0, 2, 1, 3), (2, 0, 3, 1), (1, 3, 2, 0), (2, 0, 3, 1), (1, 3, 0, 2), (2, 0, 3, 1), (1, 2, 0, 3), (2, 3, 0, 1), (2, 0, 3, 1), (1, 0, 3, 2), (3, 1, 0, 2)])
Selected 9762 braids of length 24:
     bucket  count  length  projlen  rhogap/length  reservoir_count
0   (24, 1)     39      24        1       0.000000               39
1   (24, 3)    213      24        3       0.041667              213
2   (24, 4)    207      24        4       0.062500              207
3   (24, 5)    527      24        5       0.083333              527
4   (24, 6)    537      24        6       0.104167              537
5   (24, 7)   1424      24        7       0.125000             1424
6   (24, 8)   1243      24        8       0.145833             1243
7   (24, 9)   3000      24        9       0.166667             3720
8  (24, 10)   2572      24       10       0.187500             2572

Moving braids forward by 1 GNF letters...
   Done in 2.15 seconds.
