Representation: Two-rowed representation (3, 1) of B4, over F3
Tracker initialised with bucket size 3000, random seed 7.
Bootstrapping up to Garside length 4 (5,528 braids)...
Bootstrapping took 0.37 seconds
Initial buckets:
     bucket  count  length  projlen  rhogap/length  reservoir_count
14   (1, 3)     10       1        3       1.000000               10
8    (1, 4)     12       1        4       1.500000               12
13   (2, 5)     56       2        5       1.000000               56
9    (2, 6)     76       2        6       1.250000               76
3    (2, 7)     32       2        7       1.500000               32
5    (3, 7)    270       3        7       1.000000              270
1    (3, 8)    364       3        8       1.166667              364
10   (3, 9)    288       3        9       1.333333              288
7   (3, 10)     60       3       10       1.500000               60
11   (4, 8)      4       4        8       0.875000                4
4    (4, 9)   1252       4        9       1.000000             1252
0   (4, 10)   1672       4       10       1.125000             1672
12  (4, 11)   1784       4       11       1.250000             1784
6   (4, 12)    700       4       12       1.375000              700
2   (4, 13)    116       4       13       1.500000              116

Proceeding on to search in 1 seconds...

------- Length 4
Selected 5528 braids of length 4:
    bucket  count  length  projlen  rhogap/length  reservoir_count
0   (4, 8)      4       4        8          0.875                4
1   (4, 9)   1252       4        9          1.000             1252
2  (4, 10)   1672       4       10          1.125             1672
3  (4, 11)   1784       4       11          1.250             1784
4  (4, 12)    700       4       12          1.375              700
5  (4, 13)    116       4       13          1.500              116

Moving braids forward by 1 GNF letters...
   Done in 1.21 seconds.

------- Length 5
Selected 9064 braids of length 5:
    bucket  count  length  projlen  rhogap/length  reservoir_count
0  (5, 10)     64       5       10            0.9               64
1  (5, 11)   3000       5       11            1.0             5770
2  (5, 12)   3000       5       12            1.1             7644
3  (5, 13)   3000       5       13            1.2             9860

Moving braids forward by 1 GNF letters...
   Done in 1.84 seconds.

------- Length 6
Selected 9480 braids of length 6:
    bucket  count  length  projlen  rhogap/length  reservoir_count
0  (6, 11)     48       6       11       0.833333               48
1  (6, 12)    432       6       12       0.916667              432
2  (6, 13)   3000       6       13       1.000000            13323
3  (6, 14)   3000       6       14       1.083333            14783
4  (6, 15)   3000       6       15       1.166667            16743

Moving braids forward by 1 GNF letters...
   Done in 1.90 seconds.

------- Length 7
Selected 8602 braids of length 7:
    bucket  count  length  projlen  rhogap/length  reservoir_count
0  (7, 12)     60       7       12       0.785714               60
1  (7, 13)    573       7       13       0.857143              573
2  (7, 14)   1969       7       14       0.928571             1969
3  (7, 15)   3000       7       15       1.000000            14481
4  (7, 16)   3000       7       16       1.071429            14554

Moving braids forward by 1 GNF letters...
   Done in 1.85 seconds.

------- Length 8
Selected 9647 braids of length 8:
    bucket  count  length  projlen  rhogap/length  reservoir_count
0  (8, 13)    112       8       13         0.7500              112
1  (8, 14)    535       8       14         0.8125              535
2  (8, 15)   3000       8       15         0.8750             3673
3  (8, 16)   3000       8       16         0.9375             8395
4  (8, 17)   3000       8       17         1.0000            17375

Moving braids forward by 1 GNF letters...
   Done in 2.10 seconds.

------- Length 9
Selected 7089 braids of length 9:
    bucket  count  length  projlen  rhogap/length  reservoir_count
0  (9, 14)    173       9       14       0.722222              173
1  (9, 15)    916       9       15       0.777778              916
2  (9, 16)   3000       9       16       0.833333             3087
3  (9, 17)   3000       9       17       0.888889            14044

Moving braids forward by 1 GNF letters...
   Done in 1.65 seconds.

------- Length 10
Selected 8066 braids of length 10:
     bucket  count  length  projlen  rhogap/length  reservoir_count
0  (10, 14)     79      10       14           0.65               79
1  (10, 15)    381      10       15           0.70              381
2  (10, 16)   1606      10       16           0.75             1606
3  (10, 17)   3000      10       17           0.80             5504
4  (10, 18)   3000      10       18           0.85            12565

Moving braids forward by 1 GNF letters...
   Done in 1.91 seconds.

------- Length 11
Selected 7617 braids of length 11:
     bucket  count  length  projlen  rhogap/length  reservoir_count
0  (11, 14)     32      11       14       0.590909               32
1  (11, 15)    374      11       15       0.636364              374
2  (11, 16)   1211      11       16       0.681818             1211
3  (11, 17)   3000      11       17       0.727273             3531
4  (11, 18)   3000      11       18       0.772727             8077

Moving braids forward by 1 GNF letters...
   Done in 1.88 seconds.

------- Length 12
Selected 7505 braids of length 12:
     bucket  count  length  projlen  rhogap/length  reservoir_count
0  (12, 14)     46      12       14       0.541667               46
1  (12, 15)    310      12       15       0.583333              310
2  (12, 16)   1149      12       16       0.625000             1149
3  (12, 17)   3000      12       17       0.666667             3607
4  (12, 18)   3000      12       18       0.708333             7173

Moving braids forward by 1 GNF letters...
   Done in 1.83 seconds.

------- Length 13
Selected 7485 braids of length 13:
     bucket  count  length  projlen  rhogap/length  reservoir_count
0  (13, 14)     13      13       14       0.500000               13
1  (13, 15)    269      13       15       0.538462              269
2  (13, 16)   1203      13       16       0.576923             1203
3  (13, 17)   3000      13       17       0.615385             3406
4  (13, 18)   3000      13       18       0.653846             6987

Moving braids forward by 1 GNF letters...
   Done in 1.82 seconds.

------- Length 14
Selected 7282 braids of length 14:
     bucket  count  length  projlen  rhogap/length  reservoir_count
0  (14, 14)     21      14       14       0.464286               21
1  (14, 15)    174      14       15       0.500000              174
2  (14, 16)   1087      14       16       0.535714             1087
3  (14, 17)   3000      14       17       0.571429             3222
4  (14, 18)   3000      14       18       0.607143             7372

Moving braids forward by 1 GNF letters...
   Done in 1.78 seconds.

------- Length 15
Selected 7170 braids of length 15:
     bucket  count  length  projlen  rhogap/length  reservoir_count
0  (15, 14)     13      15       14       0.433333               13
1  (15, 15)    239      15       15       0.466667              239
2  (15, 16)    918      15       16       0.500000              918
3  (15, 17)   3000      15       17       0.533333             3281
4  (15, 18)   3000      15       18       0.566667             6704

Moving braids forward by 1 GNF letters...
   Done in 1.80 seconds.

------- Length 16
Selected 7181 braids of length 16:
     bucket  count  length  projlen  rhogap/length  reservoir_count
0  (16, 13)      7      16       13        0.37500                7
1  (16, 14)     18      16       14        0.40625               18
2  (16, 15)    357      16       15        0.43750              357
3  (16, 16)    799      16       16        0.46875              799
4  (16, 17)   3000      16       17        0.50000             3287
5  (16, 18)   3000      16       18        0.53125             6273

Moving braids forward by 1 GNF letters...
   Done in 1.79 seconds.

------- Length 17
Selected 7592 braids of length 17:
     bucket  count  length  projlen  rhogap/length  reservoir_count
0  (17, 12)      1      17       12       0.323529                1
1  (17, 13)     17      17       13       0.352941               17
2  (17, 14)     48      17       14       0.382353               48
3  (17, 15)    462      17       15       0.411765              462
4  (17, 16)   1064      17       16       0.441176             1064
5  (17, 17)   3000      17       17       0.470588             3628
6  (17, 18)   3000      17       18       0.500000             6163

Moving braids forward by 1 GNF letters...
   Done in 1.88 seconds.

------- Length 18
Selected 8295 braids of length 18:
     bucket  count  length  projlen  rhogap/length  reservoir_count
0  (18, 11)      5      18       11       0.277778                5
1  (18, 12)     25      18       12       0.305556               25
2  (18, 13)     84      18       13       0.333333               84
3  (18, 14)    167      18       14       0.361111              167
4  (18, 15)    665      18       15       0.388889              665
5  (18, 16)   1349      18       16       0.416667             1349
6  (18, 17)   3000      18       17       0.444444             4216
7  (18, 18)   3000      18       18       0.472222             7219

Moving braids forward by 1 GNF letters...
   Done in 2.07 seconds.

------- Length 19
Selected 7465 braids of length 19:
     bucket  count  length  projlen  rhogap/length  reservoir_count
0  (19, 10)     13      19       10       0.236842               13
1  (19, 11)     67      19       11       0.263158               67
2  (19, 12)    119      19       12       0.289474              119
3  (19, 13)    360      19       13       0.315789              360
4  (19, 14)    441      19       14       0.342105              441
5  (19, 15)   1196      19       15       0.368421             1196
6  (19, 16)   2269      19       16       0.394737             2269
7  (19, 17)   3000      19       17       0.421053             4930

Moving braids forward by 1 GNF letters...
   Done in 1.92 seconds.

------- Length 20
Selected 7967 braids of length 20:
     bucket  count  length  projlen  rhogap/length  reservoir_count
0   (20, 8)      4      20        8          0.175                4
1   (20, 9)     28      20        9          0.200               28
2  (20, 10)     49      20       10          0.225               49
3  (20, 11)    199      20       11          0.250              199
4  (20, 12)    245      20       12          0.275              245
5  (20, 13)    854      20       13          0.300              854
6  (20, 14)    932      20       14          0.325              932
7  (20, 15)   2656      20       15          0.350             2656
8  (20, 16)   3000      20       16          0.375             3893

Moving braids forward by 1 GNF letters...
   Done in 1.90 seconds.

------- Length 21
Selected 7418 braids of length 21:
     bucket  count  length  projlen  rhogap/length  reservoir_count
0   (21, 7)     35      21        7       0.142857               35
1   (21, 8)     11      21        8       0.166667               11
2   (21, 9)    204      21        9       0.190476              204
3  (21, 10)    123      21       10       0.214286              123
4  (21, 11)    479      21       11       0.238095              479
5  (21, 12)    372      21       12       0.261905              372
6  (21, 13)   1495      21       13       0.285714             1495
7  (21, 14)   1699      21       14       0.309524             1699
8  (21, 15)   3000      21       15       0.333333             5189

Moving braids forward by 1 GNF letters...
   Done in 1.74 seconds.

------- Length 22
Selected 8594 braids of length 22:
     bucket  count  length  projlen  rhogap/length  reservoir_count
0   (22, 5)     37      22        5       0.090909               37
1   (22, 6)     16      22        6       0.113636               16
2   (22, 7)    221      22        7       0.136364              221
3   (22, 8)    163      22        8       0.159091              163
4   (22, 9)    478      22        9       0.181818              478
5  (22, 10)    350      22       10       0.204545              350
6  (22, 11)   1210      22       11       0.227273             1210
7  (22, 12)    974      22       12       0.250000              974
8  (22, 13)   2868      22       13       0.272727             2868
9  (22, 14)   2277      22       14       0.295455             2277

Moving braids forward by 1 GNF letters...
   Done in 1.98 seconds.

------- Length 23
Selected 8892 braids of length 23:
     bucket  count  length  projlen  rhogap/length  reservoir_count
0   (23, 3)     38      23        3       0.043478               38
1   (23, 4)     14      23        4       0.065217               14
2   (23, 5)    242      23        5       0.086957              242
3   (23, 6)    166      23        6       0.108696              166
4   (23, 7)    594      23        7       0.130435              594
5   (23, 8)    415      23        8       0.152174              415
6   (23, 9)   1510      23        9       0.173913             1510
7  (23, 10)   1063      23       10       0.195652             1063
8  (23, 11)   2956      23       11       0.217391             2956
9  (23, 12)   1894      23       12       0.239130             1894

Moving braids forward by 1 GNF letters...
   Done in 2.10 seconds.

------- Length 24
Found kernel elements:
(n=4, r=1, p=3) near-kernel element: Garside length 24, Garside form (0, [(2, 0, 3, 1), (1, 3, 0, 2), (2, 0, 3, 1), (0, 3, 1, 2), (2, 0, 3, 1), (1, 3, 2, 0), (3, 0, 2, 1), (1, 0, 3, 2), (0, 3, 1, 2), (2, 3, 0, 1), (2, 0, 3, 1), (1, 2, 0, 3), (2, 0, 3, 1), (3, 1, 0, 2), (2, 0, 3, 1), (3, 1, 2, 0), (1, 3, 0, 2), (2, 0, 3, 1), (1, 0, 2, 3), (1, 2, 0, 3), (2, 0, 3, 1), (1, 3, 2, 0), (2, 0, 3, 1), (1, 3, 0, 2)])
(n=4, r=1, p=3) near-kernel element: Garside length 24, Garside form (0, [(2, 0, 3, 1), (1, 3, 0, 2), (2, 0, 3, 1), (0, 3, 1, 2), (2, 0, 3, 1), (1, 3, 2, 0), (3, 2, 0, 1), (2, 0, 3, 1), (1, 3, 0, 2), (0, 2, 1, 3), (2, 0, 3, 1), (1, 2, 0, 3), (2, 0, 3, 1), (1, 3, 2, 0), (2, 0, 3, 1), (1, 0, 3, 2), (1, 3, 2, 0), (2, 3, 0, 1), (0, 2, 3, 1), (0, 3, 1, 2), (2, 0, 3, 1), (3, 1, 0, 2), (2, 0, 3, 1), (1, 3, 0, 2)])
(n=4, r=1, p=3) near-kernel element: Garside length 24, Garside form (0, [(2, 0, 3, 1), (0, 3, 1, 2), (2, 0, 3, 1), (3, 1, 0, 2), (2, 0, 3, 1), (1, 3, 0, 2), (2, 3, 0, 1), (2, 0, 3, 1), (1, 2, 0, 3), (2, 0, 3, 1), (3, 1, 2, 0), (3, 1, 2, 0), (1, 3, 2, 0), (2, 0, 3, 1), (1, 3, 0, 2), (2, 0, 3, 1), (0, 3, 1, 2), (2, 0, 3, 1), (1, 0, 3, 2), (1, 3, 2, 0), (2, 0, 3, 1), (1, 3, 0, 2), (0, 2, 1, 3), (0, 2, 1, 3)])
(n=4, r=1, p=3) near-kernel element: Garside length 24, Garside form (0, [(2, 0, 3, 1), (0, 3, 1, 2), (2, 0, 3, 1), (3, 1, 0, 2), (2, 0, 3, 1), (1, 3, 0, 2), (0, 2, 1, 3), (2, 0, 3, 1), (1, 2, 0, 3), (2, 3, 0, 1), (2, 0, 3, 1), (1, 0, 3, 2), (1, 3, 2, 0), (2, 0, 3, 1), (1, 3, 0, 2), (2, 0, 3, 1), (0, 3, 1, 2), (2, 0, 3, 1), (3, 1, 2, 0), (1, 3, 2, 0), (2, 0, 3, 1), (1, 0, 3, 2), (1, 3, 0, 2), (2, 3, 0, 1)])
(n=4, r=1, p=3) near-kernel element: Garside length 24, Garside form (0, [(0, 3, 1, 2), (2, 0, 3, 1), (1, 3, 2, 0), (2, 0, 3, 1), (1, 3, 0, 2), (2, 0, 3, 1), (0, 3, 1, 2), (2, 0, 3, 1), (1, 0, 3, 2), (1, 3, 2, 0), (3, 2, 0, 1), (2, 0, 3, 1), (1, 0, 3, 2), (1, 3, 0, 2), (2, 0, 3, 1), (1, 2, 0, 3), (2, 0, 3, 1), (3, 1, 0, 2), (2, 0, 3, 1), (1, 3, 0, 2), (2, 0, 3, 1), (1, 0, 2, 3), (1, 0, 2, 3), (1, 0, 2, 3)])
(n=4, r=1, p=3) near-kernel element: Garside length 24, Garside form (0, [(1, 2, 0, 3), (2, 0, 3, 1), (3, 1, 0, 2), (2, 0, 3, 1), (1, 3, 0, 2), (2, 0, 3, 1), (1, 2, 0, 3), (2, 0, 3, 1), (1, 0, 3, 2), (3, 1, 0, 2), (2, 3, 1, 0), (2, 0, 3, 1), (1, 0, 3, 2), (1, 3, 0, 2), (2, 0, 3, 1), (0, 3, 1, 2), (2, 0, 3, 1), (1, 3, 2, 0), (2, 0, 3, 1), (1, 3, 0, 2), (2, 0, 3, 1), (0, 1, 3, 2), (0, 1, 3, 2), (0, 1, 3, 2)])
(n=4, r=1, p=3) near-kernel element: Garside length 24, Garside form (0, [(1, 2, 0, 3), (2, 0, 3, 1), (1, 3, 2, 0), (2, 0, 3, 1), (1, 3, 0, 2), (2, 3, 0, 1), (2, 0, 3, 1), (0, 3, 1, 2), (2, 0, 3, 1), (3, 1, 2, 0), (3, 1, 2, 0), (3, 1, 0, 2), (2, 0, 3, 1), (1, 3, 0, 2), (2, 0, 3, 1), (1, 2, 0, 3), (2, 0, 3, 1), (1, 0, 3, 2), (3, 1, 0, 2), (2, 0, 3, 1), (1, 3, 0, 2), (0, 2, 1, 3), (0, 2, 1, 3), (2, 0, 3, 1)])
(n=4, r=1, p=3) near-kernel element: Garside length 24, Garside form (0, [(1, 0, 3, 2), (1, 3, 0, 2), (2, 0, 3, 1), (0, 3, 1, 2), (2, 0, 3, 1), (1, 3, 2, 0), (2, 0, 3, 1), (1, 3, 0, 2), (2, 0, 3, 1), (0, 1, 3, 2), (0, 1, 3, 2), (0, 1, 3, 2), (0, 3, 1, 2), (2, 0, 3, 1), (1, 3, 2, 0), (2, 0, 3, 1), (1, 3, 0, 2), (2, 0, 3, 1), (0, 3, 1, 2), (2, 0, 3, 1), (1, 0, 3, 2), (1, 3, 2, 0), (3, 2, 0, 1), (2, 0, 3, 1)])
(n=4, r=1, p=3) near-kernel element: Garside length 24, Garside form (0, [(1, 0, 3, 2), (1, 3, 0, 2), (2, 0, 3, 1), (1, 2, 0, 3), (2, 0, 3, 1), (3, 1, 0, 2), (2, 0, 3, 1), (1, 3, 0, 2), (2, 0, 3, 1), (1, 0, 2, 3), (1, 0, 2, 3), (1, 0, 2, 3), (1, 2, 0, 3), (2, 0, 3, 1), (3, 1, 0, 2), (2, 0, 3, 1), (1, 3, 0, 2), (2, 0, 3, 1), (1, 2, 0, 3), (2, 0, 3, 1), (1, 0, 3, 2), (3, 1, 0, 2), (2, 3, 1, 0), (2, 0, 3, 1)])
(n=4, r=1, p=3) near-kernel element: Garside length 24, Garside form (0, [(3, 1, 2, 0), (1, 3, 0, 2), (2, 0, 3, 1), (1, 2, 0, 3), (2, 0, 3, 1), (3, 1, 0, 2), (2, 0, 3, 1), (1, 0, 3, 2), (1, 3, 0, 2), (2, 3, 0, 1), (2, 0, 3, 1), (0, 3, 1, 2), (0, 2, 1, 3), (2, 0, 3, 1), (1, 3, 2, 0), (2, 0, 3, 1), (1, 3, 0, 2), (2, 0, 3, 1), (1, 2, 0, 3), (2, 3, 0, 1), (2, 0, 3, 1), (1, 0, 3, 2), (3, 1, 0, 2), (2, 0, 3, 1)])
(n=4, r=1, p=3) near-kernel element: Garside length 24, Garside form (0, [(1, 3, 0, 2), (2, 3, 0, 1), (2, 0, 3, 1), (1, 2, 0, 3), (2, 0, 3, 1), (1, 3, 2, 0), (2, 0, 3, 1), (1, 3, 0, 2), (0, 2, 1, 3), (2, 0, 3, 1), (0, 3, 1, 2), (2, 3, 0, 1), (2, 0, 3, 1), (1, 0, 3, 2), (3, 1, 0, 2), (2, 0, 3, 1), (1, 3, 0, 2), (2, 0, 3, 1), (1, 2, 0, 3), (2, 0, 3, 1), (3, 1, 2, 0), (3, 1, 0, 2), (2, 0, 3, 1), (1, 0, 3, 2)])
(n=4, r=1, p=3) near-kernel element: Garside length 24, Garside form (0, [(3, 1, 2, 0), (1, 3, 0, 2), (2, 0, 3, 1), (0, 3, 1, 2), (2, 3, 0, 1), (2, 0, 3, 1), (1, 3, 2, 0), (2, 0, 3, 1), (1, 3, 0, 2), (2, 0, 3, 1), (1, 2, 0, 3), (0, 2, 1, 3), (0, 2, 1, 3), (2, 0, 3, 1), (3, 1, 0, 2), (2, 0, 3, 1), (1, 0, 3, 2), (1, 3, 0, 2), (2, 0, 3, 1), (1, 2, 0, 3), (2, 0, 3, 1), (3, 1, 0, 2), (2, 0, 3, 1), (3, 1, 2, 0)])
(n=4, r=1, p=3) near-kernel element: Garside length 24, Garside form (0, [(3, 1, 2, 0), (1, 3, 0, 2), (2, 0, 3, 1), (1, 2, 0, 3), (2, 3, 0, 1), (2, 0, 3, 1), (3, 1, 0, 2), (2, 0, 3, 1), (1, 3, 0, 2), (2, 0, 3, 1), (0, 3, 1, 2), (0, 2, 1, 3), (0, 2, 1, 3), (2, 0, 3, 1), (1, 3, 2, 0), (2, 0, 3, 1), (1, 0, 3, 2), (1, 3, 0, 2), (2, 0, 3, 1), (0, 3, 1, 2), (2, 0, 3, 1), (1, 3, 2, 0), (2, 0, 3, 1), (3, 1, 2, 0)])
(n=4, r=1, p=3) near-kernel element: Garside length 24, Garside form (0, [(1, 0, 3, 2), (1, 3, 0, 2), (2, 3, 0, 1), (2, 0, 3, 1), (1, 2, 0, 3), (2, 0, 3, 1), (1, 3, 2, 0), (2, 0, 3, 1), (1, 3, 0, 2), (0, 2, 1, 3), (2, 0, 3, 1), (0, 3, 1, 2), (2, 3, 0, 1), (2, 0, 3, 1), (1, 0, 3, 2), (3, 1, 0, 2), (2, 0, 3, 1), (1, 3, 0, 2), (2, 0, 3, 1), (1, 2, 0, 3), (2, 0, 3, 1), (3, 1, 2, 0), (3, 1, 0, 2), (2, 0, 3, 1)])
(n=4, r=1, p=3) near-kernel element: Garside length 24, Garside form (0, [(2, 1, 3, 0), (1, 3, 0, 2), (2, 0, 3, 1), (1, 2, 0, 3), (2, 0, 3, 1), (1, 0, 3, 2), (3, 1, 0, 2), (2, 0, 3, 1), (1, 3, 0, 2), (0, 2, 1, 3), (0, 2, 1, 3), (2, 0, 3, 1), (1, 2, 0, 3), (2, 0, 3, 1), (1, 3, 2, 0), (2, 0, 3, 1), (1, 3, 0, 2), (2, 3, 0, 1), (2, 0, 3, 1), (0, 3, 1, 2), (2, 0, 3, 1), (3, 1, 2, 0), (3, 1, 2, 0), (1, 3, 0, 2)])
(n=4, r=1, p=3) near-kernel element: Garside length 24, Garside form (0, [(3, 1, 2, 0), (3, 1, 2, 0), (1, 3, 0, 2), (2, 0, 3, 1), (0, 3, 1, 2), (2, 3, 0, 1), (2, 0, 3, 1), (1, 3, 2, 0), (2, 0, 3, 1), (1, 3, 0, 2), (2, 0, 3, 1), (1, 2, 0, 3), (0, 2, 1, 3), (0, 2, 1, 3), (2, 0, 3, 1), (3, 1, 0, 2), (2, 0, 3, 1), (1, 0, 3, 2), (1, 3, 0, 2), (2, 0, 3, 1), (1, 2, 0, 3), (2, 0, 3, 1), (3, 1, 0, 2), (2, 0, 3, 1)])
(n=4, r=1, p=3) near-kernel element: Garside length 24, Garside form (0, [(1, 3, 2, 0), (2, 0, 3, 1), (1, 3, 2, 0), (2, 3, 0, 1), (0, 2, 3, 1), (0, 3, 1, 2), (2, 0, 3, 1), (1, 0, 3, 2), (3, 1, 0, 2), (2, 0, 3, 1), (1, 3, 0, 2), (2, 0, 3, 1), (0, 3, 1, 2), (0, 2, 1, 3), (2, 0, 3, 1), (1, 3, 2, 0), (3, 2, 0, 1), (2, 0, 3, 1), (1, 3, 0, 2), (2, 0, 3, 1), (1, 2, 0, 3), (2, 0, 3, 1), (1, 3, 0, 2), (2, 0, 3, 1)])
(n=4, r=1, p=3) near-kernel element: Garside length 24, Garside form (0, [(3, 1, 0, 2), (2, 0, 3, 1), (1, 3, 0, 2), (2, 0, 3, 1), (1, 2, 0, 3), (2, 0, 3, 1), (1, 0, 3, 2), (3, 1, 0, 2), (2, 0, 3, 1), (1, 3, 0, 2), (0, 2, 1, 3), (0, 2, 1, 3), (2, 0, 3, 1), (1, 2, 0, 3), (2, 0, 3, 1), (1, 3, 2, 0), (2, 0, 3, 1), (1, 3, 0, 2), (2, 3, 0, 1), (2, 0, 3, 1), (0, 3, 1, 2), (2, 0, 3, 1), (3, 1, 2, 0), (3, 1, 2, 0)])
(n=4, r=1, p=3) near-kernel element: Garside length 24, Garside form (0, [(1, 0, 3, 2), (3, 1, 0, 2), (2, 3, 0, 1), (2, 0, 1, 3), (1, 2, 0, 3), (2, 0, 3, 1), (1, 3, 2, 0), (2, 0, 3, 1), (1, 3, 0, 2), (2, 0, 3, 1), (1, 3, 0, 2), (2, 0, 3, 1), (1, 2, 0, 3), (2, 0, 3, 1), (3, 1, 0, 2), (2, 3, 1, 0), (2, 0, 3, 1), (1, 3, 0, 2), (0, 2, 1, 3), (2, 0, 3, 1), (0, 3, 1, 2), (2, 0, 3, 1), (3, 1, 0, 2), (2, 0, 3, 1)])
(n=4, r=1, p=3) near-kernel element: Garside length 24, Garside form (0, [(3, 1, 0, 2), (2, 0, 3, 1), (1, 3, 0, 2), (2, 0, 3, 1), (1, 2, 0, 3), (2, 0, 3, 1), (3, 1, 2, 0), (3, 1, 0, 2), (2, 0, 3, 1), (1, 0, 3, 2), (1, 3, 0, 2), (2, 3, 0, 1), (2, 0, 3, 1), (1, 2, 0, 3), (2, 0, 3, 1), (1, 3, 2, 0), (2, 0, 3, 1), (1, 3, 0, 2), (0, 2, 1, 3), (2, 0, 3, 1), (0, 3, 1, 2), (2, 3, 0, 1), (2, 0, 3, 1), (1, 0, 3, 2)])
(n=4, r=1, p=3) near-kernel element: Garside length 24, Garside form (0, [(1, 3, 0, 2), (2, 0, 3, 1), (1, 3, 2, 0), (2, 0, 3, 1), (1, 3, 0, 2), (2, 0, 3, 1), (0, 3, 1, 2), (2, 0, 3, 1), (1, 0, 3, 2), (1, 3, 2, 0), (3, 2, 0, 1), (2, 0, 3, 1), (1, 0, 3, 2), (1, 3, 0, 2), (2, 0, 3, 1), (1, 2, 0, 3), (2, 0, 3, 1), (3, 1, 0, 2), (2, 0, 3, 1), (1, 3, 0, 2), (2, 0, 1, 3), (1, 0, 2, 3), (1, 0, 2, 3), (1, 0, 2, 3)])
(n=4, r=1, p=3) near-kernel element: Garside length 24, Garside form (0, [(2, 0, 3, 1), (1, 3, 2, 0), (2, 0, 3, 1), (1, 3, 2, 0), (2, 3, 0, 1), (0, 2, 3, 1), (0, 3, 1, 2), (2, 0, 3, 1), (1, 0, 3, 2), (3, 1, 0, 2), (2, 0, 3, 1), (1, 3, 0, 2), (2, 0, 3, 1), (0, 3, 1, 2), (0, 2, 1, 3), (2, 0, 3, 1), (1, 3, 2, 0), (3, 2, 0, 1), (2, 0, 3, 1), (1, 3, 0, 2), (2, 0, 3, 1), (1, 2, 0, 3), (2, 0, 3, 1), (1, 3, 0, 2)])
(n=4, r=1, p=3) near-kernel element: Garside length 24, Garside form (0, [(2, 0, 3, 1), (1, 3, 2, 0), (2, 0, 3, 1), (1, 3, 0, 2), (2, 0, 3, 1), (1, 0, 2, 3), (1, 2, 0, 3), (2, 0, 3, 1), (3, 1, 2, 0), (3, 1, 0, 2), (2, 0, 3, 1), (1, 3, 0, 2), (2, 0, 3, 1), (1, 2, 0, 3), (2, 3, 0, 1), (2, 0, 3, 1), (1, 3, 2, 0), (3, 0, 2, 1), (1, 0, 3, 2), (0, 3, 1, 2), (2, 0, 3, 1), (0, 3, 1, 2), (2, 0, 3, 1), (1, 3, 0, 2)])
(n=4, r=1, p=3) near-kernel element: Garside length 24, Garside form (0, [(2, 0, 3, 1), (3, 1, 0, 2), (2, 0, 3, 1), (1, 3, 0, 2), (2, 0, 3, 1), (0, 1, 3, 2), (0, 3, 1, 2), (2, 0, 3, 1), (3, 1, 2, 0), (1, 3, 2, 0), (2, 0, 3, 1), (1, 3, 0, 2), (2, 0, 3, 1), (0, 3, 1, 2), (2, 3, 0, 1), (2, 0, 3, 1), (3, 1, 0, 2), (2, 1, 3, 0), (1, 0, 3, 2), (1, 2, 0, 3), (2, 0, 3, 1), (1, 2, 0, 3), (2, 0, 3, 1), (1, 3, 0, 2)])
(n=4, r=1, p=3) near-kernel element: Garside length 24, Garside form (0, [(3, 2, 0, 1), (2, 0, 3, 1), (1, 3, 0, 2), (2, 0, 3, 1), (0, 3, 1, 2), (2, 0, 3, 1), (3, 1, 0, 2), (2, 0, 3, 1), (1, 3, 0, 2), (2, 3, 0, 1), (2, 0, 3, 1), (1, 0, 2, 3), (1, 2, 0, 3), (2, 3, 0, 1), (2, 0, 3, 1), (3, 1, 0, 2), (2, 0, 3, 1), (1, 3, 0, 2), (2, 0, 3, 1), (0, 3, 1, 2), (2, 0, 3, 1), (3, 1, 0, 2), (2, 3, 1, 0), (3, 2, 0, 1)])
(n=4, r=1, p=3) near-kernel element: Garside length 24, Garside form (0, [(2, 3, 1, 0), (2, 0, 3, 1), (1, 3, 0, 2), (2, 0, 3, 1), (1, 2, 0, 3), (2, 0, 3, 1), (1, 3, 2, 0), (2, 0, 3, 1), (1, 3, 0, 2), (2, 3, 0, 1), (2, 0, 3, 1), (0, 1, 3, 2), (0, 3, 1, 2), (2, 3, 0, 1), (2, 0, 3, 1), (1, 3, 2, 0), (2, 0, 3, 1), (1, 3, 0, 2), (2, 0, 3, 1), (1, 2, 0, 3), (2, 0, 3, 1), (1, 3, 2, 0), (3, 2, 0, 1), (2, 3, 1, 0)])
(n=4, r=1, p=3) near-kernel element: Garside length 24, Garside form (0, [(0, 2, 1, 3), (2, 0, 3, 1), (1, 3, 2, 0), (2, 0, 3, 1), (1, 0, 3, 2), (1, 3, 0, 2), (2, 0, 3, 1), (0, 3, 1, 2), (2, 0, 3, 1), (1, 3, 2, 0), (2, 0, 3, 1), (3, 1, 2, 0), (3, 1, 2, 0), (1, 3, 0, 2), (2, 0, 3, 1), (1, 2, 0, 3), (2, 3, 0, 1), (2, 0, 3, 1), (3, 1, 0, 2), (2, 0, 3, 1), (1, 3, 0, 2), (2, 0, 3, 1), (0, 3, 1, 2), (0, 2, 1, 3)])
(n=4, r=1, p=3) near-kernel element: Garside length 24, Garside form (0, [(1, 3, 0, 2), (2, 0, 3, 1), (1, 3, 2, 0), (2, 0, 3, 1), (1, 3, 0, 2), (2, 0, 3, 1), (1, 0, 2, 3), (1, 2, 0, 3), (2, 0, 3, 1), (3, 1, 2, 0), (3, 1, 0, 2), (2, 0, 3, 1), (1, 3, 0, 2), (2, 0, 3, 1), (1, 2, 0, 3), (2, 3, 0, 1), (2, 0, 3, 1), (1, 3, 2, 0), (3, 0, 2, 1), (1, 0, 3, 2), (0, 3, 1, 2), (2, 0, 3, 1), (0, 3, 1, 2), (2, 0, 3, 1)])
(n=4, r=1, p=3) near-kernel element: Garside length 24, Garside form (0, [(1, 3, 0, 2), (2, 0, 3, 1), (3, 1, 0, 2), (2, 0, 3, 1), (1, 3, 0, 2), (2, 0, 3, 1), (0, 1, 3, 2), (0, 3, 1, 2), (2, 0, 3, 1), (3, 1, 2, 0), (1, 3, 2, 0), (2, 0, 3, 1), (1, 3, 0, 2), (2, 0, 3, 1), (0, 3, 1, 2), (2, 3, 0, 1), (2, 0, 3, 1), (3, 1, 0, 2), (2, 1, 3, 0), (1, 0, 3, 2), (1, 2, 0, 3), (2, 0, 3, 1), (1, 2, 0, 3), (2, 0, 3, 1)])
(n=4, r=1, p=3) near-kernel element: Garside length 24, Garside form (0, [(1, 3, 0, 2), (2, 3, 0, 1), (2, 0, 3, 1), (3, 1, 0, 2), (2, 0, 3, 1), (1, 3, 0, 2), (2, 0, 3, 1), (0, 3, 1, 2), (2, 0, 3, 1), (3, 1, 0, 2), (2, 3, 1, 0), (3, 2, 0, 1), (2, 3, 1, 0), (2, 0, 3, 1), (1, 3, 0, 2), (2, 0, 3, 1), (1, 2, 0, 3), (2, 0, 3, 1), (1, 3, 2, 0), (2, 0, 3, 1), (1, 3, 0, 2), (2, 3, 0, 1), (0, 2, 3, 1), (0, 1, 3, 2)])
(n=4, r=1, p=3) near-kernel element: Garside length 24, Garside form (0, [(2, 3, 0, 1), (2, 0, 3, 1), (1, 0, 3, 2), (1, 3, 2, 0), (2, 0, 3, 1), (1, 3, 0, 2), (2, 0, 3, 1), (0, 3, 1, 2), (2, 0, 3, 1), (3, 1, 2, 0), (1, 3, 2, 0), (2, 0, 3, 1), (1, 0, 3, 2), (1, 3, 0, 2), (2, 3, 0, 1), (2, 0, 3, 1), (0, 3, 1, 2), (2, 0, 3, 1), (3, 1, 0, 2), (2, 0, 3, 1), (1, 3, 0, 2), (0, 2, 1, 3), (2, 0, 3, 1), (1, 2, 0, 3)])
(n=4, r=1, p=3) near-kernel element: Garside length 24, Garside form (0, [(0, 2, 1, 3), (2, 0, 3, 1), (1, 3, 2, 0), (2, 0, 3, 1), (1, 3, 0, 2), (2, 0, 3, 1), (1, 2, 0, 3), (2, 3, 0, 1), (2, 0, 3, 1), (1, 0, 3, 2), (3, 1, 0, 2), (2, 0, 3, 1), (3, 1, 2, 0), (1, 3, 0, 2), (2, 0, 3, 1), (1, 2, 0, 3), (2, 0, 3, 1), (3, 1, 0, 2), (2, 0, 3, 1), (1, 0, 3, 2), (1, 3, 0, 2), (2, 3, 0, 1), (2, 0, 3, 1), (0, 3, 1, 2)])
(n=4, r=1, p=3) near-kernel element: Garside length 24, Garside form (0, [(0, 2, 1, 3), (2, 0, 3, 1), (3, 1, 0, 2), (2, 0, 3, 1), (1, 3, 0, 2), (2, 0, 3, 1), (0, 3, 1, 2), (2, 3, 0, 1), (2, 0, 3, 1), (1, 0, 3, 2), (1, 3, 2, 0), (2, 0, 3, 1), (3, 1, 2, 0), (1, 3, 0, 2), (2, 0, 3, 1), (0, 3, 1, 2), (2, 0, 3, 1), (1, 3, 2, 0), (2, 0, 3, 1), (1, 0, 3, 2), (1, 3, 0, 2), (2, 3, 0, 1), (2, 0, 3, 1), (1, 2, 0, 3)])
(n=4, r=1, p=3) near-kernel element: Garside length 24, Garside form (0, [(0, 2, 1, 3), (2, 0, 3, 1), (3, 1, 0, 2), (2, 0, 3, 1), (1, 3, 0, 2), (2, 0, 3, 1), (0, 1, 3, 2), (0, 3, 1, 2), (0, 2, 1, 3), (2, 0, 3, 1), (3, 1, 0, 2), (2, 0, 3, 1), (1, 3, 0, 2), (2, 0, 3, 1), (0, 1, 3, 2), (0, 3, 1, 2), (0, 2, 1, 3), (2, 0, 3, 1), (3, 1, 0, 2), (2, 0, 3, 1), (1, 3, 0, 2), (2, 0, 3, 1), (0, 1, 3, 2), (0, 3, 1, 2)])
(n=4, r=1, p=3) near-kernel element: Garside length 24, Garside form (0, [(2, 3, 0, 1), (2, 0, 3, 1), (1, 3, 2, 0), (2, 0, 3, 1), (1, 3, 0, 2), (2, 0, 3, 1), (1, 2, 0, 3), (2, 0, 3, 1), (1, 3, 2, 0), (3, 2, 0, 1), (2, 3, 1, 0), (3, 2, 0, 1), (2, 0, 3, 1), (1, 3, 0, 2), (2, 0, 3, 1), (0, 3, 1, 2), (2, 0, 3, 1), (3, 1, 0, 2), (2, 0, 3, 1), (1, 3, 0, 2), (2, 3, 0, 1), (2, 0, 3, 1), (1, 0, 2, 3), (1, 2, 0, 3)])
(n=4, r=1, p=3) near-kernel element: Garside length 24, Garside form (0, [(2, 3, 0, 1), (2, 0, 3, 1), (3, 1, 0, 2), (2, 0, 3, 1), (1, 3, 0, 2), (2, 0, 3, 1), (0, 3, 1, 2), (2, 0, 3, 1), (3, 1, 0, 2), (2, 3, 1, 0), (3, 2, 0, 1), (2, 3, 1, 0), (2, 0, 3, 1), (1, 3, 0, 2), (2, 0, 3, 1), (1, 2, 0, 3), (2, 0, 3, 1), (1, 3, 2, 0), (2, 0, 3, 1), (1, 3, 0, 2), (2, 3, 0, 1), (2, 0, 3, 1), (0, 1, 3, 2), (0, 3, 1, 2)])
(n=4, r=1, p=3) near-kernel element: Garside length 24, Garside form (0, [(1, 3, 0, 2), (2, 0, 3, 1), (3, 1, 0, 2), (2, 0, 3, 1), (1, 3, 0, 2), (2, 3, 0, 1), (2, 0, 3, 1), (1, 2, 0, 3), (2, 0, 3, 1), (3, 1, 2, 0), (3, 1, 2, 0), (1, 3, 2, 0), (2, 0, 3, 1), (1, 3, 0, 2), (2, 0, 3, 1), (0, 3, 1, 2), (2, 0, 3, 1), (1, 0, 3, 2), (1, 3, 2, 0), (2, 0, 3, 1), (1, 3, 0, 2), (0, 2, 1, 3), (0, 2, 1, 3), (0, 2, 3, 1)])
(n=4, r=1, p=3) near-kernel element: Garside length 24, Garside form (0, [(2, 0, 3, 1), (1, 3, 0, 2), (2, 0, 3, 1), (0, 3, 1, 2), (2, 0, 3, 1), (1, 0, 3, 2), (1, 3, 2, 0), (2, 0, 3, 1), (1, 3, 0, 2), (0, 2, 1, 3), (0, 2, 1, 3), (2, 0, 3, 1), (0, 3, 1, 2), (2, 0, 3, 1), (3, 1, 0, 2), (2, 0, 3, 1), (1, 3, 0, 2), (2, 3, 0, 1), (2, 0, 3, 1), (1, 2, 0, 3), (2, 0, 3, 1), (3, 1, 2, 0), (3, 1, 2, 0), (1, 3, 2, 0)])
Selected 9445 braids of length 24:
     bucket  count  length  projlen  rhogap/length  reservoir_count
0   (24, 1)     38      24        1       0.000000               38
1   (24, 3)    207      24        3       0.041667              207
2   (24, 4)    171      24        4       0.062500              171
3   (24, 5)    516      24        5       0.083333              516
4   (24, 6)    477      24        6       0.104167              477
5   (24, 7)   1496      24        7       0.125000             1496
6   (24, 8)   1142      24        8       0.145833             1142
7   (24, 9)   3000      24        9       0.166667             3686
8  (24, 10)   2398      24       10       0.187500             2398

Moving braids forward by 1 GNF letters...
   Done in 2.10 seconds.
