Representation: Two-rowed representation (3, 1) of B4, over F3
Tracker initialised with bucket size 3000, random seed 4.
Bootstrapping up to Garside length 4 (5,528 braids)...
Bootstrapping took 0.37 seconds
Initial buckets:
     bucket  count  length  projlen  rhogap/length  reservoir_count
14   (1, 3)     10       1        3       1.000000               10
8    (1, 4)     12       1        4       1.500000               12
13   (2, 5)     56       2        5       1.000000               56
9    (2, 6)     76       2        6       1.250000               76
3    (2, 7)     32       2        7       1.500000               32
5    (3, 7)    270       3        7       1.000000              270
1    (3, 8)    364       3        8       1.166667              364
10   (3, 9)    288       3        9       1.333333              288
7   (3, 10)     60       3       10       1.500000               60
11   (4, 8)      4       4        8       0.875000                4
4    (4, 9)   1252       4        9       1.000000             1252
0   (4, 10)   1672       4       10       1.125000             1672
12  (4, 11)   1784       4       11       1.250000             1784
6   (4, 12)    700       4       12       1.375000              700
2   (4, 13)    116       4       13       1.500000              116

Proceeding on to search in 1 seconds...

------- Length 4
Selected 5528 braids of length 4:
    bucket  count  length  projlen  rhogap/length  reservoir_count
0   (4, 8)      4       4        8          0.875                4
1   (4, 9)   1252       4        9          1.000             1252
2  (4, 10)   1672       4       10          1.125             1672
3  (4, 11)   1784       4       11          1.250             1784
4  (4, 12)    700       4       12          1.375              700
5  (4, 13)    116       4       13          1.500              116

Moving braids forward by 1 GNF letters...
   Done in 1.20 seconds.

------- Length 5
Selected 9064 braids of length 5:
    bucket  count  length  projlen  rhogap/length  reservoir_count
0  (5, 10)     64       5       10            0.9               64
1  (5, 11)   3000       5       11            1.0             5770
2  (5, 12)   3000       5       12            1.1             7644
3  (5, 13)   3000       5       13            1.2             9860

Moving braids forward by 1 GNF letters...
   Done in 1.84 seconds.

------- Length 6
Selected 9471 braids of length 6:
    bucket  count  length  projlen  rhogap/length  reservoir_count
0  (6, 11)     50       6       11       0.833333               50
1  (6, 12)    421       6       12       0.916667              421
2  (6, 13)   3000       6       13       1.000000            13407
3  (6, 14)   3000       6       14       1.083333            14782
4  (6, 15)   3000       6       15       1.166667            16700

Moving braids forward by 1 GNF letters...
   Done in 1.87 seconds.

------- Length 7
Selected 8503 braids of length 7:
    bucket  count  length  projlen  rhogap/length  reservoir_count
0  (7, 12)     56       7       12       0.785714               56
1  (7, 13)    531       7       13       0.857143              531
2  (7, 14)   1916       7       14       0.928571             1916
3  (7, 15)   3000       7       15       1.000000            14373
4  (7, 16)   3000       7       16       1.071429            14349

Moving braids forward by 1 GNF letters...
   Done in 1.80 seconds.

------- Length 8
Selected 9573 braids of length 8:
    bucket  count  length  projlen  rhogap/length  reservoir_count
0  (8, 13)    104       8       13         0.7500              104
1  (8, 14)    469       8       14         0.8125              469
2  (8, 15)   3000       8       15         0.8750             3332
3  (8, 16)   3000       8       16         0.9375             8050
4  (8, 17)   3000       8       17         1.0000            17303

Moving braids forward by 1 GNF letters...
   Done in 2.06 seconds.

------- Length 9
Selected 9854 braids of length 9:
    bucket  count  length  projlen  rhogap/length  reservoir_count
0  (9, 14)    176       9       14       0.722222              176
1  (9, 15)    876       9       15       0.777778              876
2  (9, 16)   2802       9       16       0.833333             2802
3  (9, 17)   3000       9       17       0.888889            13662
4  (9, 18)   3000       9       18       0.944444            17136

Moving braids forward by 1 GNF letters...
   Done in 2.14 seconds.

------- Length 10
Selected 8063 braids of length 10:
     bucket  count  length  projlen  rhogap/length  reservoir_count
0  (10, 14)     82      10       14           0.65               82
1  (10, 15)    346      10       15           0.70              346
2  (10, 16)   1635      10       16           0.75             1635
3  (10, 17)   3000      10       17           0.80             5258
4  (10, 18)   3000      10       18           0.85            11739

Moving braids forward by 1 GNF letters...
   Done in 1.90 seconds.

------- Length 11
Selected 7585 braids of length 11:
     bucket  count  length  projlen  rhogap/length  reservoir_count
0  (11, 14)     34      11       14       0.590909               34
1  (11, 15)    372      11       15       0.636364              372
2  (11, 16)   1179      11       16       0.681818             1179
3  (11, 17)   3000      11       17       0.727273             3422
4  (11, 18)   3000      11       18       0.772727             8127

Moving braids forward by 1 GNF letters...
   Done in 1.86 seconds.

------- Length 12
Selected 7464 braids of length 12:
     bucket  count  length  projlen  rhogap/length  reservoir_count
0  (12, 14)     45      12       14       0.541667               45
1  (12, 15)    306      12       15       0.583333              306
2  (12, 16)   1113      12       16       0.625000             1113
3  (12, 17)   3000      12       17       0.666667             3705
4  (12, 18)   3000      12       18       0.708333             7148

Moving braids forward by 1 GNF letters...
   Done in 1.81 seconds.

------- Length 13
Selected 7393 braids of length 13:
     bucket  count  length  projlen  rhogap/length  reservoir_count
0  (13, 14)     10      13       14       0.500000               10
1  (13, 15)    257      13       15       0.538462              257
2  (13, 16)   1126      13       16       0.576923             1126
3  (13, 17)   3000      13       17       0.615385             3460
4  (13, 18)   3000      13       18       0.653846             7109

Moving braids forward by 1 GNF letters...
   Done in 1.80 seconds.

------- Length 14
Selected 7209 braids of length 14:
     bucket  count  length  projlen  rhogap/length  reservoir_count
0  (14, 14)     17      14       14       0.464286               17
1  (14, 15)    182      14       15       0.500000              182
2  (14, 16)   1010      14       16       0.535714             1010
3  (14, 17)   3000      14       17       0.571429             3102
4  (14, 18)   3000      14       18       0.607143             7011

Moving braids forward by 1 GNF letters...
   Done in 1.77 seconds.

------- Length 15
Selected 7124 braids of length 15:
     bucket  count  length  projlen  rhogap/length  reservoir_count
0  (15, 14)     16      15       14       0.433333               16
1  (15, 15)    221      15       15       0.466667              221
2  (15, 16)    887      15       16       0.500000              887
3  (15, 17)   3000      15       17       0.533333             3260
4  (15, 18)   3000      15       18       0.566667             6566

Moving braids forward by 1 GNF letters...
   Done in 1.77 seconds.

------- Length 16
Selected 7168 braids of length 16:
     bucket  count  length  projlen  rhogap/length  reservoir_count
0  (16, 13)      5      16       13        0.37500                5
1  (16, 14)     24      16       14        0.40625               24
2  (16, 15)    333      16       15        0.43750              333
3  (16, 16)    806      16       16        0.46875              806
4  (16, 17)   3000      16       17        0.50000             3195
5  (16, 18)   3000      16       18        0.53125             6250

Moving braids forward by 1 GNF letters...
   Done in 1.77 seconds.

------- Length 17
Selected 7592 braids of length 17:
     bucket  count  length  projlen  rhogap/length  reservoir_count
0  (17, 13)     16      17       13       0.352941               16
1  (17, 14)     59      17       14       0.382353               59
2  (17, 15)    443      17       15       0.411765              443
3  (17, 16)   1074      17       16       0.441176             1074
4  (17, 17)   3000      17       17       0.470588             3580
5  (17, 18)   3000      17       18       0.500000             6158

Moving braids forward by 1 GNF letters...
   Done in 1.86 seconds.

------- Length 18
Selected 8369 braids of length 18:
     bucket  count  length  projlen  rhogap/length  reservoir_count
0  (18, 11)      5      18       11       0.277778                5
1  (18, 12)     22      18       12       0.305556               22
2  (18, 13)     92      18       13       0.333333               92
3  (18, 14)    168      18       14       0.361111              168
4  (18, 15)    658      18       15       0.388889              658
5  (18, 16)   1424      18       16       0.416667             1424
6  (18, 17)   3000      18       17       0.444444             4216
7  (18, 18)   3000      18       18       0.472222             7268

Moving braids forward by 1 GNF letters...
   Done in 2.10 seconds.

------- Length 19
Selected 7544 braids of length 19:
     bucket  count  length  projlen  rhogap/length  reservoir_count
0  (19, 10)     12      19       10       0.236842               12
1  (19, 11)     65      19       11       0.263158               65
2  (19, 12)    107      19       12       0.289474              107
3  (19, 13)    381      19       13       0.315789              381
4  (19, 14)    427      19       14       0.342105              427
5  (19, 15)   1266      19       15       0.368421             1266
6  (19, 16)   2286      19       16       0.394737             2286
7  (19, 17)   3000      19       17       0.421053             5056

Moving braids forward by 1 GNF letters...
   Done in 1.93 seconds.

------- Length 20
Selected 8087 braids of length 20:
     bucket  count  length  projlen  rhogap/length  reservoir_count
0   (20, 8)      3      20        8          0.175                3
1   (20, 9)     29      20        9          0.200               29
2  (20, 10)     42      20       10          0.225               42
3  (20, 11)    201      20       11          0.250              201
4  (20, 12)    237      20       12          0.275              237
5  (20, 13)    894      20       13          0.300              894
6  (20, 14)    893      20       14          0.325              893
7  (20, 15)   2788      20       15          0.350             2788
8  (20, 16)   3000      20       16          0.375             3907

Moving braids forward by 1 GNF letters...
   Done in 1.91 seconds.

------- Length 21
Selected 7469 braids of length 21:
     bucket  count  length  projlen  rhogap/length  reservoir_count
0   (21, 7)     36      21        7       0.142857               36
1   (21, 8)     13      21        8       0.166667               13
2   (21, 9)    207      21        9       0.190476              207
3  (21, 10)    132      21       10       0.214286              132
4  (21, 11)    465      21       11       0.238095              465
5  (21, 12)    377      21       12       0.261905              377
6  (21, 13)   1538      21       13       0.285714             1538
7  (21, 14)   1701      21       14       0.309524             1701
8  (21, 15)   3000      21       15       0.333333             5360

Moving braids forward by 1 GNF letters...
   Done in 1.73 seconds.

------- Length 22
Selected 8746 braids of length 22:
     bucket  count  length  projlen  rhogap/length  reservoir_count
0   (22, 5)     39      22        5       0.090909               39
1   (22, 6)     18      22        6       0.113636               18
2   (22, 7)    229      22        7       0.136364              229
3   (22, 8)    167      22        8       0.159091              167
4   (22, 9)    499      22        9       0.181818              499
5  (22, 10)    359      22       10       0.204545              359
6  (22, 11)   1232      22       11       0.227273             1232
7  (22, 12)   1016      22       12       0.250000             1016
8  (22, 13)   2899      22       13       0.272727             2899
9  (22, 14)   2288      22       14       0.295455             2288

Moving braids forward by 1 GNF letters...
   Done in 2.00 seconds.

------- Length 23
Selected 9063 braids of length 23:
     bucket  count  length  projlen  rhogap/length  reservoir_count
0   (23, 3)     44      23        3       0.043478               44
1   (23, 4)     14      23        4       0.065217               14
2   (23, 5)    262      23        5       0.086957              262
3   (23, 6)    184      23        6       0.108696              184
4   (23, 7)    593      23        7       0.130435              593
5   (23, 8)    423      23        8       0.152174              423
6   (23, 9)   1485      23        9       0.173913             1485
7  (23, 10)   1081      23       10       0.195652             1081
8  (23, 11)   3000      23       11       0.217391             3038
9  (23, 12)   1977      23       12       0.239130             1977

Moving braids forward by 1 GNF letters...
   Done in 2.13 seconds.

------- Length 24
Found kernel elements:
(n=4, r=1, p=3) near-kernel element: Garside length 24, Garside form (0, [(2, 0, 3, 1), (1, 3, 0, 2), (2, 0, 3, 1), (0, 3, 1, 2), (2, 0, 3, 1), (1, 3, 2, 0), (3, 2, 0, 1), (2, 0, 3, 1), (1, 3, 0, 2), (0, 2, 1, 3), (2, 0, 3, 1), (1, 2, 0, 3), (2, 0, 3, 1), (1, 3, 2, 0), (2, 0, 3, 1), (1, 0, 3, 2), (1, 3, 2, 0), (2, 3, 0, 1), (0, 2, 3, 1), (0, 3, 1, 2), (2, 0, 3, 1), (3, 1, 0, 2), (2, 0, 3, 1), (1, 3, 0, 2)])
(n=4, r=1, p=3) near-kernel element: Garside length 24, Garside form (0, [(2, 0, 3, 1), (1, 3, 0, 2), (2, 0, 3, 1), (1, 2, 0, 3), (2, 0, 3, 1), (3, 1, 0, 2), (2, 3, 1, 0), (2, 0, 3, 1), (1, 3, 0, 2), (0, 2, 1, 3), (2, 0, 3, 1), (0, 3, 1, 2), (2, 0, 3, 1), (3, 1, 0, 2), (2, 0, 3, 1), (1, 0, 3, 2), (3, 1, 0, 2), (2, 3, 0, 1), (2, 0, 1, 3), (1, 2, 0, 3), (2, 0, 3, 1), (1, 3, 2, 0), (2, 0, 3, 1), (1, 3, 0, 2)])
(n=4, r=1, p=3) near-kernel element: Garside length 24, Garside form (0, [(1, 2, 0, 3), (2, 3, 0, 1), (2, 0, 3, 1), (3, 1, 0, 2), (2, 0, 3, 1), (1, 3, 0, 2), (2, 0, 3, 1), (0, 3, 1, 2), (2, 0, 3, 1), (3, 1, 0, 2), (2, 3, 1, 0), (3, 2, 0, 1), (2, 3, 1, 0), (2, 0, 3, 1), (1, 3, 0, 2), (2, 0, 3, 1), (1, 2, 0, 3), (2, 0, 3, 1), (1, 3, 2, 0), (2, 0, 3, 1), (1, 3, 0, 2), (2, 3, 0, 1), (2, 0, 3, 1), (0, 1, 3, 2)])
(n=4, r=1, p=3) near-kernel element: Garside length 24, Garside form (0, [(0, 3, 1, 2), (2, 3, 0, 1), (2, 0, 3, 1), (1, 3, 2, 0), (2, 0, 3, 1), (1, 3, 0, 2), (2, 0, 3, 1), (1, 2, 0, 3), (2, 0, 3, 1), (1, 3, 2, 0), (3, 2, 0, 1), (2, 3, 1, 0), (3, 2, 0, 1), (2, 0, 3, 1), (1, 3, 0, 2), (2, 0, 3, 1), (0, 3, 1, 2), (2, 0, 3, 1), (3, 1, 0, 2), (2, 0, 3, 1), (1, 3, 0, 2), (2, 3, 0, 1), (2, 0, 3, 1), (1, 0, 2, 3)])
(n=4, r=1, p=3) near-kernel element: Garside length 24, Garside form (0, [(2, 0, 3, 1), (0, 3, 1, 2), (2, 0, 3, 1), (3, 1, 0, 2), (2, 0, 3, 1), (1, 3, 0, 2), (2, 3, 0, 1), (2, 0, 3, 1), (1, 2, 0, 3), (2, 0, 3, 1), (3, 1, 2, 0), (3, 1, 2, 0), (1, 3, 2, 0), (2, 0, 3, 1), (1, 3, 0, 2), (2, 0, 3, 1), (0, 3, 1, 2), (2, 0, 3, 1), (1, 0, 3, 2), (1, 3, 2, 0), (2, 0, 3, 1), (1, 3, 0, 2), (0, 2, 1, 3), (0, 2, 1, 3)])
(n=4, r=1, p=3) near-kernel element: Garside length 24, Garside form (0, [(2, 0, 3, 1), (1, 2, 0, 3), (2, 0, 3, 1), (1, 3, 2, 0), (2, 0, 3, 1), (1, 3, 0, 2), (2, 3, 0, 1), (2, 0, 3, 1), (0, 3, 1, 2), (2, 0, 3, 1), (3, 1, 2, 0), (3, 1, 2, 0), (3, 1, 0, 2), (2, 0, 3, 1), (1, 3, 0, 2), (2, 0, 3, 1), (1, 2, 0, 3), (2, 0, 3, 1), (1, 0, 3, 2), (3, 1, 0, 2), (2, 0, 3, 1), (1, 3, 0, 2), (0, 2, 1, 3), (0, 2, 1, 3)])
(n=4, r=1, p=3) near-kernel element: Garside length 24, Garside form (0, [(0, 3, 1, 2), (2, 0, 3, 1), (1, 3, 2, 0), (2, 0, 3, 1), (1, 3, 0, 2), (2, 0, 3, 1), (0, 3, 1, 2), (2, 0, 3, 1), (1, 0, 3, 2), (1, 3, 2, 0), (3, 2, 0, 1), (2, 0, 3, 1), (1, 0, 3, 2), (1, 3, 0, 2), (2, 0, 3, 1), (1, 2, 0, 3), (2, 0, 3, 1), (3, 1, 0, 2), (2, 0, 3, 1), (1, 3, 0, 2), (2, 0, 3, 1), (1, 0, 2, 3), (1, 0, 2, 3), (1, 0, 2, 3)])
(n=4, r=1, p=3) near-kernel element: Garside length 24, Garside form (0, [(1, 2, 0, 3), (2, 0, 3, 1), (1, 3, 2, 0), (2, 0, 3, 1), (1, 3, 0, 2), (2, 3, 0, 1), (2, 0, 3, 1), (0, 3, 1, 2), (2, 0, 3, 1), (3, 1, 2, 0), (3, 1, 2, 0), (3, 1, 0, 2), (2, 0, 3, 1), (1, 3, 0, 2), (2, 0, 3, 1), (1, 2, 0, 3), (2, 0, 3, 1), (1, 0, 3, 2), (3, 1, 0, 2), (2, 0, 3, 1), (1, 3, 0, 2), (0, 2, 1, 3), (0, 2, 1, 3), (2, 0, 3, 1)])
(n=4, r=1, p=3) near-kernel element: Garside length 24, Garside form (0, [(1, 0, 3, 2), (1, 3, 0, 2), (2, 0, 3, 1), (0, 3, 1, 2), (2, 0, 3, 1), (1, 3, 2, 0), (2, 0, 3, 1), (1, 3, 0, 2), (2, 0, 3, 1), (0, 1, 3, 2), (0, 1, 3, 2), (0, 1, 3, 2), (0, 3, 1, 2), (2, 0, 3, 1), (1, 3, 2, 0), (2, 0, 3, 1), (1, 3, 0, 2), (2, 0, 3, 1), (0, 3, 1, 2), (2, 0, 3, 1), (1, 0, 3, 2), (1, 3, 2, 0), (3, 2, 0, 1), (2, 0, 3, 1)])
(n=4, r=1, p=3) near-kernel element: Garside length 24, Garside form (0, [(1, 0, 3, 2), (1, 3, 0, 2), (2, 0, 3, 1), (1, 2, 0, 3), (2, 0, 3, 1), (3, 1, 0, 2), (2, 0, 3, 1), (1, 3, 0, 2), (2, 0, 3, 1), (1, 0, 2, 3), (1, 0, 2, 3), (1, 0, 2, 3), (1, 2, 0, 3), (2, 0, 3, 1), (3, 1, 0, 2), (2, 0, 3, 1), (1, 3, 0, 2), (2, 0, 3, 1), (1, 2, 0, 3), (2, 0, 3, 1), (1, 0, 3, 2), (3, 1, 0, 2), (2, 3, 1, 0), (2, 0, 3, 1)])
(n=4, r=1, p=3) near-kernel element: Garside length 24, Garside form (0, [(3, 1, 2, 0), (1, 3, 0, 2), (2, 0, 3, 1), (0, 3, 1, 2), (2, 0, 3, 1), (1, 3, 2, 0), (2, 0, 3, 1), (1, 0, 3, 2), (1, 3, 0, 2), (2, 3, 0, 1), (2, 0, 3, 1), (1, 2, 0, 3), (0, 2, 1, 3), (2, 0, 3, 1), (3, 1, 0, 2), (2, 0, 3, 1), (1, 3, 0, 2), (2, 0, 3, 1), (0, 3, 1, 2), (2, 3, 0, 1), (2, 0, 3, 1), (1, 0, 3, 2), (1, 3, 2, 0), (2, 0, 3, 1)])
(n=4, r=1, p=3) near-kernel element: Garside length 24, Garside form (0, [(3, 1, 2, 0), (1, 3, 0, 2), (2, 0, 3, 1), (1, 2, 0, 3), (2, 0, 3, 1), (3, 1, 0, 2), (2, 0, 3, 1), (1, 0, 3, 2), (1, 3, 0, 2), (2, 3, 0, 1), (2, 0, 3, 1), (0, 3, 1, 2), (0, 2, 1, 3), (2, 0, 3, 1), (1, 3, 2, 0), (2, 0, 3, 1), (1, 3, 0, 2), (2, 0, 3, 1), (1, 2, 0, 3), (2, 3, 0, 1), (2, 0, 3, 1), (1, 0, 3, 2), (3, 1, 0, 2), (2, 0, 3, 1)])
(n=4, r=1, p=3) near-kernel element: Garside length 24, Garside form (0, [(1, 3, 0, 2), (2, 3, 0, 1), (2, 0, 3, 1), (0, 3, 1, 2), (2, 0, 3, 1), (3, 1, 0, 2), (2, 0, 3, 1), (1, 3, 0, 2), (0, 2, 1, 3), (2, 0, 3, 1), (1, 2, 0, 3), (2, 3, 0, 1), (2, 0, 3, 1), (1, 0, 3, 2), (1, 3, 2, 0), (2, 0, 3, 1), (1, 3, 0, 2), (2, 0, 3, 1), (0, 3, 1, 2), (2, 0, 3, 1), (3, 1, 2, 0), (1, 3, 2, 0), (2, 0, 3, 1), (1, 0, 3, 2)])
(n=4, r=1, p=3) near-kernel element: Garside length 24, Garside form (0, [(3, 1, 2, 0), (1, 3, 0, 2), (2, 0, 3, 1), (1, 2, 0, 3), (2, 0, 3, 1), (3, 1, 0, 2), (2, 3, 1, 0), (2, 0, 3, 1), (3, 1, 2, 0), (1, 3, 0, 2), (2, 0, 3, 1), (1, 2, 0, 3), (2, 0, 3, 1), (3, 1, 0, 2), (2, 3, 1, 0), (2, 0, 3, 1), (3, 1, 2, 0), (1, 3, 0, 2), (2, 0, 3, 1), (1, 2, 0, 3), (2, 0, 3, 1), (3, 1, 0, 2), (2, 3, 1, 0), (2, 0, 3, 1)])
(n=4, r=1, p=3) near-kernel element: Garside length 24, Garside form (0, [(1, 0, 3, 2), (1, 3, 0, 2), (2, 3, 0, 1), (2, 0, 3, 1), (1, 2, 0, 3), (2, 0, 3, 1), (1, 3, 2, 0), (2, 0, 3, 1), (1, 3, 0, 2), (0, 2, 1, 3), (2, 0, 3, 1), (0, 3, 1, 2), (2, 3, 0, 1), (2, 0, 3, 1), (1, 0, 3, 2), (3, 1, 0, 2), (2, 0, 3, 1), (1, 3, 0, 2), (2, 0, 3, 1), (1, 2, 0, 3), (2, 0, 3, 1), (3, 1, 2, 0), (3, 1, 0, 2), (2, 0, 3, 1)])
(n=4, r=1, p=3) near-kernel element: Garside length 24, Garside form (0, [(1, 3, 2, 0), (2, 0, 3, 1), (3, 1, 2, 0), (1, 3, 0, 2), (2, 0, 3, 1), (0, 3, 1, 2), (2, 0, 3, 1), (1, 3, 2, 0), (2, 0, 3, 1), (1, 0, 3, 2), (1, 3, 0, 2), (2, 3, 0, 1), (2, 0, 3, 1), (1, 2, 0, 3), (0, 2, 1, 3), (2, 0, 3, 1), (3, 1, 0, 2), (2, 0, 3, 1), (1, 3, 0, 2), (2, 0, 3, 1), (0, 3, 1, 2), (2, 3, 0, 1), (2, 0, 3, 1), (1, 0, 3, 2)])
(n=4, r=1, p=3) near-kernel element: Garside length 24, Garside form (0, [(1, 3, 2, 0), (2, 0, 3, 1), (1, 3, 0, 2), (2, 0, 3, 1), (0, 3, 1, 2), (2, 0, 3, 1), (1, 0, 3, 2), (1, 3, 2, 0), (2, 0, 3, 1), (1, 3, 0, 2), (0, 2, 1, 3), (0, 2, 1, 3), (2, 0, 3, 1), (0, 3, 1, 2), (2, 0, 3, 1), (3, 1, 0, 2), (2, 0, 3, 1), (1, 3, 0, 2), (2, 3, 0, 1), (2, 0, 3, 1), (1, 2, 0, 3), (2, 0, 3, 1), (3, 1, 2, 0), (3, 1, 2, 0)])
(n=4, r=1, p=3) near-kernel element: Garside length 24, Garside form (0, [(1, 3, 2, 0), (2, 0, 3, 1), (1, 3, 0, 2), (2, 0, 3, 1), (1, 0, 2, 3), (1, 2, 0, 3), (2, 0, 3, 1), (3, 1, 2, 0), (3, 1, 0, 2), (2, 0, 3, 1), (1, 3, 0, 2), (2, 0, 3, 1), (1, 2, 0, 3), (2, 3, 0, 1), (2, 0, 3, 1), (1, 3, 2, 0), (3, 0, 2, 1), (1, 0, 3, 2), (0, 3, 1, 2), (2, 0, 3, 1), (0, 3, 1, 2), (2, 0, 3, 1), (1, 3, 0, 2), (2, 0, 3, 1)])
(n=4, r=1, p=3) near-kernel element: Garside length 24, Garside form (0, [(1, 3, 0, 2), (2, 0, 3, 1), (3, 1, 0, 2), (2, 0, 3, 1), (1, 3, 0, 2), (2, 0, 3, 1), (1, 2, 0, 3), (2, 0, 3, 1), (1, 0, 3, 2), (3, 1, 0, 2), (2, 3, 1, 0), (2, 0, 3, 1), (1, 0, 3, 2), (1, 3, 0, 2), (2, 0, 3, 1), (0, 3, 1, 2), (2, 0, 3, 1), (1, 3, 2, 0), (2, 0, 3, 1), (1, 3, 0, 2), (0, 2, 3, 1), (0, 1, 3, 2), (0, 1, 3, 2), (0, 1, 3, 2)])
(n=4, r=1, p=3) near-kernel element: Garside length 24, Garside form (0, [(1, 3, 0, 2), (2, 0, 3, 1), (1, 3, 2, 0), (2, 0, 3, 1), (1, 3, 0, 2), (2, 0, 3, 1), (0, 3, 1, 2), (2, 0, 3, 1), (1, 0, 3, 2), (1, 3, 2, 0), (3, 2, 0, 1), (2, 0, 3, 1), (1, 0, 3, 2), (1, 3, 0, 2), (2, 0, 3, 1), (1, 2, 0, 3), (2, 0, 3, 1), (3, 1, 0, 2), (2, 0, 3, 1), (1, 3, 0, 2), (2, 0, 1, 3), (1, 0, 2, 3), (1, 0, 2, 3), (1, 0, 2, 3)])
(n=4, r=1, p=3) near-kernel element: Garside length 24, Garside form (0, [(2, 0, 3, 1), (1, 3, 0, 2), (2, 0, 3, 1), (0, 3, 1, 2), (2, 0, 3, 1), (3, 1, 0, 2), (2, 0, 3, 1), (1, 3, 0, 2), (2, 3, 0, 1), (2, 0, 3, 1), (1, 0, 2, 3), (1, 2, 0, 3), (2, 3, 0, 1), (2, 0, 3, 1), (3, 1, 0, 2), (2, 0, 3, 1), (1, 3, 0, 2), (2, 0, 3, 1), (0, 3, 1, 2), (2, 0, 3, 1), (3, 1, 0, 2), (2, 3, 1, 0), (3, 2, 0, 1), (2, 3, 1, 0)])
(n=4, r=1, p=3) near-kernel element: Garside length 24, Garside form (0, [(2, 0, 3, 1), (3, 1, 0, 2), (2, 0, 3, 1), (3, 1, 0, 2), (2, 3, 0, 1), (2, 0, 1, 3), (1, 2, 0, 3), (2, 0, 3, 1), (1, 0, 3, 2), (1, 3, 2, 0), (2, 0, 3, 1), (1, 3, 0, 2), (2, 0, 3, 1), (1, 2, 0, 3), (0, 2, 1, 3), (2, 0, 3, 1), (3, 1, 0, 2), (2, 3, 1, 0), (2, 0, 3, 1), (1, 3, 0, 2), (2, 0, 3, 1), (0, 3, 1, 2), (2, 0, 3, 1), (1, 3, 0, 2)])
(n=4, r=1, p=3) near-kernel element: Garside length 24, Garside form (0, [(2, 0, 3, 1), (3, 1, 0, 2), (2, 0, 3, 1), (1, 0, 3, 2), (1, 3, 0, 2), (2, 0, 3, 1), (1, 2, 0, 3), (2, 0, 3, 1), (3, 1, 0, 2), (2, 0, 3, 1), (3, 1, 2, 0), (3, 1, 2, 0), (1, 3, 0, 2), (2, 0, 3, 1), (0, 3, 1, 2), (2, 3, 0, 1), (2, 0, 3, 1), (1, 3, 2, 0), (2, 0, 3, 1), (1, 3, 0, 2), (2, 0, 3, 1), (1, 2, 0, 3), (0, 2, 1, 3), (0, 2, 1, 3)])
(n=4, r=1, p=3) near-kernel element: Garside length 24, Garside form (0, [(2, 0, 3, 1), (1, 3, 2, 0), (2, 0, 3, 1), (1, 3, 0, 2), (2, 0, 3, 1), (1, 0, 2, 3), (1, 2, 0, 3), (2, 0, 3, 1), (3, 1, 2, 0), (3, 1, 0, 2), (2, 0, 3, 1), (1, 3, 0, 2), (2, 0, 3, 1), (1, 2, 0, 3), (2, 3, 0, 1), (2, 0, 3, 1), (1, 3, 2, 0), (3, 0, 2, 1), (1, 0, 3, 2), (0, 3, 1, 2), (2, 0, 3, 1), (0, 3, 1, 2), (2, 0, 3, 1), (1, 3, 0, 2)])
(n=4, r=1, p=3) near-kernel element: Garside length 24, Garside form (0, [(2, 0, 3, 1), (3, 1, 0, 2), (2, 0, 3, 1), (1, 3, 0, 2), (2, 0, 3, 1), (0, 1, 3, 2), (0, 3, 1, 2), (2, 0, 3, 1), (3, 1, 2, 0), (1, 3, 2, 0), (2, 0, 3, 1), (1, 3, 0, 2), (2, 0, 3, 1), (0, 3, 1, 2), (2, 3, 0, 1), (2, 0, 3, 1), (3, 1, 0, 2), (2, 1, 3, 0), (1, 0, 3, 2), (1, 2, 0, 3), (2, 0, 3, 1), (1, 2, 0, 3), (2, 0, 3, 1), (1, 3, 0, 2)])
(n=4, r=1, p=3) near-kernel element: Garside length 24, Garside form (0, [(1, 0, 3, 2), (0, 3, 1, 2), (2, 0, 3, 1), (1, 3, 2, 0), (2, 0, 3, 1), (1, 3, 0, 2), (2, 0, 3, 1), (0, 3, 1, 2), (2, 0, 3, 1), (1, 0, 3, 2), (1, 3, 2, 0), (3, 2, 0, 1), (2, 0, 3, 1), (1, 0, 3, 2), (1, 3, 0, 2), (2, 0, 3, 1), (1, 2, 0, 3), (2, 0, 3, 1), (3, 1, 0, 2), (2, 0, 3, 1), (1, 3, 0, 2), (2, 0, 1, 3), (1, 0, 2, 3), (1, 0, 2, 3)])
(n=4, r=1, p=3) near-kernel element: Garside length 24, Garside form (0, [(1, 0, 3, 2), (1, 2, 0, 3), (2, 0, 3, 1), (3, 1, 0, 2), (2, 0, 3, 1), (1, 3, 0, 2), (2, 0, 3, 1), (1, 2, 0, 3), (2, 0, 3, 1), (1, 0, 3, 2), (3, 1, 0, 2), (2, 3, 1, 0), (2, 0, 3, 1), (1, 0, 3, 2), (1, 3, 0, 2), (2, 0, 3, 1), (0, 3, 1, 2), (2, 0, 3, 1), (1, 3, 2, 0), (2, 0, 3, 1), (1, 3, 0, 2), (0, 2, 3, 1), (0, 1, 3, 2), (0, 1, 3, 2)])
(n=4, r=1, p=3) near-kernel element: Garside length 24, Garside form (0, [(3, 2, 0, 1), (2, 0, 3, 1), (1, 3, 0, 2), (2, 0, 3, 1), (0, 3, 1, 2), (2, 0, 3, 1), (3, 1, 0, 2), (2, 0, 3, 1), (1, 3, 0, 2), (2, 3, 0, 1), (2, 0, 3, 1), (1, 0, 2, 3), (1, 2, 0, 3), (2, 3, 0, 1), (2, 0, 3, 1), (3, 1, 0, 2), (2, 0, 3, 1), (1, 3, 0, 2), (2, 0, 3, 1), (0, 3, 1, 2), (2, 0, 3, 1), (3, 1, 0, 2), (2, 3, 1, 0), (3, 2, 0, 1)])
(n=4, r=1, p=3) near-kernel element: Garside length 24, Garside form (0, [(2, 0, 3, 1), (3, 1, 0, 2), (2, 3, 1, 0), (2, 0, 3, 1), (1, 3, 0, 2), (2, 0, 3, 1), (0, 3, 1, 2), (2, 0, 3, 1), (1, 3, 0, 2), (2, 0, 3, 1), (3, 1, 0, 2), (2, 0, 3, 1), (3, 1, 0, 2), (2, 3, 0, 1), (2, 0, 1, 3), (1, 2, 0, 3), (2, 0, 3, 1), (1, 0, 3, 2), (1, 3, 2, 0), (2, 0, 3, 1), (1, 3, 0, 2), (2, 0, 3, 1), (1, 2, 0, 3), (0, 2, 1, 3)])
(n=4, r=1, p=3) near-kernel element: Garside length 24, Garside form (0, [(2, 0, 3, 1), (1, 0, 3, 2), (1, 3, 2, 0), (2, 0, 3, 1), (1, 3, 0, 2), (2, 0, 3, 1), (0, 3, 1, 2), (2, 0, 3, 1), (3, 1, 2, 0), (1, 3, 2, 0), (2, 0, 3, 1), (1, 0, 3, 2), (1, 3, 0, 2), (2, 3, 0, 1), (2, 0, 3, 1), (0, 3, 1, 2), (2, 0, 3, 1), (3, 1, 0, 2), (2, 0, 3, 1), (1, 3, 0, 2), (0, 2, 1, 3), (2, 0, 3, 1), (1, 2, 0, 3), (2, 3, 0, 1)])
(n=4, r=1, p=3) near-kernel element: Garside length 24, Garside form (0, [(2, 0, 3, 1), (3, 1, 0, 2), (2, 1, 3, 0), (1, 0, 3, 2), (1, 2, 0, 3), (2, 0, 3, 1), (1, 2, 0, 3), (2, 0, 3, 1), (1, 3, 0, 2), (2, 0, 3, 1), (3, 1, 0, 2), (2, 0, 3, 1), (1, 3, 0, 2), (2, 0, 3, 1), (0, 1, 3, 2), (0, 3, 1, 2), (2, 0, 3, 1), (3, 1, 2, 0), (1, 3, 2, 0), (2, 0, 3, 1), (1, 3, 0, 2), (2, 0, 3, 1), (0, 3, 1, 2), (2, 3, 0, 1)])
(n=4, r=1, p=3) near-kernel element: Garside length 24, Garside form (0, [(1, 3, 0, 2), (2, 0, 3, 1), (1, 3, 2, 0), (2, 0, 3, 1), (1, 3, 0, 2), (2, 0, 3, 1), (1, 0, 2, 3), (1, 2, 0, 3), (2, 0, 3, 1), (3, 1, 2, 0), (3, 1, 0, 2), (2, 0, 3, 1), (1, 3, 0, 2), (2, 0, 3, 1), (1, 2, 0, 3), (2, 3, 0, 1), (2, 0, 3, 1), (1, 3, 2, 0), (3, 0, 2, 1), (1, 0, 3, 2), (0, 3, 1, 2), (2, 0, 3, 1), (0, 3, 1, 2), (2, 0, 3, 1)])
(n=4, r=1, p=3) near-kernel element: Garside length 24, Garside form (0, [(1, 3, 0, 2), (2, 3, 0, 1), (2, 0, 3, 1), (1, 3, 2, 0), (2, 0, 3, 1), (1, 3, 0, 2), (2, 0, 3, 1), (1, 2, 0, 3), (2, 0, 3, 1), (1, 3, 2, 0), (3, 2, 0, 1), (2, 3, 1, 0), (3, 2, 0, 1), (2, 0, 3, 1), (1, 3, 0, 2), (2, 0, 3, 1), (0, 3, 1, 2), (2, 0, 3, 1), (3, 1, 0, 2), (2, 0, 3, 1), (1, 3, 0, 2), (2, 3, 0, 1), (2, 0, 1, 3), (1, 0, 2, 3)])
(n=4, r=1, p=3) near-kernel element: Garside length 24, Garside form (0, [(2, 0, 3, 1), (1, 0, 3, 2), (1, 3, 0, 2), (2, 0, 3, 1), (0, 3, 1, 2), (2, 0, 3, 1), (1, 3, 2, 0), (2, 0, 3, 1), (1, 3, 0, 2), (2, 0, 3, 1), (0, 1, 3, 2), (0, 1, 3, 2), (0, 1, 3, 2), (0, 3, 1, 2), (2, 0, 3, 1), (1, 3, 2, 0), (2, 0, 3, 1), (1, 3, 0, 2), (2, 0, 3, 1), (0, 3, 1, 2), (2, 0, 3, 1), (1, 0, 3, 2), (1, 3, 2, 0), (3, 2, 0, 1)])
(n=4, r=1, p=3) near-kernel element: Garside length 24, Garside form (0, [(2, 3, 1, 0), (3, 2, 0, 1), (2, 0, 3, 1), (1, 3, 0, 2), (2, 0, 3, 1), (0, 3, 1, 2), (2, 0, 3, 1), (3, 1, 0, 2), (2, 0, 3, 1), (1, 3, 0, 2), (2, 3, 0, 1), (2, 0, 3, 1), (1, 0, 2, 3), (1, 2, 0, 3), (2, 3, 0, 1), (2, 0, 3, 1), (3, 1, 0, 2), (2, 0, 3, 1), (1, 3, 0, 2), (2, 0, 3, 1), (0, 3, 1, 2), (2, 0, 3, 1), (3, 1, 0, 2), (2, 3, 1, 0)])
(n=4, r=1, p=3) near-kernel element: Garside length 24, Garside form (0, [(2, 3, 0, 1), (2, 0, 3, 1), (1, 0, 3, 2), (1, 3, 2, 0), (2, 0, 3, 1), (1, 3, 0, 2), (2, 0, 3, 1), (0, 3, 1, 2), (2, 0, 3, 1), (3, 1, 2, 0), (1, 3, 2, 0), (2, 0, 3, 1), (1, 0, 3, 2), (1, 3, 0, 2), (2, 3, 0, 1), (2, 0, 3, 1), (0, 3, 1, 2), (2, 0, 3, 1), (3, 1, 0, 2), (2, 0, 3, 1), (1, 3, 0, 2), (0, 2, 1, 3), (2, 0, 3, 1), (1, 2, 0, 3)])
(n=4, r=1, p=3) near-kernel element: Garside length 24, Garside form (0, [(0, 2, 1, 3), (2, 0, 3, 1), (1, 3, 2, 0), (2, 0, 3, 1), (1, 3, 0, 2), (2, 0, 3, 1), (1, 2, 0, 3), (2, 3, 0, 1), (2, 0, 3, 1), (1, 0, 3, 2), (3, 1, 0, 2), (2, 0, 3, 1), (3, 1, 2, 0), (1, 3, 0, 2), (2, 0, 3, 1), (1, 2, 0, 3), (2, 0, 3, 1), (3, 1, 0, 2), (2, 0, 3, 1), (1, 0, 3, 2), (1, 3, 0, 2), (2, 3, 0, 1), (2, 0, 3, 1), (0, 3, 1, 2)])
(n=4, r=1, p=3) near-kernel element: Garside length 24, Garside form (0, [(0, 2, 1, 3), (2, 0, 3, 1), (3, 1, 0, 2), (2, 0, 3, 1), (1, 3, 0, 2), (2, 0, 3, 1), (0, 3, 1, 2), (2, 3, 0, 1), (2, 0, 3, 1), (1, 0, 3, 2), (1, 3, 2, 0), (2, 0, 3, 1), (3, 1, 2, 0), (1, 3, 0, 2), (2, 0, 3, 1), (0, 3, 1, 2), (2, 0, 3, 1), (1, 3, 2, 0), (2, 0, 3, 1), (1, 0, 3, 2), (1, 3, 0, 2), (2, 3, 0, 1), (2, 0, 3, 1), (1, 2, 0, 3)])
(n=4, r=1, p=3) near-kernel element: Garside length 24, Garside form (0, [(0, 2, 1, 3), (2, 0, 3, 1), (1, 3, 2, 0), (2, 0, 3, 1), (1, 3, 0, 2), (2, 0, 3, 1), (1, 0, 2, 3), (1, 2, 0, 3), (0, 2, 1, 3), (2, 0, 3, 1), (1, 3, 2, 0), (2, 0, 3, 1), (1, 3, 0, 2), (2, 0, 3, 1), (1, 0, 2, 3), (1, 2, 0, 3), (0, 2, 1, 3), (2, 0, 3, 1), (1, 3, 2, 0), (2, 0, 3, 1), (1, 3, 0, 2), (2, 0, 3, 1), (1, 0, 2, 3), (1, 2, 0, 3)])
(n=4, r=1, p=3) near-kernel element: Garside length 24, Garside form (0, [(2, 3, 0, 1), (2, 0, 3, 1), (1, 3, 2, 0), (2, 0, 3, 1), (1, 3, 0, 2), (2, 0, 3, 1), (1, 2, 0, 3), (2, 0, 3, 1), (1, 3, 2, 0), (3, 2, 0, 1), (2, 3, 1, 0), (3, 2, 0, 1), (2, 0, 3, 1), (1, 3, 0, 2), (2, 0, 3, 1), (0, 3, 1, 2), (2, 0, 3, 1), (3, 1, 0, 2), (2, 0, 3, 1), (1, 3, 0, 2), (2, 3, 0, 1), (2, 0, 3, 1), (1, 0, 2, 3), (1, 2, 0, 3)])
(n=4, r=1, p=3) near-kernel element: Garside length 24, Garside form (0, [(2, 3, 0, 1), (2, 0, 3, 1), (3, 1, 0, 2), (2, 0, 3, 1), (1, 3, 0, 2), (2, 0, 3, 1), (0, 3, 1, 2), (2, 0, 3, 1), (3, 1, 0, 2), (2, 3, 1, 0), (3, 2, 0, 1), (2, 3, 1, 0), (2, 0, 3, 1), (1, 3, 0, 2), (2, 0, 3, 1), (1, 2, 0, 3), (2, 0, 3, 1), (1, 3, 2, 0), (2, 0, 3, 1), (1, 3, 0, 2), (2, 3, 0, 1), (2, 0, 3, 1), (0, 1, 3, 2), (0, 3, 1, 2)])
(n=4, r=1, p=3) near-kernel element: Garside length 24, Garside form (0, [(2, 0, 3, 1), (3, 1, 2, 0), (1, 3, 0, 2), (2, 0, 3, 1), (0, 3, 1, 2), (2, 0, 3, 1), (1, 3, 2, 0), (2, 0, 3, 1), (1, 0, 3, 2), (1, 3, 0, 2), (2, 3, 0, 1), (2, 0, 3, 1), (1, 2, 0, 3), (0, 2, 1, 3), (2, 0, 3, 1), (3, 1, 0, 2), (2, 0, 3, 1), (1, 3, 0, 2), (2, 0, 3, 1), (0, 3, 1, 2), (2, 3, 0, 1), (2, 0, 3, 1), (1, 0, 3, 2), (1, 3, 2, 0)])
(n=4, r=1, p=3) near-kernel element: Garside length 24, Garside form (0, [(2, 0, 3, 1), (1, 0, 3, 2), (1, 3, 0, 2), (2, 3, 0, 1), (2, 0, 3, 1), (1, 2, 0, 3), (2, 0, 3, 1), (1, 3, 2, 0), (2, 0, 3, 1), (1, 3, 0, 2), (0, 2, 1, 3), (2, 0, 3, 1), (0, 3, 1, 2), (2, 3, 0, 1), (2, 0, 3, 1), (1, 0, 3, 2), (3, 1, 0, 2), (2, 0, 3, 1), (1, 3, 0, 2), (2, 0, 3, 1), (1, 2, 0, 3), (2, 0, 3, 1), (3, 1, 2, 0), (3, 1, 0, 2)])
Selected 9665 braids of length 24:
     bucket  count  length  projlen  rhogap/length  reservoir_count
0   (24, 1)     43      24        1       0.000000               43
1   (24, 3)    221      24        3       0.041667              221
2   (24, 4)    207      24        4       0.062500              207
3   (24, 5)    523      24        5       0.083333              523
4   (24, 6)    525      24        6       0.104167              525
5   (24, 7)   1536      24        7       0.125000             1536
6   (24, 8)   1237      24        8       0.145833             1237
7   (24, 9)   3000      24        9       0.166667             3643
8  (24, 10)   2373      24       10       0.187500             2373

Moving braids forward by 1 GNF letters...
   Done in 2.10 seconds.
